Archive member included to satisfy reference by file (symbol)

d:/gcc-arm-none-eabi/bin/../lib/gcc/arm-none-eabi/10.3.1/thumb/v7-m/nofp\libgcc.a(_arm_mulsf3.o)
                              CMakeFiles/FanSlave_code.elf.dir/function/data_type_conversion.c.obj (__aeabi_fmul)
d:/gcc-arm-none-eabi/bin/../lib/gcc/arm-none-eabi/10.3.1/thumb/v7-m/nofp\libgcc.a(_arm_cmpsf2.o)
                              CMakeFiles/FanSlave_code.elf.dir/function/data_type_conversion.c.obj (__aeabi_fcmplt)
d:/gcc-arm-none-eabi/bin/../lib/gcc/arm-none-eabi/10.3.1/thumb/v7-m/nofp\libgcc.a(_arm_fixsfsi.o)
                              CMakeFiles/FanSlave_code.elf.dir/function/data_type_conversion.c.obj (__aeabi_f2iz)
d:/gcc-arm-none-eabi/bin/../lib/gcc/arm-none-eabi/10.3.1/../../../../arm-none-eabi/lib/thumb/v7-m/nofp\libg.a(lib_a-errno.o)
                              CMakeFiles/FanSlave_code.elf.dir/Core/Src/syscalls.c.obj (__errno)
d:/gcc-arm-none-eabi/bin/../lib/gcc/arm-none-eabi/10.3.1/../../../../arm-none-eabi/lib/thumb/v7-m/nofp\libg.a(lib_a-exit.o)
                              d:/gcc-arm-none-eabi/bin/../lib/gcc/arm-none-eabi/10.3.1/../../../../arm-none-eabi/lib/thumb/v7-m/nofp/crt0.o (exit)
d:/gcc-arm-none-eabi/bin/../lib/gcc/arm-none-eabi/10.3.1/../../../../arm-none-eabi/lib/thumb/v7-m/nofp\libg.a(lib_a-impure.o)
                              d:/gcc-arm-none-eabi/bin/../lib/gcc/arm-none-eabi/10.3.1/../../../../arm-none-eabi/lib/thumb/v7-m/nofp\libg.a(lib_a-exit.o) (_global_impure_ptr)
d:/gcc-arm-none-eabi/bin/../lib/gcc/arm-none-eabi/10.3.1/../../../../arm-none-eabi/lib/thumb/v7-m/nofp\libg.a(lib_a-init.o)
                              d:/gcc-arm-none-eabi/bin/../lib/gcc/arm-none-eabi/10.3.1/../../../../arm-none-eabi/lib/thumb/v7-m/nofp/crt0.o (__libc_init_array)
d:/gcc-arm-none-eabi/bin/../lib/gcc/arm-none-eabi/10.3.1/../../../../arm-none-eabi/lib/thumb/v7-m/nofp\libg.a(lib_a-memset.o)
                              d:/gcc-arm-none-eabi/bin/../lib/gcc/arm-none-eabi/10.3.1/../../../../arm-none-eabi/lib/thumb/v7-m/nofp/crt0.o (memset)
d:/gcc-arm-none-eabi/bin/../lib/gcc/arm-none-eabi/10.3.1/../../../../arm-none-eabi/lib/thumb/v7-m/nofp\libg.a(lib_a-__call_atexit.o)
                              d:/gcc-arm-none-eabi/bin/../lib/gcc/arm-none-eabi/10.3.1/../../../../arm-none-eabi/lib/thumb/v7-m/nofp\libg.a(lib_a-exit.o) (__call_exitprocs)
d:/gcc-arm-none-eabi/bin/../lib/gcc/arm-none-eabi/10.3.1/../../../../arm-none-eabi/lib/thumb/v7-m/nofp\libg.a(lib_a-atexit.o)
                              d:/gcc-arm-none-eabi/bin/../lib/gcc/arm-none-eabi/10.3.1/../../../../arm-none-eabi/lib/thumb/v7-m/nofp\libg.a(lib_a-__call_atexit.o) (atexit)
d:/gcc-arm-none-eabi/bin/../lib/gcc/arm-none-eabi/10.3.1/../../../../arm-none-eabi/lib/thumb/v7-m/nofp\libg.a(lib_a-fini.o)
                              d:/gcc-arm-none-eabi/bin/../lib/gcc/arm-none-eabi/10.3.1/../../../../arm-none-eabi/lib/thumb/v7-m/nofp\libg.a(lib_a-__call_atexit.o) (__libc_fini_array)
d:/gcc-arm-none-eabi/bin/../lib/gcc/arm-none-eabi/10.3.1/../../../../arm-none-eabi/lib/thumb/v7-m/nofp\libg.a(lib_a-lock.o)
                              d:/gcc-arm-none-eabi/bin/../lib/gcc/arm-none-eabi/10.3.1/../../../../arm-none-eabi/lib/thumb/v7-m/nofp\libg.a(lib_a-__call_atexit.o) (__retarget_lock_acquire_recursive)
d:/gcc-arm-none-eabi/bin/../lib/gcc/arm-none-eabi/10.3.1/../../../../arm-none-eabi/lib/thumb/v7-m/nofp\libg.a(lib_a-__atexit.o)
                              d:/gcc-arm-none-eabi/bin/../lib/gcc/arm-none-eabi/10.3.1/../../../../arm-none-eabi/lib/thumb/v7-m/nofp\libg.a(lib_a-atexit.o) (__register_exitproc)

Discarded input sections

 .text          0x00000000        0x0 d:/gcc-arm-none-eabi/bin/../lib/gcc/arm-none-eabi/10.3.1/thumb/v7-m/nofp/crti.o
 .data          0x00000000        0x0 d:/gcc-arm-none-eabi/bin/../lib/gcc/arm-none-eabi/10.3.1/thumb/v7-m/nofp/crti.o
 .bss           0x00000000        0x0 d:/gcc-arm-none-eabi/bin/../lib/gcc/arm-none-eabi/10.3.1/thumb/v7-m/nofp/crti.o
 .data          0x00000000        0x4 d:/gcc-arm-none-eabi/bin/../lib/gcc/arm-none-eabi/10.3.1/thumb/v7-m/nofp/crtbegin.o
 .rodata        0x00000000       0x24 d:/gcc-arm-none-eabi/bin/../lib/gcc/arm-none-eabi/10.3.1/thumb/v7-m/nofp/crtbegin.o
 .text          0x00000000       0x7c d:/gcc-arm-none-eabi/bin/../lib/gcc/arm-none-eabi/10.3.1/../../../../arm-none-eabi/lib/thumb/v7-m/nofp/crt0.o
 .data          0x00000000        0x0 d:/gcc-arm-none-eabi/bin/../lib/gcc/arm-none-eabi/10.3.1/../../../../arm-none-eabi/lib/thumb/v7-m/nofp/crt0.o
 .bss           0x00000000        0x0 d:/gcc-arm-none-eabi/bin/../lib/gcc/arm-none-eabi/10.3.1/../../../../arm-none-eabi/lib/thumb/v7-m/nofp/crt0.o
 .ARM.extab     0x00000000        0x0 d:/gcc-arm-none-eabi/bin/../lib/gcc/arm-none-eabi/10.3.1/../../../../arm-none-eabi/lib/thumb/v7-m/nofp/crt0.o
 .ARM.exidx     0x00000000       0x10 d:/gcc-arm-none-eabi/bin/../lib/gcc/arm-none-eabi/10.3.1/../../../../arm-none-eabi/lib/thumb/v7-m/nofp/crt0.o
 .ARM.attributes
[...]
Memory Configuration

Name             Origin             Length             Attributes
RAM              0x20000000         0x00005000         xrw
FLASH            0x08000000         0x00010000         xr
*default*        0x00000000         0xffffffff

Linker script and memory map

LOAD d:/gcc-arm-none-eabi/bin/../lib/gcc/arm-none-eabi/10.3.1/thumb/v7-m/nofp/crti.o
LOAD d:/gcc-arm-none-eabi/bin/../lib/gcc/arm-none-eabi/10.3.1/thumb/v7-m/nofp/crtbegin.o
LOAD d:/gcc-arm-none-eabi/bin/../lib/gcc/arm-none-eabi/10.3.1/../../../../arm-none-eabi/lib/thumb/v7-m/nofp/crt0.o
LOAD CMakeFiles/FanSlave_code.elf.dir/Core/Src/dma.c.obj
LOAD CMakeFiles/FanSlave_code.elf.dir/Core/Src/gpio.c.obj
LOAD CMakeFiles/FanSlave_code.elf.dir/Core/Src/main.c.obj
LOAD CMakeFiles/FanSlave_code.elf.dir/Core/Src/spi.c.obj
LOAD CMakeFiles/FanSlave_code.elf.dir/Core/Src/stm32f1xx_hal_msp.c.obj
LOAD CMakeFiles/FanSlave_code.elf.dir/Core/Src/stm32f1xx_it.c.obj
LOAD CMakeFiles/FanSlave_code.elf.dir/Core/Src/syscalls.c.obj
LOAD CMakeFiles/FanSlave_code.elf.dir/Core/Src/sysmem.c.obj
LOAD CMakeFiles/FanSlave_code.elf.dir/Core/Src/system_stm32f1xx.c.obj
LOAD CMakeFiles/FanSlave_code.elf.dir/Core/Src/tim.c.obj
LOAD CMakeFiles/FanSlave_code.elf.dir/Core/Startup/startup_stm32f103c8tx.s.obj
LOAD CMakeFiles/FanSlave_code.elf.dir/Drivers/STM32F1xx_HAL_Driver/Src/stm32f1xx_hal.c.obj
LOAD CMakeFiles/FanSlave_code.elf.dir/Drivers/STM32F1xx_HAL_Driver/Src/stm32f1xx_hal_cortex.c.obj
LOAD CMakeFiles/FanSlave_code.elf.dir/Drivers/STM32F1xx_HAL_Driver/Src/stm32f1xx_hal_dma.c.obj
LOAD CMakeFiles/FanSlave_code.elf.dir/Drivers/STM32F1xx_HAL_Driver/Src/stm32f1xx_hal_exti.c.obj
LOAD CMakeFiles/FanSlave_code.elf.dir/Drivers/STM32F1xx_HAL_Driver/Src/stm32f1xx_hal_flash.c.obj
LOAD CMakeFiles/FanSlave_code.elf.dir/Drivers/STM32F1xx_HAL_Driver/Src/stm32f1xx_hal_flash_ex.c.obj
LOAD CMakeFiles/FanSlave_code.elf.dir/Drivers/STM32F1xx_HAL_Driver/Src/stm32f1xx_hal_gpio.c.obj
LOAD CMakeFiles/FanSlave_code.elf.dir/Drivers/STM32F1xx_HAL_Driver/Src/stm32f1xx_hal_gpio_ex.c.obj
LOAD CMakeFiles/FanSlave_code.elf.dir/Drivers/STM32F1xx_HAL_Driver/Src/stm32f1xx_hal_pwr.c.obj
LOAD CMakeFiles/FanSlave_code.elf.dir/Drivers/STM32F1xx_HAL_Driver/Src/stm32f1xx_hal_rcc.c.obj
LOAD CMakeFiles/FanSlave_code.elf.dir/Drivers/STM32F1xx_HAL_Driver/Src/stm32f1xx_hal_rcc_ex.c.obj
LOAD CMakeFiles/FanSlave_code.elf.dir/Drivers/STM32F1xx_HAL_Driver/Src/stm32f1xx_hal_spi.c.obj
LOAD CMakeFiles/FanSlave_code.elf.dir/Drivers/STM32F1xx_HAL_Driver/Src/stm32f1xx_hal_tim.c.obj
LOAD CMakeFiles/FanSlave_code.elf.dir/Drivers/STM32F1xx_HAL_Driver/Src/stm32f1xx_hal_tim_ex.c.obj
LOAD CMakeFiles/FanSlave_code.elf.dir/function/HX711.c.obj
LOAD CMakeFiles/FanSlave_code.elf.dir/function/clock.c.obj
LOAD CMakeFiles/FanSlave_code.elf.dir/function/data_type_conversion.c.obj
LOAD CMakeFiles/FanSlave_code.elf.dir/function/delay.c.obj
LOAD CMakeFiles/FanSlave_code.elf.dir/function/fsm.c.obj
LOAD CMakeFiles/FanSlave_code.elf.dir/ws2812/ws2812.c.obj
START GROUP
LOAD d:/gcc-arm-none-eabi/bin/../lib/gcc/arm-none-eabi/10.3.1/thumb/v7-m/nofp\libgcc.a
LOAD d:/gcc-arm-none-eabi/bin/../lib/gcc/arm-none-eabi/10.3.1/../../../../arm-none-eabi/lib/thumb/v7-m/nofp\libg.a
LOAD d:/gcc-arm-none-eabi/bin/../lib/gcc/arm-none-eabi/10.3.1/../../../../arm-none-eabi/lib/thumb/v7-m/nofp\libc.a
END GROUP
LOAD d:/gcc-arm-none-eabi/bin/../lib/gcc/arm-none-eabi/10.3.1/thumb/v7-m/nofp/crtend.o
LOAD d:/gcc-arm-none-eabi/bin/../lib/gcc/arm-none-eabi/10.3.1/thumb/v7-m/nofp/crtn.o
                0x20005000                _estack = (ORIGIN (RAM) + LENGTH (RAM))
                0x00000200                _Min_Heap_Size = 0x200
                0x00000400                _Min_Stack_Size = 0x400

.isr_vector     0x08000000      0x10c
                0x08000000                . = ALIGN (0x4)
 *(.isr_vector)
 .isr_vector    0x08000000      0x10c CMakeFiles/FanSlave_code.elf.dir/Core/Startup/startup_stm32f103c8tx.s.obj
                0x08000000                g_pfnVectors
                0x0800010c                . = ALIGN (0x4)

.text           0x0800010c     0x357c
                0x0800010c                . = ALIGN (0x4)
 *(.text)
 .text          0x0800010c       0x40 d:/gcc-arm-none-eabi/bin/../lib/gcc/arm-none-eabi/10.3.1/thumb/v7-m/nofp/crtbegin.o
 *(.text*)
 .text.MX_DMA_Init
                0x0800014c       0x74 CMakeFiles/FanSlave_code.elf.dir/Core/Src/dma.c.obj
                0x0800014c                MX_DMA_Init
 .text.MX_GPIO_Init
                0x080001c0       0xb4 CMakeFiles/FanSlave_code.elf.dir/Core/Src/gpio.c.obj
                0x080001c0                MX_GPIO_Init
 .text.Error_Handler
                0x08000274        0x4 CMakeFiles/FanSlave_code.elf.dir/Core/Src/main.c.obj
                0x08000274                Error_Handler
 .text.SystemClock_Config
                0x08000278       0x64 CMakeFiles/FanSlave_code.elf.dir/Core/Src/main.c.obj
                0x08000278                SystemClock_Config
 .text.main     0x080002dc       0x48 CMakeFiles/FanSlave_code.elf.dir/Core/Src/main.c.obj
                0x080002dc                main
 .text.MX_SPI1_Init
                0x08000324       0x38 CMakeFiles/FanSlave_code.elf.dir/Core/Src/spi.c.obj
                0x08000324                MX_SPI1_Init
 .text.HAL_SPI_MspInit
                0x0800035c       0x80 CMakeFiles/FanSlave_code.elf.dir/Core/Src/spi.c.obj
                0x0800035c                HAL_SPI_MspInit
 .text.HAL_MspInit
                0x080003dc       0x44 CMakeFiles/FanSlave_code.elf.dir/Core/Src/stm32f1xx_hal_msp.c.obj
                0x080003dc                HAL_MspInit
 .text.NMI_Handler
                0x08000420        0x2 CMakeFiles/FanSlave_code.elf.dir/Core/Src/stm32f1xx_it.c.obj
                0x08000420                NMI_Handler
 .text.HardFault_Handler
                0x08000422        0x2 CMakeFiles/FanSlave_code.elf.dir/Core/Src/stm32f1xx_it.c.obj
                0x08000422                HardFault_Handler
 .text.MemManage_Handler
                0x08000424        0x2 CMakeFiles/FanSlave_code.elf.dir/Core/Src/stm32f1xx_it.c.obj
                0x08000424                MemManage_Handler
 .text.BusFault_Handler
                0x08000426        0x2 CMakeFiles/FanSlave_code.elf.dir/Core/Src/stm32f1xx_it.c.obj
                0x08000426                BusFault_Handler
 .text.UsageFault_Handler
                0x08000428        0x2 CMakeFiles/FanSlave_code.elf.dir/Core/Src/stm32f1xx_it.c.obj
                0x08000428                UsageFault_Handler
 .text.SVC_Handler
                0x0800042a        0x2 CMakeFiles/FanSlave_code.elf.dir/Core/Src/stm32f1xx_it.c.obj
                0x0800042a                SVC_Handler
 .text.DebugMon_Handler
                0x0800042c        0x2 CMakeFiles/FanSlave_code.elf.dir/Core/Src/stm32f1xx_it.c.obj
                0x0800042c                DebugMon_Handler
 .text.PendSV_Handler
                0x0800042e        0x2 CMakeFiles/FanSlave_code.elf.dir/Core/Src/stm32f1xx_it.c.obj
                0x0800042e                PendSV_Handler
 .text.SysTick_Handler
                0x08000430        0x8 CMakeFiles/FanSlave_code.elf.dir/Core/Src/stm32f1xx_it.c.obj
                0x08000430                SysTick_Handler
 .text.DMA1_Channel1_IRQHandler
                0x08000438       0x10 CMakeFiles/FanSlave_code.elf.dir/Core/Src/stm32f1xx_it.c.obj
                0x08000438                DMA1_Channel1_IRQHandler
 .text.DMA1_Channel3_IRQHandler
                0x08000448       0x10 CMakeFiles/FanSlave_code.elf.dir/Core/Src/stm32f1xx_it.c.obj
                0x08000448                DMA1_Channel3_IRQHandler
 .text.DMA1_Channel4_IRQHandler
                0x08000458       0x10 CMakeFiles/FanSlave_code.elf.dir/Core/Src/stm32f1xx_it.c.obj
                0x08000458                DMA1_Channel4_IRQHandler
 .text.DMA1_Channel5_IRQHandler
                0x08000468       0x10 CMakeFiles/FanSlave_code.elf.dir/Core/Src/stm32f1xx_it.c.obj
                0x08000468                DMA1_Channel5_IRQHandler
 .text.DMA1_Channel7_IRQHandler
                0x08000478       0x10 CMakeFiles/FanSlave_code.elf.dir/Core/Src/stm32f1xx_it.c.obj
                0x08000478                DMA1_Channel7_IRQHandler
 .text.TIM3_IRQHandler
                0x08000488       0x10 CMakeFiles/FanSlave_code.elf.dir/Core/Src/stm32f1xx_it.c.obj
                0x08000488                TIM3_IRQHandler
 .text.TIM4_IRQHandler
                0x08000498       0x10 CMakeFiles/FanSlave_code.elf.dir/Core/Src/stm32f1xx_it.c.obj
                0x08000498                TIM4_IRQHandler
 .text.SPI1_IRQHandler
                0x080004a8       0x10 CMakeFiles/FanSlave_code.elf.dir/Core/Src/stm32f1xx_it.c.obj
                0x080004a8                SPI1_IRQHandler
 .text.SystemInit
                0x080004b8        0x2 CMakeFiles/FanSlave_code.elf.dir/Core/Src/system_stm32f1xx.c.obj
                0x080004b8                SystemInit
 *fill*         0x080004ba        0x2 
 .text.MX_TIM3_Init
                0x080004bc       0x70 CMakeFiles/FanSlave_code.elf.dir/Core/Src/tim.c.obj
                0x080004bc                MX_TIM3_Init
 .text.HAL_TIM_PWM_MspInit
                0x0800052c      0x1cc CMakeFiles/FanSlave_code.elf.dir/Core/Src/tim.c.obj
                0x0800052c                HAL_TIM_PWM_MspInit
 .text.HAL_TIM_Base_MspInit
                0x080006f8       0x40 CMakeFiles/FanSlave_code.elf.dir/Core/Src/tim.c.obj
                0x080006f8                HAL_TIM_Base_MspInit
 .text.HAL_TIM_MspPostInit
                0x08000738       0xf0 CMakeFiles/FanSlave_code.elf.dir/Core/Src/tim.c.obj
                0x08000738                HAL_TIM_MspPostInit
 .text.MX_TIM1_Init
                0x08000828       0xb4 CMakeFiles/FanSlave_code.elf.dir/Core/Src/tim.c.obj
                0x08000828                MX_TIM1_Init
 .text.MX_TIM2_Init
                0x080008dc       0x90 CMakeFiles/FanSlave_code.elf.dir/Core/Src/tim.c.obj
                0x080008dc                MX_TIM2_Init
 .text.MX_TIM4_Init
                0x0800096c       0x94 CMakeFiles/FanSlave_code.elf.dir/Core/Src/tim.c.obj
                0x0800096c                MX_TIM4_Init
 .text.HAL_TIM_PWM_PulseFinishedCallback
                0x08000a00       0x1c CMakeFiles/FanSlave_code.elf.dir/Core/Src/tim.c.obj
                0x08000a00                HAL_TIM_PWM_PulseFinishedCallback
 .text.Reset_Handler
                0x08000a1c       0x48 CMakeFiles/FanSlave_code.elf.dir/Core/Startup/startup_stm32f103c8tx.s.obj
                0x08000a1c                Reset_Handler
 .text.Default_Handler
                0x08000a64        0x2 CMakeFiles/FanSlave_code.elf.dir/Core/Startup/startup_stm32f103c8tx.s.obj
                0x08000a64                RTC_Alarm_IRQHandler
                0x08000a64                EXTI2_IRQHandler
                0x08000a64                TIM1_CC_IRQHandler
                0x08000a64                PVD_IRQHandler
                0x08000a64                EXTI3_IRQHandler
                0x08000a64                EXTI0_IRQHandler
                0x08000a64                I2C2_EV_IRQHandler
                0x08000a64                ADC1_2_IRQHandler
                0x08000a64                TAMPER_IRQHandler
                0x08000a64                USART3_IRQHandler
                0x08000a64                RTC_IRQHandler
                0x08000a64                CAN1_RX1_IRQHandler
                0x08000a64                I2C1_EV_IRQHandler
                0x08000a64                DMA1_Channel6_IRQHandler
                0x08000a64                RCC_IRQHandler
                0x08000a64                TIM1_TRG_COM_IRQHandler
                0x08000a64                Default_Handler
                0x08000a64                EXTI15_10_IRQHandler
                0x08000a64                EXTI9_5_IRQHandler
                0x08000a64                SPI2_IRQHandler
                0x08000a64                EXTI4_IRQHandler
                0x08000a64                USB_LP_CAN1_RX0_IRQHandler
                0x08000a64                USB_HP_CAN1_TX_IRQHandler
                0x08000a64                TIM1_UP_IRQHandler
                0x08000a64                WWDG_IRQHandler
                0x08000a64                TIM2_IRQHandler
                0x08000a64                TIM1_BRK_IRQHandler
                0x08000a64                EXTI1_IRQHandler
                0x08000a64                USART2_IRQHandler
                0x08000a64                I2C2_ER_IRQHandler
                0x08000a64                DMA1_Channel2_IRQHandler
                0x08000a64                CAN1_SCE_IRQHandler
                0x08000a64                FLASH_IRQHandler
                0x08000a64                USART1_IRQHandler
                0x08000a64                I2C1_ER_IRQHandler
                0x08000a64                USBWakeUp_IRQHandler
 *fill*         0x08000a66        0x2 
 .text.HAL_InitTick
                0x08000a68       0x4c CMakeFiles/FanSlave_code.elf.dir/Drivers/STM32F1xx_HAL_Driver/Src/stm32f1xx_hal.c.obj
                0x08000a68                HAL_InitTick
 .text.HAL_Init
                0x08000ab4       0x24 CMakeFiles/FanSlave_code.elf.dir/Drivers/STM32F1xx_HAL_Driver/Src/stm32f1xx_hal.c.obj
                0x08000ab4                HAL_Init
 .text.HAL_IncTick
                0x08000ad8       0x18 CMakeFiles/FanSlave_code.elf.dir/Drivers/STM32F1xx_HAL_Driver/Src/stm32f1xx_hal.c.obj
                0x08000ad8                HAL_IncTick
 .text.HAL_GetTick
                0x08000af0        0xc CMakeFiles/FanSlave_code.elf.dir/Drivers/STM32F1xx_HAL_Driver/Src/stm32f1xx_hal.c.obj
                0x08000af0                HAL_GetTick
 .text.HAL_Delay
                0x08000afc       0x28 CMakeFiles/FanSlave_code.elf.dir/Drivers/STM32F1xx_HAL_Driver/Src/stm32f1xx_hal.c.obj
                0x08000afc                HAL_Delay
 .text.HAL_NVIC_SetPriorityGrouping
                0x08000b24       0x24 CMakeFiles/FanSlave_code.elf.dir/Drivers/STM32F1xx_HAL_Driver/Src/stm32f1xx_hal_cortex.c.obj
                0x08000b24                HAL_NVIC_SetPriorityGrouping
 .text.HAL_NVIC_SetPriority
                0x08000b48       0x70 CMakeFiles/FanSlave_code.elf.dir/Drivers/STM32F1xx_HAL_Driver/Src/stm32f1xx_hal_cortex.c.obj
                0x08000b48                HAL_NVIC_SetPriority
 .text.HAL_NVIC_EnableIRQ
                0x08000bb8       0x1c CMakeFiles/FanSlave_code.elf.dir/Drivers/STM32F1xx_HAL_Driver/Src/stm32f1xx_hal_cortex.c.obj
                0x08000bb8                HAL_NVIC_EnableIRQ
 .text.HAL_SYSTICK_Config
                0x08000bd4       0x28 CMakeFiles/FanSlave_code.elf.dir/Drivers/STM32F1xx_HAL_Driver/Src/stm32f1xx_hal_cortex.c.obj
                0x08000bd4                HAL_SYSTICK_Config
 .text.DMA_SetConfig
                0x08000bfc       0x2c CMakeFiles/FanSlave_code.elf.dir/Drivers/STM32F1xx_HAL_Driver/Src/stm32f1xx_hal_dma.c.obj
 .text.HAL_DMA_Init
                0x08000c28       0x6c CMakeFiles/FanSlave_code.elf.dir/Drivers/STM32F1xx_HAL_Driver/Src/stm32f1xx_hal_dma.c.obj
                0x08000c28                HAL_DMA_Init
 .text.HAL_DMA_Start_IT
                0x08000c94       0x74 CMakeFiles/FanSlave_code.elf.dir/Drivers/STM32F1xx_HAL_Driver/Src/stm32f1xx_hal_dma.c.obj
                0x08000c94                HAL_DMA_Start_IT
 .text.HAL_DMA_Abort_IT
                0x08000d08       0x98 CMakeFiles/FanSlave_code.elf.dir/Drivers/STM32F1xx_HAL_Driver/Src/stm32f1xx_hal_dma.c.obj
                0x08000d08                HAL_DMA_Abort_IT
 .text.HAL_DMA_IRQHandler
                0x08000da0      0x144 CMakeFiles/FanSlave_code.elf.dir/Drivers/STM32F1xx_HAL_Driver/Src/stm32f1xx_hal_dma.c.obj
                0x08000da0                HAL_DMA_IRQHandler
 .text.HAL_GPIO_Init
                0x08000ee4      0x224 CMakeFiles/FanSlave_code.elf.dir/Drivers/STM32F1xx_HAL_Driver/Src/stm32f1xx_hal_gpio.c.obj
                0x08000ee4                HAL_GPIO_Init
 .text.HAL_GPIO_ReadPin
                0x08001108        0xe CMakeFiles/FanSlave_code.elf.dir/Drivers/STM32F1xx_HAL_Driver/Src/stm32f1xx_hal_gpio.c.obj
                0x08001108                HAL_GPIO_ReadPin
 .text.HAL_GPIO_WritePin
                0x08001116        0xc CMakeFiles/FanSlave_code.elf.dir/Drivers/STM32F1xx_HAL_Driver/Src/stm32f1xx_hal_gpio.c.obj
                0x08001116                HAL_GPIO_WritePin
 *fill*         0x08001122        0x2 
 .text.RCC_Delay
                0x08001124       0x2c CMakeFiles/FanSlave_code.elf.dir/Drivers/STM32F1xx_HAL_Driver/Src/stm32f1xx_hal_rcc.c.obj
 .text.HAL_RCC_OscConfig
                0x08001150      0x410 CMakeFiles/FanSlave_code.elf.dir/Drivers/STM32F1xx_HAL_Driver/Src/stm32f1xx_hal_rcc.c.obj
                0x08001150                HAL_RCC_OscConfig
 .text.HAL_RCC_GetSysClockFreq
                0x08001560       0x7c CMakeFiles/FanSlave_code.elf.dir/Drivers/STM32F1xx_HAL_Driver/Src/stm32f1xx_hal_rcc.c.obj
                0x08001560                HAL_RCC_GetSysClockFreq
 .text.HAL_RCC_ClockConfig
                0x080015dc      0x16c CMakeFiles/FanSlave_code.elf.dir/Drivers/STM32F1xx_HAL_Driver/Src/stm32f1xx_hal_rcc.c.obj
                0x080015dc                HAL_RCC_ClockConfig
 .text.SPI_WaitFlagStateUntilTimeout
                0x08001748       0xd4 CMakeFiles/FanSlave_code.elf.dir/Drivers/STM32F1xx_HAL_Driver/Src/stm32f1xx_hal_spi.c.obj
 .text.SPI_EndRxTxTransaction
                0x0800181c       0x24 CMakeFiles/FanSlave_code.elf.dir/Drivers/STM32F1xx_HAL_Driver/Src/stm32f1xx_hal_spi.c.obj
 .text.SPI_EndRxTransaction
                0x08001840       0x74 CMakeFiles/FanSlave_code.elf.dir/Drivers/STM32F1xx_HAL_Driver/Src/stm32f1xx_hal_spi.c.obj
 .text.HAL_SPI_Init
                0x080018b4       0xb6 CMakeFiles/FanSlave_code.elf.dir/Drivers/STM32F1xx_HAL_Driver/Src/stm32f1xx_hal_spi.c.obj
                0x080018b4                HAL_SPI_Init
 *fill*         0x0800196a        0x2 
 .text.HAL_SPI_TransmitReceive_IT
                0x0800196c       0xe8 CMakeFiles/FanSlave_code.elf.dir/Drivers/STM32F1xx_HAL_Driver/Src/stm32f1xx_hal_spi.c.obj
                0x0800196c                HAL_SPI_TransmitReceive_IT
 .text.HAL_SPI_Receive_IT
                0x08001a54       0xdc CMakeFiles/FanSlave_code.elf.dir/Drivers/STM32F1xx_HAL_Driver/Src/stm32f1xx_hal_spi.c.obj
                0x08001a54                HAL_SPI_Receive_IT
 .text.HAL_SPI_RxCpltCallback
                0x08001b30        0x2 CMakeFiles/FanSlave_code.elf.dir/Drivers/STM32F1xx_HAL_Driver/Src/stm32f1xx_hal_spi.c.obj
                0x08001b30                HAL_SPI_RxCpltCallback
 .text.HAL_SPI_TxRxCpltCallback
                0x08001b32        0x2 CMakeFiles/FanSlave_code.elf.dir/Drivers/STM32F1xx_HAL_Driver/Src/stm32f1xx_hal_spi.c.obj
                0x08001b32                HAL_SPI_TxRxCpltCallback
 .text.HAL_SPI_ErrorCallback
                0x08001b34        0x2 CMakeFiles/FanSlave_code.elf.dir/Drivers/STM32F1xx_HAL_Driver/Src/stm32f1xx_hal_spi.c.obj
                0x08001b34                HAL_SPI_ErrorCallback
 .text.SPI_CloseRx_ISR
                0x08001b36       0x56 CMakeFiles/FanSlave_code.elf.dir/Drivers/STM32F1xx_HAL_Driver/Src/stm32f1xx_hal_spi.c.obj
 .text.SPI_RxISR_8BIT
                0x08001b8c       0x28 CMakeFiles/FanSlave_code.elf.dir/Drivers/STM32F1xx_HAL_Driver/Src/stm32f1xx_hal_spi.c.obj
 .text.SPI_RxISR_16BIT
                0x08001bb4       0x28 CMakeFiles/FanSlave_code.elf.dir/Drivers/STM32F1xx_HAL_Driver/Src/stm32f1xx_hal_spi.c.obj
 .text.SPI_CloseRxTx_ISR
                0x08001bdc       0xb0 CMakeFiles/FanSlave_code.elf.dir/Drivers/STM32F1xx_HAL_Driver/Src/stm32f1xx_hal_spi.c.obj
 .text.SPI_2linesTxISR_8BIT
                0x08001c8c       0x38 CMakeFiles/FanSlave_code.elf.dir/Drivers/STM32F1xx_HAL_Driver/Src/stm32f1xx_hal_spi.c.obj
 .text.SPI_2linesRxISR_8BIT
                0x08001cc4       0x38 CMakeFiles/FanSlave_code.elf.dir/Drivers/STM32F1xx_HAL_Driver/Src/stm32f1xx_hal_spi.c.obj
 .text.SPI_2linesTxISR_16BIT
                0x08001cfc       0x38 CMakeFiles/FanSlave_code.elf.dir/Drivers/STM32F1xx_HAL_Driver/Src/stm32f1xx_hal_spi.c.obj
 .text.SPI_2linesRxISR_16BIT
                0x08001d34       0x38 CMakeFiles/FanSlave_code.elf.dir/Drivers/STM32F1xx_HAL_Driver/Src/stm32f1xx_hal_spi.c.obj
 .text.HAL_SPI_IRQHandler
                0x08001d6c      0x108 CMakeFiles/FanSlave_code.elf.dir/Drivers/STM32F1xx_HAL_Driver/Src/stm32f1xx_hal_spi.c.obj
                0x08001d6c                HAL_SPI_IRQHandler
 .text.SPI_DMAAbortOnError
                0x08001e74       0x10 CMakeFiles/FanSlave_code.elf.dir/Drivers/STM32F1xx_HAL_Driver/Src/stm32f1xx_hal_spi.c.obj
 .text.TIM_OC1_SetConfig
                0x08001e84       0x5c CMakeFiles/FanSlave_code.elf.dir/Drivers/STM32F1xx_HAL_Driver/Src/stm32f1xx_hal_tim.c.obj
 .text.TIM_OC3_SetConfig
                0x08001ee0       0x64 CMakeFiles/FanSlave_code.elf.dir/Drivers/STM32F1xx_HAL_Driver/Src/stm32f1xx_hal_tim.c.obj
 .text.TIM_OC4_SetConfig
                0x08001f44       0x48 CMakeFiles/FanSlave_code.elf.dir/Drivers/STM32F1xx_HAL_Driver/Src/stm32f1xx_hal_tim.c.obj
 .text.TIM_TI1_ConfigInputStage
                0x08001f8c       0x24 CMakeFiles/FanSlave_code.elf.dir/Drivers/STM32F1xx_HAL_Driver/Src/stm32f1xx_hal_tim.c.obj
 .text.TIM_TI2_ConfigInputStage
                0x08001fb0       0x26 CMakeFiles/FanSlave_code.elf.dir/Drivers/STM32F1xx_HAL_Driver/Src/stm32f1xx_hal_tim.c.obj
 .text.TIM_ITRx_SetConfig
                0x08001fd6       0x10 CMakeFiles/FanSlave_code.elf.dir/Drivers/STM32F1xx_HAL_Driver/Src/stm32f1xx_hal_tim.c.obj
 *fill*         0x08001fe6        0x2 
 .text.HAL_TIM_Base_Start_IT
                0x08001fe8       0x68 CMakeFiles/FanSlave_code.elf.dir/Drivers/STM32F1xx_HAL_Driver/Src/stm32f1xx_hal_tim.c.obj
                0x08001fe8                HAL_TIM_Base_Start_IT
 .text.HAL_TIM_OC_DelayElapsedCallback
                0x08002050        0x2 CMakeFiles/FanSlave_code.elf.dir/Drivers/STM32F1xx_HAL_Driver/Src/stm32f1xx_hal_tim.c.obj
                0x08002050                HAL_TIM_OC_DelayElapsedCallback
 .text.HAL_TIM_IC_CaptureCallback
                0x08002052        0x2 CMakeFiles/FanSlave_code.elf.dir/Drivers/STM32F1xx_HAL_Driver/Src/stm32f1xx_hal_tim.c.obj
                0x08002052                HAL_TIM_IC_CaptureCallback
 .text.TIM_DMADelayPulseCplt
                0x08002054       0x70 CMakeFiles/FanSlave_code.elf.dir/Drivers/STM32F1xx_HAL_Driver/Src/stm32f1xx_hal_tim.c.obj
 .text.HAL_TIM_PWM_PulseFinishedHalfCpltCallback
                0x080020c4        0x2 CMakeFiles/FanSlave_code.elf.dir/Drivers/STM32F1xx_HAL_Driver/Src/stm32f1xx_hal_tim.c.obj
                0x080020c4                HAL_TIM_PWM_PulseFinishedHalfCpltCallback
 .text.TIM_DMADelayPulseHalfCplt
                0x080020c6       0x3e CMakeFiles/FanSlave_code.elf.dir/Drivers/STM32F1xx_HAL_Driver/Src/stm32f1xx_hal_tim.c.obj
                0x080020c6                TIM_DMADelayPulseHalfCplt
 .text.HAL_TIM_TriggerCallback
                0x08002104        0x2 CMakeFiles/FanSlave_code.elf.dir/Drivers/STM32F1xx_HAL_Driver/Src/stm32f1xx_hal_tim.c.obj
                0x08002104                HAL_TIM_TriggerCallback
 .text.HAL_TIM_IRQHandler
                0x08002106      0x17a CMakeFiles/FanSlave_code.elf.dir/Drivers/STM32F1xx_HAL_Driver/Src/stm32f1xx_hal_tim.c.obj
                0x08002106                HAL_TIM_IRQHandler
 .text.HAL_TIM_ErrorCallback
                0x08002280        0x2 CMakeFiles/FanSlave_code.elf.dir/Drivers/STM32F1xx_HAL_Driver/Src/stm32f1xx_hal_tim.c.obj
                0x08002280                HAL_TIM_ErrorCallback
 .text.TIM_DMAError
                0x08002282       0x5c CMakeFiles/FanSlave_code.elf.dir/Drivers/STM32F1xx_HAL_Driver/Src/stm32f1xx_hal_tim.c.obj
                0x08002282                TIM_DMAError
 *fill*         0x080022de        0x2 
 .text.TIM_Base_SetConfig
                0x080022e0       0x74 CMakeFiles/FanSlave_code.elf.dir/Drivers/STM32F1xx_HAL_Driver/Src/stm32f1xx_hal_tim.c.obj
                0x080022e0                TIM_Base_SetConfig
 .text.HAL_TIM_Base_Init
                0x08002354       0x58 CMakeFiles/FanSlave_code.elf.dir/Drivers/STM32F1xx_HAL_Driver/Src/stm32f1xx_hal_tim.c.obj
                0x08002354                HAL_TIM_Base_Init
 .text.HAL_TIM_PWM_Init
                0x080023ac       0x58 CMakeFiles/FanSlave_code.elf.dir/Drivers/STM32F1xx_HAL_Driver/Src/stm32f1xx_hal_tim.c.obj
                0x080023ac                HAL_TIM_PWM_Init
 .text.TIM_OC2_SetConfig
                0x08002404       0x64 CMakeFiles/FanSlave_code.elf.dir/Drivers/STM32F1xx_HAL_Driver/Src/stm32f1xx_hal_tim.c.obj
                0x08002404                TIM_OC2_SetConfig
 .text.HAL_TIM_PWM_ConfigChannel
                0x08002468       0xd0 CMakeFiles/FanSlave_code.elf.dir/Drivers/STM32F1xx_HAL_Driver/Src/stm32f1xx_hal_tim.c.obj
                0x08002468                HAL_TIM_PWM_ConfigChannel
 .text.TIM_ETR_SetConfig
                0x08002538       0x18 CMakeFiles/FanSlave_code.elf.dir/Drivers/STM32F1xx_HAL_Driver/Src/stm32f1xx_hal_tim.c.obj
                0x08002538                TIM_ETR_SetConfig
 .text.HAL_TIM_ConfigClockSource
                0x08002550       0xda CMakeFiles/FanSlave_code.elf.dir/Drivers/STM32F1xx_HAL_Driver/Src/stm32f1xx_hal_tim.c.obj
                0x08002550                HAL_TIM_ConfigClockSource
 .text.TIM_CCxChannelCmd
                0x0800262a       0x1e CMakeFiles/FanSlave_code.elf.dir/Drivers/STM32F1xx_HAL_Driver/Src/stm32f1xx_hal_tim.c.obj
                0x0800262a                TIM_CCxChannelCmd
 .text.HAL_TIM_PWM_Start_DMA
                0x08002648      0x23c CMakeFiles/FanSlave_code.elf.dir/Drivers/STM32F1xx_HAL_Driver/Src/stm32f1xx_hal_tim.c.obj
                0x08002648                HAL_TIM_PWM_Start_DMA
 .text.HAL_TIM_PWM_Stop_DMA
                0x08002884       0xe4 CMakeFiles/FanSlave_code.elf.dir/Drivers/STM32F1xx_HAL_Driver/Src/stm32f1xx_hal_tim.c.obj
                0x08002884                HAL_TIM_PWM_Stop_DMA
 .text.HAL_TIMEx_MasterConfigSynchronization
                0x08002968       0x6c CMakeFiles/FanSlave_code.elf.dir/Drivers/STM32F1xx_HAL_Driver/Src/stm32f1xx_hal_tim_ex.c.obj
                0x08002968                HAL_TIMEx_MasterConfigSynchronization
 .text.HAL_TIMEx_ConfigBreakDeadTime
                0x080029d4       0x52 CMakeFiles/FanSlave_code.elf.dir/Drivers/STM32F1xx_HAL_Driver/Src/stm32f1xx_hal_tim_ex.c.obj
                0x080029d4                HAL_TIMEx_ConfigBreakDeadTime
 .text.HAL_TIMEx_CommutCallback
                0x08002a26        0x2 CMakeFiles/FanSlave_code.elf.dir/Drivers/STM32F1xx_HAL_Driver/Src/stm32f1xx_hal_tim_ex.c.obj
                0x08002a26                HAL_TIMEx_CommutCallback
 .text.HAL_TIMEx_BreakCallback
                0x08002a28        0x2 CMakeFiles/FanSlave_code.elf.dir/Drivers/STM32F1xx_HAL_Driver/Src/stm32f1xx_hal_tim_ex.c.obj
                0x08002a28                HAL_TIMEx_BreakCallback
 *fill*         0x08002a2a        0x2 
 .text.HAL_TIM_PeriodElapsedCallback
                0x08002a2c       0x10 CMakeFiles/FanSlave_code.elf.dir/function/clock.c.obj
                0x08002a2c                HAL_TIM_PeriodElapsedCallback
 .text.Get_Times_Flow
                0x08002a3c        0xc CMakeFiles/FanSlave_code.elf.dir/function/clock.c.obj
                0x08002a3c                Get_Times_Flow
 .text.Set_Times_Flow
                0x08002a48        0xc CMakeFiles/FanSlave_code.elf.dir/function/clock.c.obj
                0x08002a48                Set_Times_Flow
 .text.rands    0x08002a54       0x18 CMakeFiles/FanSlave_code.elf.dir/function/clock.c.obj
                0x08002a54                rands
 .text.SetFlowColor
                0x08002a6c       0x90 CMakeFiles/FanSlave_code.elf.dir/ws2812/ws2812.c.obj
                0x08002a6c                SetFlowColor
 .text.SetFlowBoardColor
                0x08002afc       0x40 CMakeFiles/FanSlave_code.elf.dir/ws2812/ws2812.c.obj
                0x08002afc                SetFlowBoardColor
 .text.LoadFlowColor
                0x08002b3c       0x60 CMakeFiles/FanSlave_code.elf.dir/ws2812/ws2812.c.obj
                0x08002b3c                LoadFlowColor
 .text.AroundColor_Init
                0x08002b9c       0x42 CMakeFiles/FanSlave_code.elf.dir/ws2812/ws2812.c.obj
                0x08002b9c                AroundColor_Init
 .text.AroundColor_Set
                0x08002bde      0x2be CMakeFiles/FanSlave_code.elf.dir/ws2812/ws2812.c.obj
                0x08002bde                AroundColor_Set
 .text.CircleColor_Set
                0x08002e9c      0x2c0 CMakeFiles/FanSlave_code.elf.dir/ws2812/ws2812.c.obj
                0x08002e9c                CircleColor_Set
 .text.Blink_led
                0x0800315c       0xa4 CMakeFiles/FanSlave_code.elf.dir/ws2812/ws2812.c.obj
                0x0800315c                Blink_led
 .text.WS2812_ALL_OFF
                0x08003200       0x5c CMakeFiles/FanSlave_code.elf.dir/ws2812/ws2812.c.obj
                0x08003200                WS2812_ALL_OFF
 .text.WS2812_Init
                0x0800325c       0x70 CMakeFiles/FanSlave_code.elf.dir/ws2812/ws2812.c.obj
                0x0800325c                WS2812_Init
 .text.WS2812_Load
                0x080032cc      0x1d8 CMakeFiles/FanSlave_code.elf.dir/ws2812/ws2812.c.obj
                0x080032cc                WS2812_Load
 .text.__libc_init_array
                0x080034a4       0x48 d:/gcc-arm-none-eabi/bin/../lib/gcc/arm-none-eabi/10.3.1/../../../../arm-none-eabi/lib/thumb/v7-m/nofp\libg.a(lib_a-init.o)
                0x080034a4                __libc_init_array
 .text.memset   0x080034ec       0xa4 d:/gcc-arm-none-eabi/bin/../lib/gcc/arm-none-eabi/10.3.1/../../../../arm-none-eabi/lib/thumb/v7-m/nofp\libg.a(lib_a-memset.o)
                0x080034ec                memset
 .text.startup.register_fini
                0x08003590       0x14 d:/gcc-arm-none-eabi/bin/../lib/gcc/arm-none-eabi/10.3.1/../../../../arm-none-eabi/lib/thumb/v7-m/nofp\libg.a(lib_a-__call_atexit.o)
 .text.atexit   0x080035a4        0xc d:/gcc-arm-none-eabi/bin/../lib/gcc/arm-none-eabi/10.3.1/../../../../arm-none-eabi/lib/thumb/v7-m/nofp\libg.a(lib_a-atexit.o)
                0x080035a4                atexit
 .text.__libc_fini_array
                0x080035b0       0x2c d:/gcc-arm-none-eabi/bin/../lib/gcc/arm-none-eabi/10.3.1/../../../../arm-none-eabi/lib/thumb/v7-m/nofp\libg.a(lib_a-fini.o)
                0x080035b0                __libc_fini_array
 .text.__retarget_lock_acquire_recursive
                0x080035dc        0x4 d:/gcc-arm-none-eabi/bin/../lib/gcc/arm-none-eabi/10.3.1/../../../../arm-none-eabi/lib/thumb/v7-m/nofp\libg.a(lib_a-lock.o)
                0x080035dc                __retarget_lock_acquire_recursive
 .text.__retarget_lock_release_recursive
                0x080035e0        0x4 d:/gcc-arm-none-eabi/bin/../lib/gcc/arm-none-eabi/10.3.1/../../../../arm-none-eabi/lib/thumb/v7-m/nofp\libg.a(lib_a-lock.o)
                0x080035e0                __retarget_lock_release_recursive
 .text.__register_exitproc
                0x080035e4       0x8c d:/gcc-arm-none-eabi/bin/../lib/gcc/arm-none-eabi/10.3.1/../../../../arm-none-eabi/lib/thumb/v7-m/nofp\libg.a(lib_a-__atexit.o)
                0x080035e4                __register_exitproc
 *(.glue_7)
 .glue_7        0x08003670        0x0 linker stubs
 *(.glue_7t)
 .glue_7t       0x08003670        0x0 linker stubs
 *(.eh_frame)
 .eh_frame      0x08003670        0x0 d:/gcc-arm-none-eabi/bin/../lib/gcc/arm-none-eabi/10.3.1/thumb/v7-m/nofp/crtbegin.o
 *(.init)
 .init          0x08003670        0x4 d:/gcc-arm-none-eabi/bin/../lib/gcc/arm-none-eabi/10.3.1/thumb/v7-m/nofp/crti.o
                0x08003670                _init
 .init          0x08003674        0x8 d:/gcc-arm-none-eabi/bin/../lib/gcc/arm-none-eabi/10.3.1/thumb/v7-m/nofp/crtn.o
 *(.fini)
 .fini          0x0800367c        0x4 d:/gcc-arm-none-eabi/bin/../lib/gcc/arm-none-eabi/10.3.1/thumb/v7-m/nofp/crti.o
                0x0800367c                _fini
 .fini          0x08003680        0x8 d:/gcc-arm-none-eabi/bin/../lib/gcc/arm-none-eabi/10.3.1/thumb/v7-m/nofp/crtn.o
                0x08003688                . = ALIGN (0x4)
                0x08003688                _etext = .

.vfp11_veneer   0x08003688        0x0
 .vfp11_veneer  0x08003688        0x0 linker stubs

.v4_bx          0x08003688        0x0
 .v4_bx         0x08003688        0x0 linker stubs

.iplt           0x08003688        0x0
 .iplt          0x08003688        0x0 d:/gcc-arm-none-eabi/bin/../lib/gcc/arm-none-eabi/10.3.1/thumb/v7-m/nofp/crtbegin.o

.rodata         0x08003688       0x28
                0x08003688                . = ALIGN (0x4)
 *(.rodata)
 *(.rodata*)
 .rodata.AHBPrescTable
                0x08003688       0x10 CMakeFiles/FanSlave_code.elf.dir/Core/Src/system_stm32f1xx.c.obj
                0x08003688                AHBPrescTable
 .rodata.HAL_RCC_GetSysClockFreq.str1.4
                0x08003698       0x11 CMakeFiles/FanSlave_code.elf.dir/Drivers/STM32F1xx_HAL_Driver/Src/stm32f1xx_hal_rcc.c.obj
 *fill*         0x080036a9        0x3 
 .rodata._global_impure_ptr
                0x080036ac        0x4 d:/gcc-arm-none-eabi/bin/../lib/gcc/arm-none-eabi/10.3.1/../../../../arm-none-eabi/lib/thumb/v7-m/nofp\libg.a(lib_a-impure.o)
                0x080036ac                _global_impure_ptr
                0x080036b0                . = ALIGN (0x4)

.rel.dyn        0x080036b0        0x0
 .rel.iplt      0x080036b0        0x0 d:/gcc-arm-none-eabi/bin/../lib/gcc/arm-none-eabi/10.3.1/thumb/v7-m/nofp/crtbegin.o

.ARM.extab      0x080036b0        0x0
                0x080036b0                . = ALIGN (0x4)
 *(.ARM.extab* .gnu.linkonce.armextab.*)
                0x080036b0                . = ALIGN (0x4)

.ARM            0x080036b0        0x0
                0x080036b0                . = ALIGN (0x4)
                0x080036b0                __exidx_start = .
 *(.ARM.exidx*)
                0x080036b0                __exidx_end = .
                0x080036b0                . = ALIGN (0x4)

.preinit_array  0x080036b0        0x0
                0x080036b0                . = ALIGN (0x4)
                0x080036b0                PROVIDE (__preinit_array_start = .)
 *(.preinit_array*)
                0x080036b0                PROVIDE (__preinit_array_end = .)
                0x080036b0                . = ALIGN (0x4)

.init_array     0x080036b0        0x8
                0x080036b0                . = ALIGN (0x4)
                0x080036b0                PROVIDE (__init_array_start = .)
 *(SORT_BY_NAME(.init_array.*))
 .init_array.00000
                0x080036b0        0x4 d:/gcc-arm-none-eabi/bin/../lib/gcc/arm-none-eabi/10.3.1/../../../../arm-none-eabi/lib/thumb/v7-m/nofp\libg.a(lib_a-__call_atexit.o)
 *(.init_array*)
 .init_array    0x080036b4        0x4 d:/gcc-arm-none-eabi/bin/../lib/gcc/arm-none-eabi/10.3.1/thumb/v7-m/nofp/crtbegin.o
                0x080036b8                PROVIDE (__init_array_end = .)
                0x080036b8                . = ALIGN (0x4)

.fini_array     0x080036b8        0x4
                0x080036b8                . = ALIGN (0x4)
                0x080036b8                PROVIDE (__fini_array_start = .)
 *(SORT_BY_NAME(.fini_array.*))
 *(.fini_array*)
 .fini_array    0x080036b8        0x4 d:/gcc-arm-none-eabi/bin/../lib/gcc/arm-none-eabi/10.3.1/thumb/v7-m/nofp/crtbegin.o
                0x080036bc                PROVIDE (__fini_array_end = .)
                0x080036bc                . = ALIGN (0x4)
                0x080036bc                _sidata = LOADADDR (.data)

.data           0x20000000      0x474 load address 0x080036bc
                0x20000000                . = ALIGN (0x4)
                0x20000000                _sdata = .
 *(.data)
 *(.data*)
 .data.SystemCoreClock
                0x20000000        0x4 CMakeFiles/FanSlave_code.elf.dir/Core/Src/system_stm32f1xx.c.obj
                0x20000000                SystemCoreClock
 .data.uwTickFreq
                0x20000004        0x1 CMakeFiles/FanSlave_code.elf.dir/Drivers/STM32F1xx_HAL_Driver/Src/stm32f1xx_hal.c.obj
                0x20000004                uwTickFreq
 *fill*         0x20000005        0x3 
 .data.uwTickPrio
                0x20000008        0x4 CMakeFiles/FanSlave_code.elf.dir/Drivers/STM32F1xx_HAL_Driver/Src/stm32f1xx_hal.c.obj
                0x20000008                uwTickPrio
 .data.color    0x2000000c        0x4 CMakeFiles/FanSlave_code.elf.dir/ws2812/ws2812.c.obj
                0x2000000c                color
 .data.color_low
                0x20000010        0x4 CMakeFiles/FanSlave_code.elf.dir/ws2812/ws2812.c.obj
                0x20000010                color_low
 .data.flow     0x20000014       0x30 CMakeFiles/FanSlave_code.elf.dir/ws2812/ws2812.c.obj
                0x20000014                flow
 .data.windmill_state
                0x20000044        0x1 CMakeFiles/FanSlave_code.elf.dir/ws2812/ws2812.c.obj
                0x20000044                windmill_state
 *fill*         0x20000045        0x3 
 .data.impure_data
                0x20000048      0x428 d:/gcc-arm-none-eabi/bin/../lib/gcc/arm-none-eabi/10.3.1/../../../../arm-none-eabi/lib/thumb/v7-m/nofp\libg.a(lib_a-impure.o)
 .data.__atexit_recursive_mutex
                0x20000470        0x4 d:/gcc-arm-none-eabi/bin/../lib/gcc/arm-none-eabi/10.3.1/../../../../arm-none-eabi/lib/thumb/v7-m/nofp\libg.a(lib_a-__call_atexit.o)
                0x20000470                __atexit_recursive_mutex
 *(.RamFunc)
 *(.RamFunc*)
                0x20000474                . = ALIGN (0x4)
                0x20000474                _edata = .

.igot.plt       0x20000474        0x0 load address 0x08003b30
 .igot.plt      0x20000474        0x0 d:/gcc-arm-none-eabi/bin/../lib/gcc/arm-none-eabi/10.3.1/thumb/v7-m/nofp/crtbegin.o
                0x20000474                . = ALIGN (0x4)

.bss            0x20000474     0x4468 load address 0x08003b30
                0x20000474                _sbss = .
                0x20000474                __bss_start__ = _sbss
 *(.bss)
 .bss           0x20000474       0x1c d:/gcc-arm-none-eabi/bin/../lib/gcc/arm-none-eabi/10.3.1/thumb/v7-m/nofp/crtbegin.o
 *(.bss*)
 .bss.hspi1     0x20000490       0x58 CMakeFiles/FanSlave_code.elf.dir/Core/Src/spi.c.obj
                0x20000490                hspi1
 .bss.hdma_tim1_ch2
                0x200004e8       0x44 CMakeFiles/FanSlave_code.elf.dir/Core/Src/tim.c.obj
                0x200004e8                hdma_tim1_ch2
 .bss.hdma_tim2_ch2_ch4
                0x2000052c       0x44 CMakeFiles/FanSlave_code.elf.dir/Core/Src/tim.c.obj
                0x2000052c                hdma_tim2_ch2_ch4
 .bss.hdma_tim2_ch3
                0x20000570       0x44 CMakeFiles/FanSlave_code.elf.dir/Core/Src/tim.c.obj
                0x20000570                hdma_tim2_ch3
 .bss.hdma_tim4_ch2
                0x200005b4       0x44 CMakeFiles/FanSlave_code.elf.dir/Core/Src/tim.c.obj
                0x200005b4                hdma_tim4_ch2
 .bss.hdma_tim4_ch3
                0x200005f8       0x44 CMakeFiles/FanSlave_code.elf.dir/Core/Src/tim.c.obj
                0x200005f8                hdma_tim4_ch3
 .bss.htim1     0x2000063c       0x48 CMakeFiles/FanSlave_code.elf.dir/Core/Src/tim.c.obj
                0x2000063c                htim1
 .bss.htim2     0x20000684       0x48 CMakeFiles/FanSlave_code.elf.dir/Core/Src/tim.c.obj
                0x20000684                htim2
 .bss.htim3     0x200006cc       0x48 CMakeFiles/FanSlave_code.elf.dir/Core/Src/tim.c.obj
                0x200006cc                htim3
 .bss.htim4     0x20000714       0x48 CMakeFiles/FanSlave_code.elf.dir/Core/Src/tim.c.obj
                0x20000714                htim4
 .bss.uwTick    0x2000075c        0x4 CMakeFiles/FanSlave_code.elf.dir/Drivers/STM32F1xx_HAL_Driver/Src/stm32f1xx_hal.c.obj
                0x2000075c                uwTick
 .bss.times_flow
                0x20000760        0x4 CMakeFiles/FanSlave_code.elf.dir/function/clock.c.obj
                0x20000760                times_flow
 .bss.led_flow  0x20000764     0x1818 CMakeFiles/FanSlave_code.elf.dir/ws2812/ws2812.c.obj
                0x20000764                led_flow
 .bss.spi_data  0x20001f7c        0x1 CMakeFiles/FanSlave_code.elf.dir/ws2812/ws2812.c.obj
                0x20001f7c                spi_data
 *fill*         0x20001f7d        0x3 
 .bss.ws2812    0x20001f80     0x2958 CMakeFiles/FanSlave_code.elf.dir/ws2812/ws2812.c.obj
                0x20001f80                ws2812
 .bss.__lock___atexit_recursive_mutex
                0x200048d8        0x1 d:/gcc-arm-none-eabi/bin/../lib/gcc/arm-none-eabi/10.3.1/../../../../arm-none-eabi/lib/thumb/v7-m/nofp\libg.a(lib_a-lock.o)
                0x200048d8                __lock___atexit_recursive_mutex
 *(COMMON)
                0x200048dc                . = ALIGN (0x4)
 *fill*         0x200048d9        0x3 
                0x200048dc                _ebss = .
                0x200048dc                __bss_end__ = _ebss

._user_heap_stack
                0x200048dc      0x604 load address 0x08003b30
                0x200048e0                . = ALIGN (0x8)
 *fill*         0x200048dc        0x4 
                [!provide]                PROVIDE (end = .)
                0x200048e0                PROVIDE (_end = .)
                0x20004ae0                . = (. + _Min_Heap_Size)
 *fill*         0x200048e0      0x200 
                0x20004ee0                . = (. + _Min_Stack_Size)
 *fill*         0x20004ae0      0x400 
                0x20004ee0                . = ALIGN (0x8)

/DISCARD/
 libc.a(*)
 libm.a(*)
 libgcc.a(*)

.ARM.attributes
                0x00000000       0x29
 *(.ARM.attributes)
 .ARM.attributes
                0x00000000       0x1d d:/gcc-arm-none-eabi/bin/../lib/gcc/arm-none-eabi/10.3.1/thumb/v7-m/nofp/crti.o
 .ARM.attributes
                0x0000001d       0x2d d:/gcc-arm-none-eabi/bin/../lib/gcc/arm-none-eabi/10.3.1/thumb/v7-m/nofp/crtbegin.o
 .ARM.attributes
                0x0000004a       0x2d CMakeFiles/FanSlave_code.elf.dir/Core/Src/dma.c.obj
 .ARM.attributes
                0x00000077       0x2d CMakeFiles/FanSlave_code.elf.dir/Core/Src/gpio.c.obj
 .ARM.attributes
                0x000000a4       0x2d CMakeFiles/FanSlave_code.elf.dir/Core/Src/main.c.obj
 .ARM.attributes
                0x000000d1       0x2d CMakeFiles/FanSlave_code.elf.dir/Core/Src/spi.c.obj
 .ARM.attributes
                0x000000fe       0x2d CMakeFiles/FanSlave_code.elf.dir/Core/Src/stm32f1xx_hal_msp.c.obj
 .ARM.attributes
                0x0000012b       0x2d CMakeFiles/FanSlave_code.elf.dir/Core/Src/stm32f1xx_it.c.obj
 .ARM.attributes
                0x00000158       0x2d CMakeFiles/FanSlave_code.elf.dir/Core/Src/system_stm32f1xx.c.obj
 .ARM.attributes
                0x00000185       0x2d CMakeFiles/FanSlave_code.elf.dir/Core/Src/tim.c.obj
 .ARM.attributes
                0x000001b2       0x21 CMakeFiles/FanSlave_code.elf.dir/Core/Startup/startup_stm32f103c8tx.s.obj
 .ARM.attributes
                0x000001d3       0x2d CMakeFiles/FanSlave_code.elf.dir/Drivers/STM32F1xx_HAL_Driver/Src/stm32f1xx_hal.c.obj
 .ARM.attributes
                0x00000200       0x2d CMakeFiles/FanSlave_code.elf.dir/Drivers/STM32F1xx_HAL_Driver/Src/stm32f1xx_hal_cortex.c.obj
 .ARM.attributes
                0x0000022d       0x2d CMakeFiles/FanSlave_code.elf.dir/Drivers/STM32F1xx_HAL_Driver/Src/stm32f1xx_hal_dma.c.obj
 .ARM.attributes
                0x0000025a       0x2d CMakeFiles/FanSlave_code.elf.dir/Drivers/STM32F1xx_HAL_Driver/Src/stm32f1xx_hal_gpio.c.obj
 .ARM.attributes
                0x00000287       0x2d CMakeFiles/FanSlave_code.elf.dir/Drivers/STM32F1xx_HAL_Driver/Src/stm32f1xx_hal_rcc.c.obj
 .ARM.attributes
                0x000002b4       0x2d CMakeFiles/FanSlave_code.elf.dir/Drivers/STM32F1xx_HAL_Driver/Src/stm32f1xx_hal_spi.c.obj
 .ARM.attributes
                0x000002e1       0x2d CMakeFiles/FanSlave_code.elf.dir/Drivers/STM32F1xx_HAL_Driver/Src/stm32f1xx_hal_tim.c.obj
 .ARM.attributes
                0x0000030e       0x2d CMakeFiles/FanSlave_code.elf.dir/Drivers/STM32F1xx_HAL_Driver/Src/stm32f1xx_hal_tim_ex.c.obj
 .ARM.attributes
                0x0000033b       0x2d CMakeFiles/FanSlave_code.elf.dir/function/clock.c.obj
 .ARM.attributes
                0x00000368       0x2d CMakeFiles/FanSlave_code.elf.dir/ws2812/ws2812.c.obj
 .ARM.attributes
                0x00000395       0x2d d:/gcc-arm-none-eabi/bin/../lib/gcc/arm-none-eabi/10.3.1/../../../../arm-none-eabi/lib/thumb/v7-m/nofp\libg.a(lib_a-impure.o)
 .ARM.attributes
                0x000003c2       0x2d d:/gcc-arm-none-eabi/bin/../lib/gcc/arm-none-eabi/10.3.1/../../../../arm-none-eabi/lib/thumb/v7-m/nofp\libg.a(lib_a-init.o)
 .ARM.attributes
                0x000003ef       0x2d d:/gcc-arm-none-eabi/bin/../lib/gcc/arm-none-eabi/10.3.1/../../../../arm-none-eabi/lib/thumb/v7-m/nofp\libg.a(lib_a-memset.o)
 .ARM.attributes
                0x0000041c       0x2d d:/gcc-arm-none-eabi/bin/../lib/gcc/arm-none-eabi/10.3.1/../../../../arm-none-eabi/lib/thumb/v7-m/nofp\libg.a(lib_a-__call_atexit.o)
 .ARM.attributes
                0x00000449       0x2d d:/gcc-arm-none-eabi/bin/../lib/gcc/arm-none-eabi/10.3.1/../../../../arm-none-eabi/lib/thumb/v7-m/nofp\libg.a(lib_a-atexit.o)
 .ARM.attributes
                0x00000476       0x2d d:/gcc-arm-none-eabi/bin/../lib/gcc/arm-none-eabi/10.3.1/../../../../arm-none-eabi/lib/thumb/v7-m/nofp\libg.a(lib_a-fini.o)
 .ARM.attributes
                0x000004a3       0x2d d:/gcc-arm-none-eabi/bin/../lib/gcc/arm-none-eabi/10.3.1/../../../../arm-none-eabi/lib/thumb/v7-m/nofp\libg.a(lib_a-lock.o)
 .ARM.attributes
                0x000004d0       0x2d d:/gcc-arm-none-eabi/bin/../lib/gcc/arm-none-eabi/10.3.1/../../../../arm-none-eabi/lib/thumb/v7-m/nofp\libg.a(lib_a-__atexit.o)
 .ARM.attributes
                0x000004fd       0x1d d:/gcc-arm-none-eabi/bin/../lib/gcc/arm-none-eabi/10.3.1/thumb/v7-m/nofp/crtn.o
OUTPUT(FanSlave_code.elf elf32-littlearm)
LOAD linker stubs
LOAD d:/gcc-arm-none-eabi/bin/../lib/gcc/arm-none-eabi/10.3.1/../../../../arm-none-eabi/lib/thumb/v7-m/nofp\libc.a
LOAD d:/gcc-arm-none-eabi/bin/../lib/gcc/arm-none-eabi/10.3.1/../../../../arm-none-eabi/lib/thumb/v7-m/nofp\libm.a
LOAD d:/gcc-arm-none-eabi/bin/../lib/gcc/arm-none-eabi/10.3.1/thumb/v7-m/nofp\libgcc.a

.debug_info     0x00000000    0x10636
 .debug_info    0x00000000      0x3b4 CMakeFiles/FanSlave_code.elf.dir/Core/Src/dma.c.obj
 .debug_info    0x000003b4      0x349 CMakeFiles/FanSlave_code.elf.dir/Core/Src/gpio.c.obj
 .debug_info    0x000006fd      0xa45 CMakeFiles/FanSlave_code.elf.dir/Core/Src/main.c.obj
 .debug_info    0x00001142      0xa22 CMakeFiles/FanSlave_code.elf.dir/Core/Src/spi.c.obj
 .debug_info    0x00001b64      0x211 CMakeFiles/FanSlave_code.elf.dir/Core/Src/stm32f1xx_hal_msp.c.obj
 .debug_info    0x00001d75      0xafc CMakeFiles/FanSlave_code.elf.dir/Core/Src/stm32f1xx_it.c.obj
 .debug_info    0x00002871      0x248 CMakeFiles/FanSlave_code.elf.dir/Core/Src/system_stm32f1xx.c.obj
 .debug_info    0x00002ab9     0x1478 CMakeFiles/FanSlave_code.elf.dir/Core/Src/tim.c.obj
 .debug_info    0x00003f31       0x22 CMakeFiles/FanSlave_code.elf.dir/Core/Startup/startup_stm32f103c8tx.s.obj
 .debug_info    0x00003f53      0x7a8 CMakeFiles/FanSlave_code.elf.dir/Drivers/STM32F1xx_HAL_Driver/Src/stm32f1xx_hal.c.obj
 .debug_info    0x000046fb      0xd8a CMakeFiles/FanSlave_code.elf.dir/Drivers/STM32F1xx_HAL_Driver/Src/stm32f1xx_hal_cortex.c.obj
 .debug_info    0x00005485      0x846 CMakeFiles/FanSlave_code.elf.dir/Drivers/STM32F1xx_HAL_Driver/Src/stm32f1xx_hal_dma.c.obj
 .debug_info    0x00005ccb      0x66f CMakeFiles/FanSlave_code.elf.dir/Drivers/STM32F1xx_HAL_Driver/Src/stm32f1xx_hal_gpio.c.obj
 .debug_info    0x0000633a      0xa36 CMakeFiles/FanSlave_code.elf.dir/Drivers/STM32F1xx_HAL_Driver/Src/stm32f1xx_hal_rcc.c.obj
 .debug_info    0x00006d70     0x1d70 CMakeFiles/FanSlave_code.elf.dir/Drivers/STM32F1xx_HAL_Driver/Src/stm32f1xx_hal_spi.c.obj
 .debug_info    0x00008ae0     0x3b00 CMakeFiles/FanSlave_code.elf.dir/Drivers/STM32F1xx_HAL_Driver/Src/stm32f1xx_hal_tim.c.obj
 .debug_info    0x0000c5e0     0x19e9 CMakeFiles/FanSlave_code.elf.dir/Drivers/STM32F1xx_HAL_Driver/Src/stm32f1xx_hal_tim_ex.c.obj
 .debug_info    0x0000dfc9      0x6b7 CMakeFiles/FanSlave_code.elf.dir/function/clock.c.obj
 .debug_info    0x0000e680     0x1fb6 CMakeFiles/FanSlave_code.elf.dir/ws2812/ws2812.c.obj

.debug_abbrev   0x00000000     0x2430
 .debug_abbrev  0x00000000      0x114 CMakeFiles/FanSlave_code.elf.dir/Core/Src/dma.c.obj
 .debug_abbrev  0x00000114      0x13c CMakeFiles/FanSlave_code.elf.dir/Core/Src/gpio.c.obj
 .debug_abbrev  0x00000250      0x216 CMakeFiles/FanSlave_code.elf.dir/Core/Src/main.c.obj
 .debug_abbrev  0x00000466      0x1ca CMakeFiles/FanSlave_code.elf.dir/Core/Src/spi.c.obj
 .debug_abbrev  0x00000630       0xe5 CMakeFiles/FanSlave_code.elf.dir/Core/Src/stm32f1xx_hal_msp.c.obj
 .debug_abbrev  0x00000715      0x1a6 CMakeFiles/FanSlave_code.elf.dir/Core/Src/stm32f1xx_it.c.obj
 .debug_abbrev  0x000008bb      0x13e CMakeFiles/FanSlave_code.elf.dir/Core/Src/system_stm32f1xx.c.obj
 .debug_abbrev  0x000009f9      0x268 CMakeFiles/FanSlave_code.elf.dir/Core/Src/tim.c.obj
 .debug_abbrev  0x00000c61       0x12 CMakeFiles/FanSlave_code.elf.dir/Core/Startup/startup_stm32f103c8tx.s.obj
 .debug_abbrev  0x00000c73      0x1f4 CMakeFiles/FanSlave_code.elf.dir/Drivers/STM32F1xx_HAL_Driver/Src/stm32f1xx_hal.c.obj
 .debug_abbrev  0x00000e67      0x341 CMakeFiles/FanSlave_code.elf.dir/Drivers/STM32F1xx_HAL_Driver/Src/stm32f1xx_hal_cortex.c.obj
 .debug_abbrev  0x000011a8      0x223 CMakeFiles/FanSlave_code.elf.dir/Drivers/STM32F1xx_HAL_Driver/Src/stm32f1xx_hal_dma.c.obj
 .debug_abbrev  0x000013cb      0x1e6 CMakeFiles/FanSlave_code.elf.dir/Drivers/STM32F1xx_HAL_Driver/Src/stm32f1xx_hal_gpio.c.obj
 .debug_abbrev  0x000015b1      0x27a CMakeFiles/FanSlave_code.elf.dir/Drivers/STM32F1xx_HAL_Driver/Src/stm32f1xx_hal_rcc.c.obj
 .debug_abbrev  0x0000182b      0x23b CMakeFiles/FanSlave_code.elf.dir/Drivers/STM32F1xx_HAL_Driver/Src/stm32f1xx_hal_spi.c.obj
 .debug_abbrev  0x00001a66      0x23e CMakeFiles/FanSlave_code.elf.dir/Drivers/STM32F1xx_HAL_Driver/Src/stm32f1xx_hal_tim.c.obj
 .debug_abbrev  0x00001ca4      0x241 CMakeFiles/FanSlave_code.elf.dir/Drivers/STM32F1xx_HAL_Driver/Src/stm32f1xx_hal_tim_ex.c.obj
 .debug_abbrev  0x00001ee5      0x1b1 CMakeFiles/FanSlave_code.elf.dir/function/clock.c.obj
 .debug_abbrev  0x00002096      0x39a CMakeFiles/FanSlave_code.elf.dir/ws2812/ws2812.c.obj

.debug_aranges  0x00000000      0xcb0
 .debug_aranges
                0x00000000       0x20 CMakeFiles/FanSlave_code.elf.dir/Core/Src/dma.c.obj
 .debug_aranges
                0x00000020       0x20 CMakeFiles/FanSlave_code.elf.dir/Core/Src/gpio.c.obj
 .debug_aranges
                0x00000040       0x30 CMakeFiles/FanSlave_code.elf.dir/Core/Src/main.c.obj
 .debug_aranges
                0x00000070       0x30 CMakeFiles/FanSlave_code.elf.dir/Core/Src/spi.c.obj
 .debug_aranges
                0x000000a0       0x20 CMakeFiles/FanSlave_code.elf.dir/Core/Src/stm32f1xx_hal_msp.c.obj
 .debug_aranges
                0x000000c0       0xa0 CMakeFiles/FanSlave_code.elf.dir/Core/Src/stm32f1xx_it.c.obj
 .debug_aranges
                0x00000160       0x28 CMakeFiles/FanSlave_code.elf.dir/Core/Src/system_stm32f1xx.c.obj
 .debug_aranges
                0x00000188       0x68 CMakeFiles/FanSlave_code.elf.dir/Core/Src/tim.c.obj
 .debug_aranges
                0x000001f0       0x28 CMakeFiles/FanSlave_code.elf.dir/Core/Startup/startup_stm32f103c8tx.s.obj
 .debug_aranges
                0x00000218       0xe0 CMakeFiles/FanSlave_code.elf.dir/Drivers/STM32F1xx_HAL_Driver/Src/stm32f1xx_hal.c.obj
 .debug_aranges
                0x000002f8       0x90 CMakeFiles/FanSlave_code.elf.dir/Drivers/STM32F1xx_HAL_Driver/Src/stm32f1xx_hal_cortex.c.obj
 .debug_aranges
                0x00000388       0x80 CMakeFiles/FanSlave_code.elf.dir/Drivers/STM32F1xx_HAL_Driver/Src/stm32f1xx_hal_dma.c.obj
 .debug_aranges
                0x00000408       0x58 CMakeFiles/FanSlave_code.elf.dir/Drivers/STM32F1xx_HAL_Driver/Src/stm32f1xx_hal_gpio.c.obj
 .debug_aranges
                0x00000460       0x90 CMakeFiles/FanSlave_code.elf.dir/Drivers/STM32F1xx_HAL_Driver/Src/stm32f1xx_hal_rcc.c.obj
 .debug_aranges
                0x000004f0      0x1d0 CMakeFiles/FanSlave_code.elf.dir/Drivers/STM32F1xx_HAL_Driver/Src/stm32f1xx_hal_spi.c.obj
 .debug_aranges
                0x000006c0      0x3d0 CMakeFiles/FanSlave_code.elf.dir/Drivers/STM32F1xx_HAL_Driver/Src/stm32f1xx_hal_tim.c.obj
 .debug_aranges
                0x00000a90      0x168 CMakeFiles/FanSlave_code.elf.dir/Drivers/STM32F1xx_HAL_Driver/Src/stm32f1xx_hal_tim_ex.c.obj
 .debug_aranges
                0x00000bf8       0x38 CMakeFiles/FanSlave_code.elf.dir/function/clock.c.obj
 .debug_aranges
                0x00000c30       0x80 CMakeFiles/FanSlave_code.elf.dir/ws2812/ws2812.c.obj

.debug_ranges   0x00000000      0xde8
 .debug_ranges  0x00000000       0x10 CMakeFiles/FanSlave_code.elf.dir/Core/Src/dma.c.obj
 .debug_ranges  0x00000010       0x10 CMakeFiles/FanSlave_code.elf.dir/Core/Src/gpio.c.obj
 .debug_ranges  0x00000020       0x20 CMakeFiles/FanSlave_code.elf.dir/Core/Src/main.c.obj
 .debug_ranges  0x00000040       0x20 CMakeFiles/FanSlave_code.elf.dir/Core/Src/spi.c.obj
 .debug_ranges  0x00000060       0x10 CMakeFiles/FanSlave_code.elf.dir/Core/Src/stm32f1xx_hal_msp.c.obj
 .debug_ranges  0x00000070       0x90 CMakeFiles/FanSlave_code.elf.dir/Core/Src/stm32f1xx_it.c.obj
 .debug_ranges  0x00000100       0x18 CMakeFiles/FanSlave_code.elf.dir/Core/Src/system_stm32f1xx.c.obj
 .debug_ranges  0x00000118       0x58 CMakeFiles/FanSlave_code.elf.dir/Core/Src/tim.c.obj
 .debug_ranges  0x00000170       0x20 CMakeFiles/FanSlave_code.elf.dir/Core/Startup/startup_stm32f103c8tx.s.obj
 .debug_ranges  0x00000190       0xd0 CMakeFiles/FanSlave_code.elf.dir/Drivers/STM32F1xx_HAL_Driver/Src/stm32f1xx_hal.c.obj
 .debug_ranges  0x00000260       0xe0 CMakeFiles/FanSlave_code.elf.dir/Drivers/STM32F1xx_HAL_Driver/Src/stm32f1xx_hal_cortex.c.obj
 .debug_ranges  0x00000340       0x70 CMakeFiles/FanSlave_code.elf.dir/Drivers/STM32F1xx_HAL_Driver/Src/stm32f1xx_hal_dma.c.obj
 .debug_ranges  0x000003b0       0x48 CMakeFiles/FanSlave_code.elf.dir/Drivers/STM32F1xx_HAL_Driver/Src/stm32f1xx_hal_gpio.c.obj
 .debug_ranges  0x000003f8       0xa0 CMakeFiles/FanSlave_code.elf.dir/Drivers/STM32F1xx_HAL_Driver/Src/stm32f1xx_hal_rcc.c.obj
 .debug_ranges  0x00000498      0x1c0 CMakeFiles/FanSlave_code.elf.dir/Drivers/STM32F1xx_HAL_Driver/Src/stm32f1xx_hal_spi.c.obj
 .debug_ranges  0x00000658      0x3c0 CMakeFiles/FanSlave_code.elf.dir/Drivers/STM32F1xx_HAL_Driver/Src/stm32f1xx_hal_tim.c.obj
 .debug_ranges  0x00000a18      0x158 CMakeFiles/FanSlave_code.elf.dir/Drivers/STM32F1xx_HAL_Driver/Src/stm32f1xx_hal_tim_ex.c.obj
 .debug_ranges  0x00000b70       0x28 CMakeFiles/FanSlave_code.elf.dir/function/clock.c.obj
 .debug_ranges  0x00000b98      0x250 CMakeFiles/FanSlave_code.elf.dir/ws2812/ws2812.c.obj

.debug_line     0x00000000     0xe19a
 .debug_line    0x00000000      0x1d3 CMakeFiles/FanSlave_code.elf.dir/Core/Src/dma.c.obj
 .debug_line    0x000001d3      0x239 CMakeFiles/FanSlave_code.elf.dir/Core/Src/gpio.c.obj
 .debug_line    0x0000040c      0x434 CMakeFiles/FanSlave_code.elf.dir/Core/Src/main.c.obj
 .debug_line    0x00000840      0x36f CMakeFiles/FanSlave_code.elf.dir/Core/Src/spi.c.obj
 .debug_line    0x00000baf      0x17c CMakeFiles/FanSlave_code.elf.dir/Core/Src/stm32f1xx_hal_msp.c.obj
 .debug_line    0x00000d2b      0x3dd CMakeFiles/FanSlave_code.elf.dir/Core/Src/stm32f1xx_it.c.obj
 .debug_line    0x00001108      0x246 CMakeFiles/FanSlave_code.elf.dir/Core/Src/system_stm32f1xx.c.obj
 .debug_line    0x0000134e      0x990 CMakeFiles/FanSlave_code.elf.dir/Core/Src/tim.c.obj
 .debug_line    0x00001cde       0xb0 CMakeFiles/FanSlave_code.elf.dir/Core/Startup/startup_stm32f103c8tx.s.obj
 .debug_line    0x00001d8e      0x586 CMakeFiles/FanSlave_code.elf.dir/Drivers/STM32F1xx_HAL_Driver/Src/stm32f1xx_hal.c.obj
 .debug_line    0x00002314      0x665 CMakeFiles/FanSlave_code.elf.dir/Drivers/STM32F1xx_HAL_Driver/Src/stm32f1xx_hal_cortex.c.obj
 .debug_line    0x00002979      0xa7f CMakeFiles/FanSlave_code.elf.dir/Drivers/STM32F1xx_HAL_Driver/Src/stm32f1xx_hal_dma.c.obj
 .debug_line    0x000033f8      0x60f CMakeFiles/FanSlave_code.elf.dir/Drivers/STM32F1xx_HAL_Driver/Src/stm32f1xx_hal_gpio.c.obj
 .debug_line    0x00003a07      0xc5c CMakeFiles/FanSlave_code.elf.dir/Drivers/STM32F1xx_HAL_Driver/Src/stm32f1xx_hal_rcc.c.obj
 .debug_line    0x00004663     0x2496 CMakeFiles/FanSlave_code.elf.dir/Drivers/STM32F1xx_HAL_Driver/Src/stm32f1xx_hal_spi.c.obj
 .debug_line    0x00006af9     0x468a CMakeFiles/FanSlave_code.elf.dir/Drivers/STM32F1xx_HAL_Driver/Src/stm32f1xx_hal_tim.c.obj
 .debug_line    0x0000b183     0x1b8a CMakeFiles/FanSlave_code.elf.dir/Drivers/STM32F1xx_HAL_Driver/Src/stm32f1xx_hal_tim_ex.c.obj
 .debug_line    0x0000cd0d      0x283 CMakeFiles/FanSlave_code.elf.dir/function/clock.c.obj
 .debug_line    0x0000cf90     0x120a CMakeFiles/FanSlave_code.elf.dir/ws2812/ws2812.c.obj

.debug_str      0x00000000     0x3b9d
 .debug_str     0x00000000      0x4ee CMakeFiles/FanSlave_code.elf.dir/Core/Src/dma.c.obj
                                0x530 (size before relaxing)
 .debug_str     0x000004ee       0xd3 CMakeFiles/FanSlave_code.elf.dir/Core/Src/gpio.c.obj
                                0x2cd (size before relaxing)
 .debug_str     0x000005c1      0x6b1 CMakeFiles/FanSlave_code.elf.dir/Core/Src/main.c.obj
                                0x93b (size before relaxing)
 .debug_str     0x00000c72      0x260 CMakeFiles/FanSlave_code.elf.dir/Core/Src/spi.c.obj
                                0x9ec (size before relaxing)
 .debug_str     0x00000ed2       0x83 CMakeFiles/FanSlave_code.elf.dir/Core/Src/stm32f1xx_hal_msp.c.obj
                                0x26f (size before relaxing)
 .debug_str     0x00000f55      0x216 CMakeFiles/FanSlave_code.elf.dir/Core/Src/stm32f1xx_it.c.obj
                                0xa78 (size before relaxing)
 .debug_str     0x0000116b       0xa7 CMakeFiles/FanSlave_code.elf.dir/Core/Src/system_stm32f1xx.c.obj
                                0x2a4 (size before relaxing)
 .debug_str     0x00001212      0x361 CMakeFiles/FanSlave_code.elf.dir/Core/Src/tim.c.obj
                                0xea0 (size before relaxing)
 .debug_str     0x00001573       0x5f CMakeFiles/FanSlave_code.elf.dir/Core/Startup/startup_stm32f103c8tx.s.obj
                                 0x9d (size before relaxing)
 .debug_str     0x000015d2      0x32d CMakeFiles/FanSlave_code.elf.dir/Drivers/STM32F1xx_HAL_Driver/Src/stm32f1xx_hal.c.obj
                                0x874 (size before relaxing)
 .debug_str     0x000018ff      0x3c7 CMakeFiles/FanSlave_code.elf.dir/Drivers/STM32F1xx_HAL_Driver/Src/stm32f1xx_hal_cortex.c.obj
                                0x923 (size before relaxing)
 .debug_str     0x00001cc6      0x234 CMakeFiles/FanSlave_code.elf.dir/Drivers/STM32F1xx_HAL_Driver/Src/stm32f1xx_hal_dma.c.obj
                                0x64d (size before relaxing)
 .debug_str     0x00001efa      0x13e CMakeFiles/FanSlave_code.elf.dir/Drivers/STM32F1xx_HAL_Driver/Src/stm32f1xx_hal_gpio.c.obj
                                0x450 (size before relaxing)
 .debug_str     0x00002038      0x21d CMakeFiles/FanSlave_code.elf.dir/Drivers/STM32F1xx_HAL_Driver/Src/stm32f1xx_hal_rcc.c.obj
                                0x67b (size before relaxing)
 .debug_str     0x00002255      0x53e CMakeFiles/FanSlave_code.elf.dir/Drivers/STM32F1xx_HAL_Driver/Src/stm32f1xx_hal_spi.c.obj
                                0xbb7 (size before relaxing)
 .debug_str     0x00002793      0xd68 CMakeFiles/FanSlave_code.elf.dir/Drivers/STM32F1xx_HAL_Driver/Src/stm32f1xx_hal_tim.c.obj
                               0x1688 (size before relaxing)
 .debug_str     0x000034fb      0x49b CMakeFiles/FanSlave_code.elf.dir/Drivers/STM32F1xx_HAL_Driver/Src/stm32f1xx_hal_tim_ex.c.obj
                                0xe89 (size before relaxing)
 .debug_str     0x00003996       0x71 CMakeFiles/FanSlave_code.elf.dir/function/clock.c.obj
                                0x6fa (size before relaxing)
 .debug_str     0x00003a07      0x196 CMakeFiles/FanSlave_code.elf.dir/ws2812/ws2812.c.obj
                                0xb11 (size before relaxing)

.comment        0x00000000       0x49
 .comment       0x00000000       0x49 CMakeFiles/FanSlave_code.elf.dir/Core/Src/dma.c.obj
                                 0x4a (size before relaxing)
 .comment       0x00000049       0x4a CMakeFiles/FanSlave_code.elf.dir/Core/Src/gpio.c.obj
 .comment       0x00000049       0x4a CMakeFiles/FanSlave_code.elf.dir/Core/Src/main.c.obj
 .comment       0x00000049       0x4a CMakeFiles/FanSlave_code.elf.dir/Core/Src/spi.c.obj
 .comment       0x00000049       0x4a CMakeFiles/FanSlave_code.elf.dir/Core/Src/stm32f1xx_hal_msp.c.obj
 .comment       0x00000049       0x4a CMakeFiles/FanSlave_code.elf.dir/Core/Src/stm32f1xx_it.c.obj
 .comment       0x00000049       0x4a CMakeFiles/FanSlave_code.elf.dir/Core/Src/system_stm32f1xx.c.obj
 .comment       0x00000049       0x4a CMakeFiles/FanSlave_code.elf.dir/Core/Src/tim.c.obj
 .comment       0x00000049       0x4a CMakeFiles/FanSlave_code.elf.dir/Drivers/STM32F1xx_HAL_Driver/Src/stm32f1xx_hal.c.obj
 .comment       0x00000049       0x4a CMakeFiles/FanSlave_code.elf.dir/Drivers/STM32F1xx_HAL_Driver/Src/stm32f1xx_hal_cortex.c.obj
 .comment       0x00000049       0x4a CMakeFiles/FanSlave_code.elf.dir/Drivers/STM32F1xx_HAL_Driver/Src/stm32f1xx_hal_dma.c.obj
 .comment       0x00000049       0x4a CMakeFiles/FanSlave_code.elf.dir/Drivers/STM32F1xx_HAL_Driver/Src/stm32f1xx_hal_gpio.c.obj
 .comment       0x00000049       0x4a CMakeFiles/FanSlave_code.elf.dir/Drivers/STM32F1xx_HAL_Driver/Src/stm32f1xx_hal_rcc.c.obj
 .comment       0x00000049       0x4a CMakeFiles/FanSlave_code.elf.dir/Drivers/STM32F1xx_HAL_Driver/Src/stm32f1xx_hal_spi.c.obj
 .comment       0x00000049       0x4a CMakeFiles/FanSlave_code.elf.dir/Drivers/STM32F1xx_HAL_Driver/Src/stm32f1xx_hal_tim.c.obj
 .comment       0x00000049       0x4a CMakeFiles/FanSlave_code.elf.dir/Drivers/STM32F1xx_HAL_Driver/Src/stm32f1xx_hal_tim_ex.c.obj
 .comment       0x00000049       0x4a CMakeFiles/FanSlave_code.elf.dir/function/clock.c.obj
 .comment       0x00000049       0x4a CMakeFiles/FanSlave_code.elf.dir/ws2812/ws2812.c.obj

.debug_frame    0x00000000     0x2314
 .debug_frame   0x00000000       0x2c CMakeFiles/FanSlave_code.elf.dir/Core/Src/dma.c.obj
 .debug_frame   0x0000002c       0x38 CMakeFiles/FanSlave_code.elf.dir/Core/Src/gpio.c.obj
 .debug_frame   0x00000064       0x58 CMakeFiles/FanSlave_code.elf.dir/Core/Src/main.c.obj
 .debug_frame   0x000000bc       0x60 CMakeFiles/FanSlave_code.elf.dir/Core/Src/spi.c.obj
 .debug_frame   0x0000011c       0x28 CMakeFiles/FanSlave_code.elf.dir/Core/Src/stm32f1xx_hal_msp.c.obj
 .debug_frame   0x00000144      0x168 CMakeFiles/FanSlave_code.elf.dir/Core/Src/stm32f1xx_it.c.obj
 .debug_frame   0x000002ac       0x30 CMakeFiles/FanSlave_code.elf.dir/Core/Src/system_stm32f1xx.c.obj
 .debug_frame   0x000002dc      0x138 CMakeFiles/FanSlave_code.elf.dir/Core/Src/tim.c.obj
 .debug_frame   0x00000414      0x1cc CMakeFiles/FanSlave_code.elf.dir/Drivers/STM32F1xx_HAL_Driver/Src/stm32f1xx_hal.c.obj
 .debug_frame   0x000005e0      0x118 CMakeFiles/FanSlave_code.elf.dir/Drivers/STM32F1xx_HAL_Driver/Src/stm32f1xx_hal_cortex.c.obj
 .debug_frame   0x000006f8      0x144 CMakeFiles/FanSlave_code.elf.dir/Drivers/STM32F1xx_HAL_Driver/Src/stm32f1xx_hal_dma.c.obj
 .debug_frame   0x0000083c       0xe4 CMakeFiles/FanSlave_code.elf.dir/Drivers/STM32F1xx_HAL_Driver/Src/stm32f1xx_hal_gpio.c.obj
 .debug_frame   0x00000920      0x18c CMakeFiles/FanSlave_code.elf.dir/Drivers/STM32F1xx_HAL_Driver/Src/stm32f1xx_hal_rcc.c.obj
 .debug_frame   0x00000aac      0x5a4 CMakeFiles/FanSlave_code.elf.dir/Drivers/STM32F1xx_HAL_Driver/Src/stm32f1xx_hal_spi.c.obj
 .debug_frame   0x00001050      0xb18 CMakeFiles/FanSlave_code.elf.dir/Drivers/STM32F1xx_HAL_Driver/Src/stm32f1xx_hal_tim.c.obj
 .debug_frame   0x00001b68      0x40c CMakeFiles/FanSlave_code.elf.dir/Drivers/STM32F1xx_HAL_Driver/Src/stm32f1xx_hal_tim_ex.c.obj
 .debug_frame   0x00001f74       0x50 CMakeFiles/FanSlave_code.elf.dir/function/clock.c.obj
 .debug_frame   0x00001fc4      0x164 CMakeFiles/FanSlave_code.elf.dir/ws2812/ws2812.c.obj
 .debug_frame   0x00002128       0x2c d:/gcc-arm-none-eabi/bin/../lib/gcc/arm-none-eabi/10.3.1/../../../../arm-none-eabi/lib/thumb/v7-m/nofp\libg.a(lib_a-init.o)
 .debug_frame   0x00002154       0x2c d:/gcc-arm-none-eabi/bin/../lib/gcc/arm-none-eabi/10.3.1/../../../../arm-none-eabi/lib/thumb/v7-m/nofp\libg.a(lib_a-memset.o)
 .debug_frame   0x00002180       0x5c d:/gcc-arm-none-eabi/bin/../lib/gcc/arm-none-eabi/10.3.1/../../../../arm-none-eabi/lib/thumb/v7-m/nofp\libg.a(lib_a-__call_atexit.o)
 .debug_frame   0x000021dc       0x20 d:/gcc-arm-none-eabi/bin/../lib/gcc/arm-none-eabi/10.3.1/../../../../arm-none-eabi/lib/thumb/v7-m/nofp\libg.a(lib_a-atexit.o)
 .debug_frame   0x000021fc       0x34 d:/gcc-arm-none-eabi/bin/../lib/gcc/arm-none-eabi/10.3.1/../../../../arm-none-eabi/lib/thumb/v7-m/nofp\libg.a(lib_a-fini.o)
 .debug_frame   0x00002230       0xb0 d:/gcc-arm-none-eabi/bin/../lib/gcc/arm-none-eabi/10.3.1/../../../../arm-none-eabi/lib/thumb/v7-m/nofp\libg.a(lib_a-lock.o)
 .debug_frame   0x000022e0       0x34 d:/gcc-arm-none-eabi/bin/../lib/gcc/arm-none-eabi/10.3.1/../../../../arm-none-eabi/lib/thumb/v7-m/nofp\libg.a(lib_a-__atexit.o)

.debug_loc      0x00000000     0xad91
 .debug_loc     0x00000000       0x84 CMakeFiles/FanSlave_code.elf.dir/Core/Src/spi.c.obj
 .debug_loc     0x00000084       0x15 CMakeFiles/FanSlave_code.elf.dir/Core/Src/stm32f1xx_hal_msp.c.obj
 .debug_loc     0x00000099       0xff CMakeFiles/FanSlave_code.elf.dir/Core/Src/system_stm32f1xx.c.obj
 .debug_loc     0x00000198      0x21d CMakeFiles/FanSlave_code.elf.dir/Core/Src/tim.c.obj
 .debug_loc     0x000003b5      0x141 CMakeFiles/FanSlave_code.elf.dir/Drivers/STM32F1xx_HAL_Driver/Src/stm32f1xx_hal.c.obj
 .debug_loc     0x000004f6      0x71f CMakeFiles/FanSlave_code.elf.dir/Drivers/STM32F1xx_HAL_Driver/Src/stm32f1xx_hal_cortex.c.obj
 .debug_loc     0x00000c15      0x7d1 CMakeFiles/FanSlave_code.elf.dir/Drivers/STM32F1xx_HAL_Driver/Src/stm32f1xx_hal_dma.c.obj
 .debug_loc     0x000013e6      0x47d CMakeFiles/FanSlave_code.elf.dir/Drivers/STM32F1xx_HAL_Driver/Src/stm32f1xx_hal_gpio.c.obj
 .debug_loc     0x00001863      0x61d CMakeFiles/FanSlave_code.elf.dir/Drivers/STM32F1xx_HAL_Driver/Src/stm32f1xx_hal_rcc.c.obj
 .debug_loc     0x00001e80     0x1d4e CMakeFiles/FanSlave_code.elf.dir/Drivers/STM32F1xx_HAL_Driver/Src/stm32f1xx_hal_spi.c.obj
 .debug_loc     0x00003bce     0x47a8 CMakeFiles/FanSlave_code.elf.dir/Drivers/STM32F1xx_HAL_Driver/Src/stm32f1xx_hal_tim.c.obj
 .debug_loc     0x00008376     0x1ade CMakeFiles/FanSlave_code.elf.dir/Drivers/STM32F1xx_HAL_Driver/Src/stm32f1xx_hal_tim_ex.c.obj
 .debug_loc     0x00009e54       0x25 CMakeFiles/FanSlave_code.elf.dir/function/clock.c.obj
 .debug_loc     0x00009e79      0xf18 CMakeFiles/FanSlave_code.elf.dir/ws2812/ws2812.c.obj
