Archive member included to satisfy reference by file (symbol)

/usr/lib/gcc/arm-none-eabi/9.2.1/thumb/v7-m/nofp/libgcc.a(_arm_mulsf3.o)
                              CMakeFiles/FanSlave_code.elf.dir/function/data_type_conversion.c.obj (__aeabi_fmul)
/usr/lib/gcc/arm-none-eabi/9.2.1/thumb/v7-m/nofp/libgcc.a(_arm_cmpsf2.o)
                              CMakeFiles/FanSlave_code.elf.dir/function/data_type_conversion.c.obj (__aeabi_fcmplt)
/usr/lib/gcc/arm-none-eabi/9.2.1/thumb/v7-m/nofp/libgcc.a(_arm_fixsfsi.o)
                              CMakeFiles/FanSlave_code.elf.dir/function/data_type_conversion.c.obj (__aeabi_f2iz)
/usr/lib/gcc/arm-none-eabi/9.2.1/../../../arm-none-eabi/lib/thumb/v7-m/nofp/libg.a(lib_a-atexit.o)
                              /usr/lib/gcc/arm-none-eabi/9.2.1/../../../arm-none-eabi/lib/thumb/v7-m/nofp/crt0.o (atexit)
/usr/lib/gcc/arm-none-eabi/9.2.1/../../../arm-none-eabi/lib/thumb/v7-m/nofp/libg.a(lib_a-errno.o)
                              CMakeFiles/FanSlave_code.elf.dir/Core/Src/syscalls.c.obj (__errno)
/usr/lib/gcc/arm-none-eabi/9.2.1/../../../arm-none-eabi/lib/thumb/v7-m/nofp/libg.a(lib_a-exit.o)
                              /usr/lib/gcc/arm-none-eabi/9.2.1/../../../arm-none-eabi/lib/thumb/v7-m/nofp/crt0.o (exit)
/usr/lib/gcc/arm-none-eabi/9.2.1/../../../arm-none-eabi/lib/thumb/v7-m/nofp/libg.a(lib_a-fini.o)
                              /usr/lib/gcc/arm-none-eabi/9.2.1/../../../arm-none-eabi/lib/thumb/v7-m/nofp/crt0.o (__libc_fini_array)
/usr/lib/gcc/arm-none-eabi/9.2.1/../../../arm-none-eabi/lib/thumb/v7-m/nofp/libg.a(lib_a-impure.o)
                              /usr/lib/gcc/arm-none-eabi/9.2.1/../../../arm-none-eabi/lib/thumb/v7-m/nofp/libg.a(lib_a-exit.o) (_global_impure_ptr)
/usr/lib/gcc/arm-none-eabi/9.2.1/../../../arm-none-eabi/lib/thumb/v7-m/nofp/libg.a(lib_a-init.o)
                              /usr/lib/gcc/arm-none-eabi/9.2.1/../../../arm-none-eabi/lib/thumb/v7-m/nofp/crt0.o (__libc_init_array)
/usr/lib/gcc/arm-none-eabi/9.2.1/../../../arm-none-eabi/lib/thumb/v7-m/nofp/libg.a(lib_a-memset.o)
                              /usr/lib/gcc/arm-none-eabi/9.2.1/../../../arm-none-eabi/lib/thumb/v7-m/nofp/crt0.o (memset)
/usr/lib/gcc/arm-none-eabi/9.2.1/../../../arm-none-eabi/lib/thumb/v7-m/nofp/libg.a(lib_a-__atexit.o)
                              /usr/lib/gcc/arm-none-eabi/9.2.1/../../../arm-none-eabi/lib/thumb/v7-m/nofp/libg.a(lib_a-atexit.o) (__register_exitproc)
/usr/lib/gcc/arm-none-eabi/9.2.1/../../../arm-none-eabi/lib/thumb/v7-m/nofp/libg.a(lib_a-__call_atexit.o)
                              /usr/lib/gcc/arm-none-eabi/9.2.1/../../../arm-none-eabi/lib/thumb/v7-m/nofp/libg.a(lib_a-exit.o) (__call_exitprocs)

Discarded input sections

 .text          0x0000000000000000        0x0 /usr/lib/gcc/arm-none-eabi/9.2.1/thumb/v7-m/nofp/crti.o
 .data          0x0000000000000000        0x0 /usr/lib/gcc/arm-none-eabi/9.2.1/thumb/v7-m/nofp/crti.o
 .bss           0x0000000000000000        0x0 /usr/lib/gcc/arm-none-eabi/9.2.1/thumb/v7-m/nofp/crti.o
 .data          0x0000000000000000        0x4 /usr/lib/gcc/arm-none-eabi/9.2.1/thumb/v7-m/nofp/crtbegin.o
 .text          0x0000000000000000       0x70 /usr/lib/gcc/arm-none-eabi/9.2.1/../../../arm-none-eabi/lib/thumb/v7-m/nofp/crt0.o
 .data          0x0000000000000000        0x0 /usr/lib/gcc/arm-none-eabi/9.2.1/../../../arm-none-eabi/lib/thumb/v7-m/nofp/crt0.o
 .bss           0x0000000000000000        0x0 /usr/lib/gcc/arm-none-eabi/9.2.1/../../../arm-none-eabi/lib/thumb/v7-m/nofp/crt0.o
 .ARM.extab     0x0000000000000000        0x0 /usr/lib/gcc/arm-none-eabi/9.2.1/../../../arm-none-eabi/lib/thumb/v7-m/nofp/crt0.o
 .ARM.exidx     0x0000000000000000       0x10 /usr/lib/gcc/arm-none-eabi/9.2.1/../../../arm-none-eabi/lib/thumb/v7-m/nofp/crt0.o
 .debug_line    0x0000000000000000       0x87 /usr/lib/gcc/arm-none-eabi/9.2.1/../../../arm-none-eabi/lib/thumb/v7-m/nofp/crt0.o
 .debug_info    0x0000000000000000       0x26 /usr/lib/gcc/arm-none-eabi/9.2.1/../../../arm-none-eabi/lib/thumb/v7-m/nofp/crt0.o
 .debug_abbrev  0x0000000000000000       0x14 /usr/lib/gcc/arm-none-eabi/9.2.1/../../../arm-none-eabi/lib/thumb/v7-m/nofp/crt0.o
 .debug_aranges
                0x0000000000000000       0x20 /usr/lib/gcc/arm-none-eabi/9.2.1/../../../arm-none-eabi/lib/thumb/v7-m/nofp/crt0.o
 .debug_str     0x0000000000000000       0x94 /usr/lib/gcc/arm-none-eabi/9.2.1/../../../arm-none-eabi/lib/thumb/v7-m/nofp/crt0.o
 .ARM.attributes
                0x0000000000000000       0x1b /usr/lib/gcc/arm-none-eabi/9.2.1/../../../arm-none-eabi/lib/thumb/v7-m/nofp/crt0.o
 .text          0x0000000000000000        0x0 CMakeFiles/FanSlave_code.elf.dir/Core/Src/dma.c.obj
 .data          0x0000000000000000        0x0 CMakeFiles/FanSlave_code.elf.dir/Core/Src/dma.c.obj
 .bss           0x0000000000000000        0x0 CMakeFiles/FanSlave_code.elf.dir/Core/Src/dma.c.obj
 .text          0x0000000000000000        0x0 CMakeFiles/FanSlave_code.elf.dir/Core/Src/gpio.c.obj
[...]
Memory Configuration

Name             Origin             Length             Attributes
RAM              0x0000000020000000 0x0000000000005000 xrw
FLASH            0x0000000008000000 0x0000000000010000 xr
*default*        0x0000000000000000 0xffffffffffffffff

Linker script and memory map

LOAD /usr/lib/gcc/arm-none-eabi/9.2.1/thumb/v7-m/nofp/crti.o
LOAD /usr/lib/gcc/arm-none-eabi/9.2.1/thumb/v7-m/nofp/crtbegin.o
LOAD /usr/lib/gcc/arm-none-eabi/9.2.1/../../../arm-none-eabi/lib/thumb/v7-m/nofp/crt0.o
LOAD CMakeFiles/FanSlave_code.elf.dir/Core/Src/dma.c.obj
LOAD CMakeFiles/FanSlave_code.elf.dir/Core/Src/gpio.c.obj
LOAD CMakeFiles/FanSlave_code.elf.dir/Core/Src/main.c.obj
LOAD CMakeFiles/FanSlave_code.elf.dir/Core/Src/spi.c.obj
LOAD CMakeFiles/FanSlave_code.elf.dir/Core/Src/stm32f1xx_hal_msp.c.obj
LOAD CMakeFiles/FanSlave_code.elf.dir/Core/Src/stm32f1xx_it.c.obj
LOAD CMakeFiles/FanSlave_code.elf.dir/Core/Src/syscalls.c.obj
LOAD CMakeFiles/FanSlave_code.elf.dir/Core/Src/sysmem.c.obj
LOAD CMakeFiles/FanSlave_code.elf.dir/Core/Src/system_stm32f1xx.c.obj
LOAD CMakeFiles/FanSlave_code.elf.dir/Core/Src/tim.c.obj
LOAD CMakeFiles/FanSlave_code.elf.dir/Core/Startup/startup_stm32f103c8tx.s.obj
LOAD CMakeFiles/FanSlave_code.elf.dir/Drivers/STM32F1xx_HAL_Driver/Src/stm32f1xx_hal.c.obj
LOAD CMakeFiles/FanSlave_code.elf.dir/Drivers/STM32F1xx_HAL_Driver/Src/stm32f1xx_hal_cortex.c.obj
LOAD CMakeFiles/FanSlave_code.elf.dir/Drivers/STM32F1xx_HAL_Driver/Src/stm32f1xx_hal_dma.c.obj
LOAD CMakeFiles/FanSlave_code.elf.dir/Drivers/STM32F1xx_HAL_Driver/Src/stm32f1xx_hal_exti.c.obj
LOAD CMakeFiles/FanSlave_code.elf.dir/Drivers/STM32F1xx_HAL_Driver/Src/stm32f1xx_hal_flash.c.obj
LOAD CMakeFiles/FanSlave_code.elf.dir/Drivers/STM32F1xx_HAL_Driver/Src/stm32f1xx_hal_flash_ex.c.obj
LOAD CMakeFiles/FanSlave_code.elf.dir/Drivers/STM32F1xx_HAL_Driver/Src/stm32f1xx_hal_gpio.c.obj
LOAD CMakeFiles/FanSlave_code.elf.dir/Drivers/STM32F1xx_HAL_Driver/Src/stm32f1xx_hal_gpio_ex.c.obj
LOAD CMakeFiles/FanSlave_code.elf.dir/Drivers/STM32F1xx_HAL_Driver/Src/stm32f1xx_hal_pwr.c.obj
LOAD CMakeFiles/FanSlave_code.elf.dir/Drivers/STM32F1xx_HAL_Driver/Src/stm32f1xx_hal_rcc.c.obj
LOAD CMakeFiles/FanSlave_code.elf.dir/Drivers/STM32F1xx_HAL_Driver/Src/stm32f1xx_hal_rcc_ex.c.obj
LOAD CMakeFiles/FanSlave_code.elf.dir/Drivers/STM32F1xx_HAL_Driver/Src/stm32f1xx_hal_spi.c.obj
LOAD CMakeFiles/FanSlave_code.elf.dir/Drivers/STM32F1xx_HAL_Driver/Src/stm32f1xx_hal_tim.c.obj
LOAD CMakeFiles/FanSlave_code.elf.dir/Drivers/STM32F1xx_HAL_Driver/Src/stm32f1xx_hal_tim_ex.c.obj
LOAD CMakeFiles/FanSlave_code.elf.dir/function/HX711.c.obj
LOAD CMakeFiles/FanSlave_code.elf.dir/function/clock.c.obj
LOAD CMakeFiles/FanSlave_code.elf.dir/function/data_type_conversion.c.obj
LOAD CMakeFiles/FanSlave_code.elf.dir/function/delay.c.obj
LOAD CMakeFiles/FanSlave_code.elf.dir/function/fsm.c.obj
LOAD CMakeFiles/FanSlave_code.elf.dir/function/iic.c.obj
LOAD CMakeFiles/FanSlave_code.elf.dir/function/oled.c.obj
LOAD CMakeFiles/FanSlave_code.elf.dir/ws2812/ws2812.c.obj
START GROUP
LOAD /usr/lib/gcc/arm-none-eabi/9.2.1/thumb/v7-m/nofp/libgcc.a
LOAD /usr/lib/gcc/arm-none-eabi/9.2.1/../../../arm-none-eabi/lib/thumb/v7-m/nofp/libg.a
LOAD /usr/lib/gcc/arm-none-eabi/9.2.1/../../../arm-none-eabi/lib/thumb/v7-m/nofp/libc.a
END GROUP
LOAD /usr/lib/gcc/arm-none-eabi/9.2.1/thumb/v7-m/nofp/crtend.o
LOAD /usr/lib/gcc/arm-none-eabi/9.2.1/thumb/v7-m/nofp/crtn.o
                0x0000000020005000                _estack = (ORIGIN (RAM) + LENGTH (RAM))
                0x0000000000000200                _Min_Heap_Size = 0x200
                0x0000000000000400                _Min_Stack_Size = 0x400

.isr_vector     0x0000000008000000      0x10c
                0x0000000008000000                . = ALIGN (0x4)
 *(.isr_vector)
 .isr_vector    0x0000000008000000      0x10c CMakeFiles/FanSlave_code.elf.dir/Core/Startup/startup_stm32f103c8tx.s.obj
                0x0000000008000000                g_pfnVectors
                0x000000000800010c                . = ALIGN (0x4)

.text           0x000000000800010c     0x27d0
                0x000000000800010c                . = ALIGN (0x4)
 *(.text)
 .text          0x000000000800010c       0x88 /usr/lib/gcc/arm-none-eabi/9.2.1/thumb/v7-m/nofp/crtbegin.o
 .text          0x0000000008000194        0xc /usr/lib/gcc/arm-none-eabi/9.2.1/../../../arm-none-eabi/lib/thumb/v7-m/nofp/libg.a(lib_a-atexit.o)
                0x0000000008000194                atexit
 .text          0x00000000080001a0       0x34 /usr/lib/gcc/arm-none-eabi/9.2.1/../../../arm-none-eabi/lib/thumb/v7-m/nofp/libg.a(lib_a-fini.o)
                0x00000000080001a0                __libc_fini_array
 .text          0x00000000080001d4       0x48 /usr/lib/gcc/arm-none-eabi/9.2.1/../../../arm-none-eabi/lib/thumb/v7-m/nofp/libg.a(lib_a-init.o)
                0x00000000080001d4                __libc_init_array
 .text          0x000000000800021c       0xa0 /usr/lib/gcc/arm-none-eabi/9.2.1/../../../arm-none-eabi/lib/thumb/v7-m/nofp/libg.a(lib_a-memset.o)
                0x000000000800021c                memset
 .text          0x00000000080002bc       0x64 /usr/lib/gcc/arm-none-eabi/9.2.1/../../../arm-none-eabi/lib/thumb/v7-m/nofp/libg.a(lib_a-__atexit.o)
                0x00000000080002bc                __register_exitproc
 *(.text*)
 .text.MX_DMA_Init
                0x0000000008000320       0x54 CMakeFiles/FanSlave_code.elf.dir/Core/Src/dma.c.obj
                0x0000000008000320                MX_DMA_Init
 .text.MX_GPIO_Init
                0x0000000008000374       0xb4 CMakeFiles/FanSlave_code.elf.dir/Core/Src/gpio.c.obj
                0x0000000008000374                MX_GPIO_Init
 .text.Error_Handler
                0x0000000008000428        0x4 CMakeFiles/FanSlave_code.elf.dir/Core/Src/main.c.obj
                0x0000000008000428                Error_Handler
 .text.SystemClock_Config
                0x000000000800042c       0x62 CMakeFiles/FanSlave_code.elf.dir/Core/Src/main.c.obj
                0x000000000800042c                SystemClock_Config
 *fill*         0x000000000800048e        0x2 
 .text.main     0x0000000008000490       0x50 CMakeFiles/FanSlave_code.elf.dir/Core/Src/main.c.obj
                0x0000000008000490                main
 .text.MX_SPI1_Init
                0x00000000080004e0       0x38 CMakeFiles/FanSlave_code.elf.dir/Core/Src/spi.c.obj
                0x00000000080004e0                MX_SPI1_Init
 .text.HAL_SPI_MspInit
                0x0000000008000518       0x84 CMakeFiles/FanSlave_code.elf.dir/Core/Src/spi.c.obj
                0x0000000008000518                HAL_SPI_MspInit
 .text.HAL_MspInit
                0x000000000800059c       0x44 CMakeFiles/FanSlave_code.elf.dir/Core/Src/stm32f1xx_hal_msp.c.obj
                0x000000000800059c                HAL_MspInit
 .text.NMI_Handler
                0x00000000080005e0        0x2 CMakeFiles/FanSlave_code.elf.dir/Core/Src/stm32f1xx_it.c.obj
                0x00000000080005e0                NMI_Handler
 .text.HardFault_Handler
                0x00000000080005e2        0x2 CMakeFiles/FanSlave_code.elf.dir/Core/Src/stm32f1xx_it.c.obj
                0x00000000080005e2                HardFault_Handler
 .text.MemManage_Handler
                0x00000000080005e4        0x2 CMakeFiles/FanSlave_code.elf.dir/Core/Src/stm32f1xx_it.c.obj
                0x00000000080005e4                MemManage_Handler
 .text.BusFault_Handler
                0x00000000080005e6        0x2 CMakeFiles/FanSlave_code.elf.dir/Core/Src/stm32f1xx_it.c.obj
                0x00000000080005e6                BusFault_Handler
 .text.UsageFault_Handler
                0x00000000080005e8        0x2 CMakeFiles/FanSlave_code.elf.dir/Core/Src/stm32f1xx_it.c.obj
                0x00000000080005e8                UsageFault_Handler
 .text.SVC_Handler
                0x00000000080005ea        0x2 CMakeFiles/FanSlave_code.elf.dir/Core/Src/stm32f1xx_it.c.obj
                0x00000000080005ea                SVC_Handler
 .text.DebugMon_Handler
                0x00000000080005ec        0x2 CMakeFiles/FanSlave_code.elf.dir/Core/Src/stm32f1xx_it.c.obj
                0x00000000080005ec                DebugMon_Handler
 .text.PendSV_Handler
                0x00000000080005ee        0x2 CMakeFiles/FanSlave_code.elf.dir/Core/Src/stm32f1xx_it.c.obj
                0x00000000080005ee                PendSV_Handler
 .text.SysTick_Handler
                0x00000000080005f0        0x8 CMakeFiles/FanSlave_code.elf.dir/Core/Src/stm32f1xx_it.c.obj
                0x00000000080005f0                SysTick_Handler
 .text.DMA1_Channel1_IRQHandler
                0x00000000080005f8       0x10 CMakeFiles/FanSlave_code.elf.dir/Core/Src/stm32f1xx_it.c.obj
                0x00000000080005f8                DMA1_Channel1_IRQHandler
 .text.DMA1_Channel5_IRQHandler
                0x0000000008000608       0x10 CMakeFiles/FanSlave_code.elf.dir/Core/Src/stm32f1xx_it.c.obj
                0x0000000008000608                DMA1_Channel5_IRQHandler
 .text.DMA1_Channel7_IRQHandler
                0x0000000008000618       0x10 CMakeFiles/FanSlave_code.elf.dir/Core/Src/stm32f1xx_it.c.obj
                0x0000000008000618                DMA1_Channel7_IRQHandler
 .text.TIM3_IRQHandler
                0x0000000008000628       0x10 CMakeFiles/FanSlave_code.elf.dir/Core/Src/stm32f1xx_it.c.obj
                0x0000000008000628                TIM3_IRQHandler
 .text.TIM4_IRQHandler
                0x0000000008000638       0x10 CMakeFiles/FanSlave_code.elf.dir/Core/Src/stm32f1xx_it.c.obj
                0x0000000008000638                TIM4_IRQHandler
 .text.SPI1_IRQHandler
                0x0000000008000648       0x10 CMakeFiles/FanSlave_code.elf.dir/Core/Src/stm32f1xx_it.c.obj
                0x0000000008000648                SPI1_IRQHandler
 .text.SystemInit
                0x0000000008000658        0x2 CMakeFiles/FanSlave_code.elf.dir/Core/Src/system_stm32f1xx.c.obj
                0x0000000008000658                SystemInit
 *fill*         0x000000000800065a        0x2 
 .text.MX_TIM3_Init
                0x000000000800065c       0x70 CMakeFiles/FanSlave_code.elf.dir/Core/Src/tim.c.obj
                0x000000000800065c                MX_TIM3_Init
 .text.HAL_TIM_PWM_MspInit
                0x00000000080006cc      0x108 CMakeFiles/FanSlave_code.elf.dir/Core/Src/tim.c.obj
                0x00000000080006cc                HAL_TIM_PWM_MspInit
 .text.HAL_TIM_Base_MspInit
                0x00000000080007d4       0x40 CMakeFiles/FanSlave_code.elf.dir/Core/Src/tim.c.obj
                0x00000000080007d4                HAL_TIM_Base_MspInit
 .text.HAL_TIM_MspPostInit
                0x0000000008000814       0xbc CMakeFiles/FanSlave_code.elf.dir/Core/Src/tim.c.obj
                0x0000000008000814                HAL_TIM_MspPostInit
 .text.MX_TIM2_Init
                0x00000000080008d0       0x90 CMakeFiles/FanSlave_code.elf.dir/Core/Src/tim.c.obj
                0x00000000080008d0                MX_TIM2_Init
 .text.MX_TIM4_Init
                0x0000000008000960       0x90 CMakeFiles/FanSlave_code.elf.dir/Core/Src/tim.c.obj
                0x0000000008000960                MX_TIM4_Init
 .text.HAL_TIM_PWM_PulseFinishedCallback
                0x00000000080009f0       0x1c CMakeFiles/FanSlave_code.elf.dir/Core/Src/tim.c.obj
                0x00000000080009f0                HAL_TIM_PWM_PulseFinishedCallback
 .text.Reset_Handler
                0x0000000008000a0c       0x48 CMakeFiles/FanSlave_code.elf.dir/Core/Startup/startup_stm32f103c8tx.s.obj
                0x0000000008000a0c                Reset_Handler
 .text.Default_Handler
                0x0000000008000a54        0x2 CMakeFiles/FanSlave_code.elf.dir/Core/Startup/startup_stm32f103c8tx.s.obj
                0x0000000008000a54                RTC_Alarm_IRQHandler
                0x0000000008000a54                EXTI2_IRQHandler
                0x0000000008000a54                TIM1_CC_IRQHandler
                0x0000000008000a54                PVD_IRQHandler
                0x0000000008000a54                EXTI3_IRQHandler
                0x0000000008000a54                EXTI0_IRQHandler
                0x0000000008000a54                I2C2_EV_IRQHandler
                0x0000000008000a54                ADC1_2_IRQHandler
                0x0000000008000a54                TAMPER_IRQHandler
                0x0000000008000a54                DMA1_Channel4_IRQHandler
                0x0000000008000a54                USART3_IRQHandler
                0x0000000008000a54                RTC_IRQHandler
                0x0000000008000a54                CAN1_RX1_IRQHandler
                0x0000000008000a54                I2C1_EV_IRQHandler
                0x0000000008000a54                DMA1_Channel6_IRQHandler
                0x0000000008000a54                RCC_IRQHandler
                0x0000000008000a54                TIM1_TRG_COM_IRQHandler
                0x0000000008000a54                Default_Handler
                0x0000000008000a54                EXTI15_10_IRQHandler
                0x0000000008000a54                EXTI9_5_IRQHandler
                0x0000000008000a54                SPI2_IRQHandler
                0x0000000008000a54                EXTI4_IRQHandler
                0x0000000008000a54                USB_LP_CAN1_RX0_IRQHandler
                0x0000000008000a54                USB_HP_CAN1_TX_IRQHandler
                0x0000000008000a54                DMA1_Channel3_IRQHandler
                0x0000000008000a54                TIM1_UP_IRQHandler
                0x0000000008000a54                WWDG_IRQHandler
                0x0000000008000a54                TIM2_IRQHandler
                0x0000000008000a54                TIM1_BRK_IRQHandler
                0x0000000008000a54                EXTI1_IRQHandler
                0x0000000008000a54                USART2_IRQHandler
                0x0000000008000a54                I2C2_ER_IRQHandler
                0x0000000008000a54                DMA1_Channel2_IRQHandler
                0x0000000008000a54                CAN1_SCE_IRQHandler
                0x0000000008000a54                FLASH_IRQHandler
                0x0000000008000a54                USART1_IRQHandler
                0x0000000008000a54                I2C1_ER_IRQHandler
                0x0000000008000a54                USBWakeUp_IRQHandler
 *fill*         0x0000000008000a56        0x2 
 .text.HAL_InitTick
                0x0000000008000a58       0x4c CMakeFiles/FanSlave_code.elf.dir/Drivers/STM32F1xx_HAL_Driver/Src/stm32f1xx_hal.c.obj
                0x0000000008000a58                HAL_InitTick
 .text.HAL_Init
                0x0000000008000aa4       0x24 CMakeFiles/FanSlave_code.elf.dir/Drivers/STM32F1xx_HAL_Driver/Src/stm32f1xx_hal.c.obj
                0x0000000008000aa4                HAL_Init
 .text.HAL_IncTick
                0x0000000008000ac8       0x18 CMakeFiles/FanSlave_code.elf.dir/Drivers/STM32F1xx_HAL_Driver/Src/stm32f1xx_hal.c.obj
                0x0000000008000ac8                HAL_IncTick
 .text.HAL_GetTick
                0x0000000008000ae0        0xc CMakeFiles/FanSlave_code.elf.dir/Drivers/STM32F1xx_HAL_Driver/Src/stm32f1xx_hal.c.obj
                0x0000000008000ae0                HAL_GetTick
 .text.HAL_Delay
                0x0000000008000aec       0x28 CMakeFiles/FanSlave_code.elf.dir/Drivers/STM32F1xx_HAL_Driver/Src/stm32f1xx_hal.c.obj
                0x0000000008000aec                HAL_Delay
 .text.HAL_NVIC_SetPriorityGrouping
                0x0000000008000b14       0x24 CMakeFiles/FanSlave_code.elf.dir/Drivers/STM32F1xx_HAL_Driver/Src/stm32f1xx_hal_cortex.c.obj
                0x0000000008000b14                HAL_NVIC_SetPriorityGrouping
 .text.HAL_NVIC_SetPriority
                0x0000000008000b38       0x68 CMakeFiles/FanSlave_code.elf.dir/Drivers/STM32F1xx_HAL_Driver/Src/stm32f1xx_hal_cortex.c.obj
                0x0000000008000b38                HAL_NVIC_SetPriority
 .text.HAL_NVIC_EnableIRQ
                0x0000000008000ba0       0x1c CMakeFiles/FanSlave_code.elf.dir/Drivers/STM32F1xx_HAL_Driver/Src/stm32f1xx_hal_cortex.c.obj
                0x0000000008000ba0                HAL_NVIC_EnableIRQ
 .text.HAL_SYSTICK_Config
                0x0000000008000bbc       0x2c CMakeFiles/FanSlave_code.elf.dir/Drivers/STM32F1xx_HAL_Driver/Src/stm32f1xx_hal_cortex.c.obj
                0x0000000008000bbc                HAL_SYSTICK_Config
 .text.DMA_SetConfig
                0x0000000008000be8       0x2c CMakeFiles/FanSlave_code.elf.dir/Drivers/STM32F1xx_HAL_Driver/Src/stm32f1xx_hal_dma.c.obj
 .text.HAL_DMA_Init
                0x0000000008000c14       0x6c CMakeFiles/FanSlave_code.elf.dir/Drivers/STM32F1xx_HAL_Driver/Src/stm32f1xx_hal_dma.c.obj
                0x0000000008000c14                HAL_DMA_Init
 .text.HAL_DMA_Start_IT
                0x0000000008000c80       0x74 CMakeFiles/FanSlave_code.elf.dir/Drivers/STM32F1xx_HAL_Driver/Src/stm32f1xx_hal_dma.c.obj
                0x0000000008000c80                HAL_DMA_Start_IT
 .text.HAL_DMA_Abort_IT
                0x0000000008000cf4       0x98 CMakeFiles/FanSlave_code.elf.dir/Drivers/STM32F1xx_HAL_Driver/Src/stm32f1xx_hal_dma.c.obj
                0x0000000008000cf4                HAL_DMA_Abort_IT
 .text.HAL_DMA_IRQHandler
                0x0000000008000d8c      0x144 CMakeFiles/FanSlave_code.elf.dir/Drivers/STM32F1xx_HAL_Driver/Src/stm32f1xx_hal_dma.c.obj
                0x0000000008000d8c                HAL_DMA_IRQHandler
 .text.HAL_GPIO_Init
                0x0000000008000ed0      0x220 CMakeFiles/FanSlave_code.elf.dir/Drivers/STM32F1xx_HAL_Driver/Src/stm32f1xx_hal_gpio.c.obj
                0x0000000008000ed0                HAL_GPIO_Init
 .text.HAL_GPIO_ReadPin
                0x00000000080010f0        0xe CMakeFiles/FanSlave_code.elf.dir/Drivers/STM32F1xx_HAL_Driver/Src/stm32f1xx_hal_gpio.c.obj
                0x00000000080010f0                HAL_GPIO_ReadPin
 .text.HAL_GPIO_WritePin
                0x00000000080010fe        0xc CMakeFiles/FanSlave_code.elf.dir/Drivers/STM32F1xx_HAL_Driver/Src/stm32f1xx_hal_gpio.c.obj
                0x00000000080010fe                HAL_GPIO_WritePin
 *fill*         0x000000000800110a        0x2 
 .text.RCC_Delay
                0x000000000800110c       0x2c CMakeFiles/FanSlave_code.elf.dir/Drivers/STM32F1xx_HAL_Driver/Src/stm32f1xx_hal_rcc.c.obj
 .text.HAL_RCC_OscConfig
                0x0000000008001138      0x410 CMakeFiles/FanSlave_code.elf.dir/Drivers/STM32F1xx_HAL_Driver/Src/stm32f1xx_hal_rcc.c.obj
                0x0000000008001138                HAL_RCC_OscConfig
 .text.HAL_RCC_GetSysClockFreq
                0x0000000008001548       0x78 CMakeFiles/FanSlave_code.elf.dir/Drivers/STM32F1xx_HAL_Driver/Src/stm32f1xx_hal_rcc.c.obj
                0x0000000008001548                HAL_RCC_GetSysClockFreq
 .text.HAL_RCC_ClockConfig
                0x00000000080015c0      0x16c CMakeFiles/FanSlave_code.elf.dir/Drivers/STM32F1xx_HAL_Driver/Src/stm32f1xx_hal_rcc.c.obj
                0x00000000080015c0                HAL_RCC_ClockConfig
 .text.HAL_SPI_Init
                0x000000000800172c       0xb6 CMakeFiles/FanSlave_code.elf.dir/Drivers/STM32F1xx_HAL_Driver/Src/stm32f1xx_hal_spi.c.obj
                0x000000000800172c                HAL_SPI_Init
 .text.HAL_SPI_ErrorCallback
                0x00000000080017e2        0x2 CMakeFiles/FanSlave_code.elf.dir/Drivers/STM32F1xx_HAL_Driver/Src/stm32f1xx_hal_spi.c.obj
                0x00000000080017e2                HAL_SPI_ErrorCallback
 .text.HAL_SPI_IRQHandler
                0x00000000080017e4      0x108 CMakeFiles/FanSlave_code.elf.dir/Drivers/STM32F1xx_HAL_Driver/Src/stm32f1xx_hal_spi.c.obj
                0x00000000080017e4                HAL_SPI_IRQHandler
 .text.SPI_DMAAbortOnError
                0x00000000080018ec       0x10 CMakeFiles/FanSlave_code.elf.dir/Drivers/STM32F1xx_HAL_Driver/Src/stm32f1xx_hal_spi.c.obj
 .text.TIM_OC1_SetConfig
                0x00000000080018fc       0x5c CMakeFiles/FanSlave_code.elf.dir/Drivers/STM32F1xx_HAL_Driver/Src/stm32f1xx_hal_tim.c.obj
 .text.TIM_OC3_SetConfig
                0x0000000008001958       0x64 CMakeFiles/FanSlave_code.elf.dir/Drivers/STM32F1xx_HAL_Driver/Src/stm32f1xx_hal_tim.c.obj
 .text.TIM_OC4_SetConfig
                0x00000000080019bc       0x48 CMakeFiles/FanSlave_code.elf.dir/Drivers/STM32F1xx_HAL_Driver/Src/stm32f1xx_hal_tim.c.obj
 .text.TIM_TI1_ConfigInputStage
                0x0000000008001a04       0x24 CMakeFiles/FanSlave_code.elf.dir/Drivers/STM32F1xx_HAL_Driver/Src/stm32f1xx_hal_tim.c.obj
 .text.TIM_TI2_ConfigInputStage
                0x0000000008001a28       0x26 CMakeFiles/FanSlave_code.elf.dir/Drivers/STM32F1xx_HAL_Driver/Src/stm32f1xx_hal_tim.c.obj
 .text.TIM_ITRx_SetConfig
                0x0000000008001a4e       0x10 CMakeFiles/FanSlave_code.elf.dir/Drivers/STM32F1xx_HAL_Driver/Src/stm32f1xx_hal_tim.c.obj
 *fill*         0x0000000008001a5e        0x2 
 .text.HAL_TIM_Base_Start_IT
                0x0000000008001a60       0x68 CMakeFiles/FanSlave_code.elf.dir/Drivers/STM32F1xx_HAL_Driver/Src/stm32f1xx_hal_tim.c.obj
                0x0000000008001a60                HAL_TIM_Base_Start_IT
 .text.HAL_TIM_OC_DelayElapsedCallback
                0x0000000008001ac8        0x2 CMakeFiles/FanSlave_code.elf.dir/Drivers/STM32F1xx_HAL_Driver/Src/stm32f1xx_hal_tim.c.obj
                0x0000000008001ac8                HAL_TIM_OC_DelayElapsedCallback
 .text.HAL_TIM_IC_CaptureCallback
                0x0000000008001aca        0x2 CMakeFiles/FanSlave_code.elf.dir/Drivers/STM32F1xx_HAL_Driver/Src/stm32f1xx_hal_tim.c.obj
                0x0000000008001aca                HAL_TIM_IC_CaptureCallback
 .text.TIM_DMADelayPulseCplt
                0x0000000008001acc       0x70 CMakeFiles/FanSlave_code.elf.dir/Drivers/STM32F1xx_HAL_Driver/Src/stm32f1xx_hal_tim.c.obj
 .text.HAL_TIM_PWM_PulseFinishedHalfCpltCallback
                0x0000000008001b3c        0x2 CMakeFiles/FanSlave_code.elf.dir/Drivers/STM32F1xx_HAL_Driver/Src/stm32f1xx_hal_tim.c.obj
                0x0000000008001b3c                HAL_TIM_PWM_PulseFinishedHalfCpltCallback
 .text.TIM_DMADelayPulseHalfCplt
                0x0000000008001b3e       0x3e CMakeFiles/FanSlave_code.elf.dir/Drivers/STM32F1xx_HAL_Driver/Src/stm32f1xx_hal_tim.c.obj
                0x0000000008001b3e                TIM_DMADelayPulseHalfCplt
 .text.HAL_TIM_TriggerCallback
                0x0000000008001b7c        0x2 CMakeFiles/FanSlave_code.elf.dir/Drivers/STM32F1xx_HAL_Driver/Src/stm32f1xx_hal_tim.c.obj
                0x0000000008001b7c                HAL_TIM_TriggerCallback
 .text.HAL_TIM_IRQHandler
                0x0000000008001b7e      0x17a CMakeFiles/FanSlave_code.elf.dir/Drivers/STM32F1xx_HAL_Driver/Src/stm32f1xx_hal_tim.c.obj
                0x0000000008001b7e                HAL_TIM_IRQHandler
 .text.HAL_TIM_ErrorCallback
                0x0000000008001cf8        0x2 CMakeFiles/FanSlave_code.elf.dir/Drivers/STM32F1xx_HAL_Driver/Src/stm32f1xx_hal_tim.c.obj
                0x0000000008001cf8                HAL_TIM_ErrorCallback
 .text.TIM_DMAError
                0x0000000008001cfa       0x5c CMakeFiles/FanSlave_code.elf.dir/Drivers/STM32F1xx_HAL_Driver/Src/stm32f1xx_hal_tim.c.obj
                0x0000000008001cfa                TIM_DMAError
 *fill*         0x0000000008001d56        0x2 
 .text.TIM_Base_SetConfig
                0x0000000008001d58       0x74 CMakeFiles/FanSlave_code.elf.dir/Drivers/STM32F1xx_HAL_Driver/Src/stm32f1xx_hal_tim.c.obj
                0x0000000008001d58                TIM_Base_SetConfig
 .text.HAL_TIM_Base_Init
                0x0000000008001dcc       0x58 CMakeFiles/FanSlave_code.elf.dir/Drivers/STM32F1xx_HAL_Driver/Src/stm32f1xx_hal_tim.c.obj
                0x0000000008001dcc                HAL_TIM_Base_Init
 .text.HAL_TIM_PWM_Init
                0x0000000008001e24       0x58 CMakeFiles/FanSlave_code.elf.dir/Drivers/STM32F1xx_HAL_Driver/Src/stm32f1xx_hal_tim.c.obj
                0x0000000008001e24                HAL_TIM_PWM_Init
 .text.TIM_OC2_SetConfig
                0x0000000008001e7c       0x64 CMakeFiles/FanSlave_code.elf.dir/Drivers/STM32F1xx_HAL_Driver/Src/stm32f1xx_hal_tim.c.obj
                0x0000000008001e7c                TIM_OC2_SetConfig
 .text.HAL_TIM_PWM_ConfigChannel
                0x0000000008001ee0       0xd0 CMakeFiles/FanSlave_code.elf.dir/Drivers/STM32F1xx_HAL_Driver/Src/stm32f1xx_hal_tim.c.obj
                0x0000000008001ee0                HAL_TIM_PWM_ConfigChannel
 .text.TIM_ETR_SetConfig
                0x0000000008001fb0       0x16 CMakeFiles/FanSlave_code.elf.dir/Drivers/STM32F1xx_HAL_Driver/Src/stm32f1xx_hal_tim.c.obj
                0x0000000008001fb0                TIM_ETR_SetConfig
 .text.HAL_TIM_ConfigClockSource
                0x0000000008001fc6       0xda CMakeFiles/FanSlave_code.elf.dir/Drivers/STM32F1xx_HAL_Driver/Src/stm32f1xx_hal_tim.c.obj
                0x0000000008001fc6                HAL_TIM_ConfigClockSource
 .text.TIM_CCxChannelCmd
                0x00000000080020a0       0x22 CMakeFiles/FanSlave_code.elf.dir/Drivers/STM32F1xx_HAL_Driver/Src/stm32f1xx_hal_tim.c.obj
                0x00000000080020a0                TIM_CCxChannelCmd
 *fill*         0x00000000080020c2        0x2 
 .text.HAL_TIM_PWM_Start_DMA
                0x00000000080020c4      0x23c CMakeFiles/FanSlave_code.elf.dir/Drivers/STM32F1xx_HAL_Driver/Src/stm32f1xx_hal_tim.c.obj
                0x00000000080020c4                HAL_TIM_PWM_Start_DMA
 .text.HAL_TIM_PWM_Stop_DMA
                0x0000000008002300       0xe4 CMakeFiles/FanSlave_code.elf.dir/Drivers/STM32F1xx_HAL_Driver/Src/stm32f1xx_hal_tim.c.obj
                0x0000000008002300                HAL_TIM_PWM_Stop_DMA
 .text.HAL_TIMEx_MasterConfigSynchronization
                0x00000000080023e4       0x68 CMakeFiles/FanSlave_code.elf.dir/Drivers/STM32F1xx_HAL_Driver/Src/stm32f1xx_hal_tim_ex.c.obj
                0x00000000080023e4                HAL_TIMEx_MasterConfigSynchronization
 .text.HAL_TIMEx_CommutCallback
                0x000000000800244c        0x2 CMakeFiles/FanSlave_code.elf.dir/Drivers/STM32F1xx_HAL_Driver/Src/stm32f1xx_hal_tim_ex.c.obj
                0x000000000800244c                HAL_TIMEx_CommutCallback
 .text.HAL_TIMEx_BreakCallback
                0x000000000800244e        0x2 CMakeFiles/FanSlave_code.elf.dir/Drivers/STM32F1xx_HAL_Driver/Src/stm32f1xx_hal_tim_ex.c.obj
                0x000000000800244e                HAL_TIMEx_BreakCallback
 .text.HAL_TIM_PeriodElapsedCallback
                0x0000000008002450       0x10 CMakeFiles/FanSlave_code.elf.dir/function/clock.c.obj
                0x0000000008002450                HAL_TIM_PeriodElapsedCallback
 .text.delayus  0x0000000008002460       0x48 CMakeFiles/FanSlave_code.elf.dir/function/delay.c.obj
                0x0000000008002460                delayus
 .text.IIC_Start
                0x00000000080024a8       0x44 CMakeFiles/FanSlave_code.elf.dir/function/iic.c.obj
                0x00000000080024a8                IIC_Start
 .text.IIC_Stop
                0x00000000080024ec       0x34 CMakeFiles/FanSlave_code.elf.dir/function/iic.c.obj
                0x00000000080024ec                IIC_Stop
 .text.IIC_Wait_Ask
                0x0000000008002520       0x54 CMakeFiles/FanSlave_code.elf.dir/function/iic.c.obj
                0x0000000008002520                IIC_Wait_Ask
 .text.IIC_WriteByte
                0x0000000008002574       0x64 CMakeFiles/FanSlave_code.elf.dir/function/iic.c.obj
                0x0000000008002574                IIC_WriteByte
 .text.WriteCmd
                0x00000000080025d8       0x2c CMakeFiles/FanSlave_code.elf.dir/function/oled.c.obj
                0x00000000080025d8                WriteCmd
 .text.WriteDat
                0x0000000008002604       0x2c CMakeFiles/FanSlave_code.elf.dir/function/oled.c.obj
                0x0000000008002604                WriteDat
 .text.OLED_Init
                0x0000000008002630       0xb2 CMakeFiles/FanSlave_code.elf.dir/function/oled.c.obj
                0x0000000008002630                OLED_Init
 .text.OLED_Fill
                0x00000000080026e2       0x3c CMakeFiles/FanSlave_code.elf.dir/function/oled.c.obj
                0x00000000080026e2                OLED_Fill
 *fill*         0x000000000800271e        0x2 
 .text.SetFlowColor
                0x0000000008002720       0x8c CMakeFiles/FanSlave_code.elf.dir/ws2812/ws2812.c.obj
                0x0000000008002720                SetFlowColor
 .text.SetFlowBoardColor
                0x00000000080027ac       0x3a CMakeFiles/FanSlave_code.elf.dir/ws2812/ws2812.c.obj
                0x00000000080027ac                SetFlowBoardColor
 .text.AroundColor_Init
                0x00000000080027e6       0x38 CMakeFiles/FanSlave_code.elf.dir/ws2812/ws2812.c.obj
                0x00000000080027e6                AroundColor_Init
 *fill*         0x000000000800281e        0x2 
 .text.WS2812_Init
                0x0000000008002820       0x60 CMakeFiles/FanSlave_code.elf.dir/ws2812/ws2812.c.obj
                0x0000000008002820                WS2812_Init
 .text.WS2812_Load
                0x0000000008002880       0x30 CMakeFiles/FanSlave_code.elf.dir/ws2812/ws2812.c.obj
                0x0000000008002880                WS2812_Load
 .text.startup  0x00000000080028b0       0x14 /usr/lib/gcc/arm-none-eabi/9.2.1/../../../arm-none-eabi/lib/thumb/v7-m/nofp/libg.a(lib_a-__call_atexit.o)
 *(.glue_7)
 .glue_7        0x00000000080028c4        0x0 linker stubs
 *(.glue_7t)
 .glue_7t       0x00000000080028c4        0x0 linker stubs
 *(.eh_frame)
 .eh_frame      0x00000000080028c4        0x0 /usr/lib/gcc/arm-none-eabi/9.2.1/thumb/v7-m/nofp/crtbegin.o
 *(.init)
 .init          0x00000000080028c4        0x4 /usr/lib/gcc/arm-none-eabi/9.2.1/thumb/v7-m/nofp/crti.o
                0x00000000080028c4                _init
 .init          0x00000000080028c8        0x8 /usr/lib/gcc/arm-none-eabi/9.2.1/thumb/v7-m/nofp/crtn.o
 *(.fini)
 .fini          0x00000000080028d0        0x4 /usr/lib/gcc/arm-none-eabi/9.2.1/thumb/v7-m/nofp/crti.o
                0x00000000080028d0                _fini
 .fini          0x00000000080028d4        0x8 /usr/lib/gcc/arm-none-eabi/9.2.1/thumb/v7-m/nofp/crtn.o
                0x00000000080028dc                . = ALIGN (0x4)
                0x00000000080028dc                _etext = .

.vfp11_veneer   0x00000000080028dc        0x0
 .vfp11_veneer  0x00000000080028dc        0x0 linker stubs

.v4_bx          0x00000000080028dc        0x0
 .v4_bx         0x00000000080028dc        0x0 linker stubs

.iplt           0x00000000080028dc        0x0
 .iplt          0x00000000080028dc        0x0 /usr/lib/gcc/arm-none-eabi/9.2.1/thumb/v7-m/nofp/crtbegin.o

.rodata         0x00000000080028dc       0x28
                0x00000000080028dc                . = ALIGN (0x4)
 *(.rodata)
 .rodata        0x00000000080028dc        0x4 /usr/lib/gcc/arm-none-eabi/9.2.1/../../../arm-none-eabi/lib/thumb/v7-m/nofp/libg.a(lib_a-impure.o)
                0x00000000080028dc                _global_impure_ptr
 *(.rodata*)
 .rodata.AHBPrescTable
                0x00000000080028e0       0x10 CMakeFiles/FanSlave_code.elf.dir/Core/Src/system_stm32f1xx.c.obj
                0x00000000080028e0                AHBPrescTable
 .rodata.HAL_RCC_GetSysClockFreq.str1.4
                0x00000000080028f0       0x11 CMakeFiles/FanSlave_code.elf.dir/Drivers/STM32F1xx_HAL_Driver/Src/stm32f1xx_hal_rcc.c.obj
                0x0000000008002904                . = ALIGN (0x4)
 *fill*         0x0000000008002901        0x3 

.rel.dyn        0x0000000008002904        0x0
 .rel.iplt      0x0000000008002904        0x0 /usr/lib/gcc/arm-none-eabi/9.2.1/thumb/v7-m/nofp/crtbegin.o

.ARM.extab      0x0000000008002904        0x0
                0x0000000008002904                . = ALIGN (0x4)
 *(.ARM.extab* .gnu.linkonce.armextab.*)
                0x0000000008002904                . = ALIGN (0x4)

.ARM            0x0000000008002904        0x0
                0x0000000008002904                . = ALIGN (0x4)
                0x0000000008002904                __exidx_start = .
 *(.ARM.exidx*)
                0x0000000008002904                __exidx_end = .
                0x0000000008002904                . = ALIGN (0x4)

.preinit_array  0x0000000008002904        0x0
                0x0000000008002904                . = ALIGN (0x4)
                0x0000000008002904                PROVIDE (__preinit_array_start = .)
 *(.preinit_array*)
                0x0000000008002904                PROVIDE (__preinit_array_end = .)
                0x0000000008002904                . = ALIGN (0x4)

.init_array     0x0000000008002904        0x8
                0x0000000008002904                . = ALIGN (0x4)
                0x0000000008002904                PROVIDE (__init_array_start = .)
 *(SORT_BY_NAME(.init_array.*))
 .init_array.00000
                0x0000000008002904        0x4 /usr/lib/gcc/arm-none-eabi/9.2.1/../../../arm-none-eabi/lib/thumb/v7-m/nofp/libg.a(lib_a-__call_atexit.o)
 *(.init_array*)
 .init_array    0x0000000008002908        0x4 /usr/lib/gcc/arm-none-eabi/9.2.1/thumb/v7-m/nofp/crtbegin.o
                0x000000000800290c                PROVIDE (__init_array_end = .)
                0x000000000800290c                . = ALIGN (0x4)

.fini_array     0x000000000800290c        0x4
                0x000000000800290c                . = ALIGN (0x4)
                0x000000000800290c                PROVIDE (__fini_array_start = .)
 *(SORT_BY_NAME(.fini_array.*))
 *(.fini_array*)
 .fini_array    0x000000000800290c        0x4 /usr/lib/gcc/arm-none-eabi/9.2.1/thumb/v7-m/nofp/crtbegin.o
                0x0000000008002910                PROVIDE (__fini_array_end = .)
                0x0000000008002910                . = ALIGN (0x4)
                0x0000000008002910                _sidata = LOADADDR (.data)

.data           0x0000000020000000      0x470 load address 0x0000000008002910
                0x0000000020000000                . = ALIGN (0x4)
                0x0000000020000000                _sdata = .
 *(.data)
 .data          0x0000000020000000      0x430 /usr/lib/gcc/arm-none-eabi/9.2.1/../../../arm-none-eabi/lib/thumb/v7-m/nofp/libg.a(lib_a-impure.o)
                0x0000000020000000                _impure_ptr
 *(.data*)
 .data.SystemCoreClock
                0x0000000020000430        0x4 CMakeFiles/FanSlave_code.elf.dir/Core/Src/system_stm32f1xx.c.obj
                0x0000000020000430                SystemCoreClock
 .data.uwTickFreq
                0x0000000020000434        0x1 CMakeFiles/FanSlave_code.elf.dir/Drivers/STM32F1xx_HAL_Driver/Src/stm32f1xx_hal.c.obj
                0x0000000020000434                uwTickFreq
 *fill*         0x0000000020000435        0x3 
 .data.uwTickPrio
                0x0000000020000438        0x4 CMakeFiles/FanSlave_code.elf.dir/Drivers/STM32F1xx_HAL_Driver/Src/stm32f1xx_hal.c.obj
                0x0000000020000438                uwTickPrio
 .data.color    0x000000002000043c        0x4 CMakeFiles/FanSlave_code.elf.dir/ws2812/ws2812.c.obj
                0x000000002000043c                color
 .data.flow     0x0000000020000440       0x30 CMakeFiles/FanSlave_code.elf.dir/ws2812/ws2812.c.obj
                0x0000000020000440                flow
 *(.RamFunc)
 *(.RamFunc*)
                0x0000000020000470                . = ALIGN (0x4)
                0x0000000020000470                _edata = .

.tm_clone_table
                0x0000000020000470        0x0 load address 0x0000000008002d80
 .tm_clone_table
                0x0000000020000470        0x0 /usr/lib/gcc/arm-none-eabi/9.2.1/thumb/v7-m/nofp/crtbegin.o
 .tm_clone_table
                0x0000000020000470        0x0 /usr/lib/gcc/arm-none-eabi/9.2.1/thumb/v7-m/nofp/crtend.o

.igot.plt       0x0000000020000470        0x0 load address 0x0000000008002d80
 .igot.plt      0x0000000020000470        0x0 /usr/lib/gcc/arm-none-eabi/9.2.1/thumb/v7-m/nofp/crtbegin.o
                0x0000000020000470                . = ALIGN (0x4)

.bss            0x0000000020000470     0x3100 load address 0x0000000008002d80
                0x0000000020000470                _sbss = .
                0x0000000020000470                __bss_start__ = _sbss
 *(.bss)
 .bss           0x0000000020000470       0x1c /usr/lib/gcc/arm-none-eabi/9.2.1/thumb/v7-m/nofp/crtbegin.o
 *(.bss*)
 .bss.hspi1     0x000000002000048c       0x58 CMakeFiles/FanSlave_code.elf.dir/Core/Src/spi.c.obj
                0x000000002000048c                hspi1
 .bss.hdma_tim2_ch2_ch4
                0x00000000200004e4       0x44 CMakeFiles/FanSlave_code.elf.dir/Core/Src/tim.c.obj
                0x00000000200004e4                hdma_tim2_ch2_ch4
 .bss.hdma_tim2_ch3
                0x0000000020000528       0x44 CMakeFiles/FanSlave_code.elf.dir/Core/Src/tim.c.obj
                0x0000000020000528                hdma_tim2_ch3
 .bss.hdma_tim4_ch3
                0x000000002000056c       0x44 CMakeFiles/FanSlave_code.elf.dir/Core/Src/tim.c.obj
                0x000000002000056c                hdma_tim4_ch3
 .bss.htim2     0x00000000200005b0       0x48 CMakeFiles/FanSlave_code.elf.dir/Core/Src/tim.c.obj
                0x00000000200005b0                htim2
 .bss.htim3     0x00000000200005f8       0x48 CMakeFiles/FanSlave_code.elf.dir/Core/Src/tim.c.obj
                0x00000000200005f8                htim3
 .bss.htim4     0x0000000020000640       0x48 CMakeFiles/FanSlave_code.elf.dir/Core/Src/tim.c.obj
                0x0000000020000640                htim4
 .bss.uwTick    0x0000000020000688        0x4 CMakeFiles/FanSlave_code.elf.dir/Drivers/STM32F1xx_HAL_Driver/Src/stm32f1xx_hal.c.obj
                0x0000000020000688                uwTick
 .bss.times_flow
                0x000000002000068c        0x4 CMakeFiles/FanSlave_code.elf.dir/function/clock.c.obj
                0x000000002000068c                times_flow
 .bss.led_flow  0x0000000020000690     0x1818 CMakeFiles/FanSlave_code.elf.dir/ws2812/ws2812.c.obj
                0x0000000020000690                led_flow
 .bss.ws2812    0x0000000020001ea8     0x16c8 CMakeFiles/FanSlave_code.elf.dir/ws2812/ws2812.c.obj
                0x0000000020001ea8                ws2812
 *(COMMON)
                0x0000000020003570                . = ALIGN (0x4)
                0x0000000020003570                _ebss = .
                0x0000000020003570                __bss_end__ = _ebss

._user_heap_stack
                0x0000000020003570      0x600 load address 0x0000000008002d80
                0x0000000020003570                . = ALIGN (0x8)
                [!provide]                        PROVIDE (end = .)
                0x0000000020003570                PROVIDE (_end = .)
                0x0000000020003770                . = (. + _Min_Heap_Size)
 *fill*         0x0000000020003570      0x200 
                0x0000000020003b70                . = (. + _Min_Stack_Size)
 *fill*         0x0000000020003770      0x400 
                0x0000000020003b70                . = ALIGN (0x8)

/DISCARD/
 libc.a(*)
 libm.a(*)
 libgcc.a(*)

.ARM.attributes
                0x0000000000000000       0x29
 *(.ARM.attributes)
 .ARM.attributes
                0x0000000000000000       0x1d /usr/lib/gcc/arm-none-eabi/9.2.1/thumb/v7-m/nofp/crti.o
 .ARM.attributes
                0x000000000000001d       0x2d /usr/lib/gcc/arm-none-eabi/9.2.1/thumb/v7-m/nofp/crtbegin.o
 .ARM.attributes
                0x000000000000004a       0x2d CMakeFiles/FanSlave_code.elf.dir/Core/Src/dma.c.obj
 .ARM.attributes
                0x0000000000000077       0x2d CMakeFiles/FanSlave_code.elf.dir/Core/Src/gpio.c.obj
 .ARM.attributes
                0x00000000000000a4       0x2d CMakeFiles/FanSlave_code.elf.dir/Core/Src/main.c.obj
 .ARM.attributes
                0x00000000000000d1       0x2d CMakeFiles/FanSlave_code.elf.dir/Core/Src/spi.c.obj
 .ARM.attributes
                0x00000000000000fe       0x2d CMakeFiles/FanSlave_code.elf.dir/Core/Src/stm32f1xx_hal_msp.c.obj
 .ARM.attributes
                0x000000000000012b       0x2d CMakeFiles/FanSlave_code.elf.dir/Core/Src/stm32f1xx_it.c.obj
 .ARM.attributes
                0x0000000000000158       0x2d CMakeFiles/FanSlave_code.elf.dir/Core/Src/system_stm32f1xx.c.obj
 .ARM.attributes
                0x0000000000000185       0x2d CMakeFiles/FanSlave_code.elf.dir/Core/Src/tim.c.obj
 .ARM.attributes
                0x00000000000001b2       0x21 CMakeFiles/FanSlave_code.elf.dir/Core/Startup/startup_stm32f103c8tx.s.obj
 .ARM.attributes
                0x00000000000001d3       0x2d CMakeFiles/FanSlave_code.elf.dir/Drivers/STM32F1xx_HAL_Driver/Src/stm32f1xx_hal.c.obj
 .ARM.attributes
                0x0000000000000200       0x2d CMakeFiles/FanSlave_code.elf.dir/Drivers/STM32F1xx_HAL_Driver/Src/stm32f1xx_hal_cortex.c.obj
 .ARM.attributes
                0x000000000000022d       0x2d CMakeFiles/FanSlave_code.elf.dir/Drivers/STM32F1xx_HAL_Driver/Src/stm32f1xx_hal_dma.c.obj
 .ARM.attributes
                0x000000000000025a       0x2d CMakeFiles/FanSlave_code.elf.dir/Drivers/STM32F1xx_HAL_Driver/Src/stm32f1xx_hal_gpio.c.obj
 .ARM.attributes
                0x0000000000000287       0x2d CMakeFiles/FanSlave_code.elf.dir/Drivers/STM32F1xx_HAL_Driver/Src/stm32f1xx_hal_rcc.c.obj
 .ARM.attributes
                0x00000000000002b4       0x2d CMakeFiles/FanSlave_code.elf.dir/Drivers/STM32F1xx_HAL_Driver/Src/stm32f1xx_hal_spi.c.obj
 .ARM.attributes
                0x00000000000002e1       0x2d CMakeFiles/FanSlave_code.elf.dir/Drivers/STM32F1xx_HAL_Driver/Src/stm32f1xx_hal_tim.c.obj
 .ARM.attributes
                0x000000000000030e       0x2d CMakeFiles/FanSlave_code.elf.dir/Drivers/STM32F1xx_HAL_Driver/Src/stm32f1xx_hal_tim_ex.c.obj
 .ARM.attributes
                0x000000000000033b       0x2d CMakeFiles/FanSlave_code.elf.dir/function/clock.c.obj
 .ARM.attributes
                0x0000000000000368       0x2d CMakeFiles/FanSlave_code.elf.dir/function/delay.c.obj
 .ARM.attributes
                0x0000000000000395       0x2d CMakeFiles/FanSlave_code.elf.dir/function/iic.c.obj
 .ARM.attributes
                0x00000000000003c2       0x2d CMakeFiles/FanSlave_code.elf.dir/function/oled.c.obj
 .ARM.attributes
                0x00000000000003ef       0x2d CMakeFiles/FanSlave_code.elf.dir/ws2812/ws2812.c.obj
 .ARM.attributes
                0x000000000000041c       0x2d /usr/lib/gcc/arm-none-eabi/9.2.1/../../../arm-none-eabi/lib/thumb/v7-m/nofp/libg.a(lib_a-atexit.o)
 .ARM.attributes
                0x0000000000000449       0x2d /usr/lib/gcc/arm-none-eabi/9.2.1/../../../arm-none-eabi/lib/thumb/v7-m/nofp/libg.a(lib_a-fini.o)
 .ARM.attributes
                0x0000000000000476       0x2d /usr/lib/gcc/arm-none-eabi/9.2.1/../../../arm-none-eabi/lib/thumb/v7-m/nofp/libg.a(lib_a-impure.o)
 .ARM.attributes
                0x00000000000004a3       0x2d /usr/lib/gcc/arm-none-eabi/9.2.1/../../../arm-none-eabi/lib/thumb/v7-m/nofp/libg.a(lib_a-init.o)
 .ARM.attributes
                0x00000000000004d0       0x2d /usr/lib/gcc/arm-none-eabi/9.2.1/../../../arm-none-eabi/lib/thumb/v7-m/nofp/libg.a(lib_a-memset.o)
 .ARM.attributes
                0x00000000000004fd       0x2d /usr/lib/gcc/arm-none-eabi/9.2.1/../../../arm-none-eabi/lib/thumb/v7-m/nofp/libg.a(lib_a-__atexit.o)
 .ARM.attributes
                0x000000000000052a       0x2d /usr/lib/gcc/arm-none-eabi/9.2.1/../../../arm-none-eabi/lib/thumb/v7-m/nofp/libg.a(lib_a-__call_atexit.o)
 .ARM.attributes
                0x0000000000000557       0x2d /usr/lib/gcc/arm-none-eabi/9.2.1/thumb/v7-m/nofp/crtend.o
 .ARM.attributes
                0x0000000000000584       0x1d /usr/lib/gcc/arm-none-eabi/9.2.1/thumb/v7-m/nofp/crtn.o
OUTPUT(FanSlave_code.elf elf32-littlearm)
LOAD linker stubs
LOAD /usr/lib/gcc/arm-none-eabi/9.2.1/../../../arm-none-eabi/lib/thumb/v7-m/nofp/libc.a
LOAD /usr/lib/gcc/arm-none-eabi/9.2.1/../../../arm-none-eabi/lib/thumb/v7-m/nofp/libm.a
LOAD /usr/lib/gcc/arm-none-eabi/9.2.1/thumb/v7-m/nofp/libgcc.a

.comment        0x0000000000000000       0xa7
 .comment       0x0000000000000000       0x59 /usr/lib/gcc/arm-none-eabi/9.2.1/thumb/v7-m/nofp/crtbegin.o
                                         0x5a (size before relaxing)
 .comment       0x0000000000000059       0x5a CMakeFiles/FanSlave_code.elf.dir/Core/Src/dma.c.obj
 .comment       0x0000000000000059       0x5a CMakeFiles/FanSlave_code.elf.dir/Core/Src/gpio.c.obj
 .comment       0x0000000000000059       0x5a CMakeFiles/FanSlave_code.elf.dir/Core/Src/main.c.obj
 .comment       0x0000000000000059       0x5a CMakeFiles/FanSlave_code.elf.dir/Core/Src/spi.c.obj
 .comment       0x0000000000000059       0x5a CMakeFiles/FanSlave_code.elf.dir/Core/Src/stm32f1xx_hal_msp.c.obj
 .comment       0x0000000000000059       0x5a CMakeFiles/FanSlave_code.elf.dir/Core/Src/stm32f1xx_it.c.obj
 .comment       0x0000000000000059       0x5a CMakeFiles/FanSlave_code.elf.dir/Core/Src/system_stm32f1xx.c.obj
 .comment       0x0000000000000059       0x5a CMakeFiles/FanSlave_code.elf.dir/Core/Src/tim.c.obj
 .comment       0x0000000000000059       0x5a CMakeFiles/FanSlave_code.elf.dir/Drivers/STM32F1xx_HAL_Driver/Src/stm32f1xx_hal.c.obj
 .comment       0x0000000000000059       0x5a CMakeFiles/FanSlave_code.elf.dir/Drivers/STM32F1xx_HAL_Driver/Src/stm32f1xx_hal_cortex.c.obj
 .comment       0x0000000000000059       0x5a CMakeFiles/FanSlave_code.elf.dir/Drivers/STM32F1xx_HAL_Driver/Src/stm32f1xx_hal_dma.c.obj
 .comment       0x0000000000000059       0x5a CMakeFiles/FanSlave_code.elf.dir/Drivers/STM32F1xx_HAL_Driver/Src/stm32f1xx_hal_gpio.c.obj
 .comment       0x0000000000000059       0x5a CMakeFiles/FanSlave_code.elf.dir/Drivers/STM32F1xx_HAL_Driver/Src/stm32f1xx_hal_rcc.c.obj
 .comment       0x0000000000000059       0x5a CMakeFiles/FanSlave_code.elf.dir/Drivers/STM32F1xx_HAL_Driver/Src/stm32f1xx_hal_spi.c.obj
 .comment       0x0000000000000059       0x5a CMakeFiles/FanSlave_code.elf.dir/Drivers/STM32F1xx_HAL_Driver/Src/stm32f1xx_hal_tim.c.obj
 .comment       0x0000000000000059       0x5a CMakeFiles/FanSlave_code.elf.dir/Drivers/STM32F1xx_HAL_Driver/Src/stm32f1xx_hal_tim_ex.c.obj
 .comment       0x0000000000000059       0x5a CMakeFiles/FanSlave_code.elf.dir/function/clock.c.obj
 .comment       0x0000000000000059       0x5a CMakeFiles/FanSlave_code.elf.dir/function/delay.c.obj
 .comment       0x0000000000000059       0x5a CMakeFiles/FanSlave_code.elf.dir/function/iic.c.obj
 .comment       0x0000000000000059       0x5a CMakeFiles/FanSlave_code.elf.dir/function/oled.c.obj
 .comment       0x0000000000000059       0x5a CMakeFiles/FanSlave_code.elf.dir/ws2812/ws2812.c.obj
 .comment       0x0000000000000059       0x4e /usr/lib/gcc/arm-none-eabi/9.2.1/../../../arm-none-eabi/lib/thumb/v7-m/nofp/libg.a(lib_a-atexit.o)
                                         0x4f (size before relaxing)
 .comment       0x00000000000000a7       0x4f /usr/lib/gcc/arm-none-eabi/9.2.1/../../../arm-none-eabi/lib/thumb/v7-m/nofp/libg.a(lib_a-fini.o)
 .comment       0x00000000000000a7       0x4f /usr/lib/gcc/arm-none-eabi/9.2.1/../../../arm-none-eabi/lib/thumb/v7-m/nofp/libg.a(lib_a-impure.o)
 .comment       0x00000000000000a7       0x4f /usr/lib/gcc/arm-none-eabi/9.2.1/../../../arm-none-eabi/lib/thumb/v7-m/nofp/libg.a(lib_a-init.o)
 .comment       0x00000000000000a7       0x4f /usr/lib/gcc/arm-none-eabi/9.2.1/../../../arm-none-eabi/lib/thumb/v7-m/nofp/libg.a(lib_a-memset.o)
 .comment       0x00000000000000a7       0x4f /usr/lib/gcc/arm-none-eabi/9.2.1/../../../arm-none-eabi/lib/thumb/v7-m/nofp/libg.a(lib_a-__atexit.o)
 .comment       0x00000000000000a7       0x4f /usr/lib/gcc/arm-none-eabi/9.2.1/../../../arm-none-eabi/lib/thumb/v7-m/nofp/libg.a(lib_a-__call_atexit.o)
 .comment       0x00000000000000a7       0x5a /usr/lib/gcc/arm-none-eabi/9.2.1/thumb/v7-m/nofp/crtend.o

.debug_info     0x0000000000000000    0x165f2
 .debug_info    0x0000000000000000      0x41c CMakeFiles/FanSlave_code.elf.dir/Core/Src/dma.c.obj
 .debug_info    0x000000000000041c      0x406 CMakeFiles/FanSlave_code.elf.dir/Core/Src/gpio.c.obj
 .debug_info    0x0000000000000822     0x1634 CMakeFiles/FanSlave_code.elf.dir/Core/Src/main.c.obj
 .debug_info    0x0000000000001e56      0xac8 CMakeFiles/FanSlave_code.elf.dir/Core/Src/spi.c.obj
 .debug_info    0x000000000000291e      0x2d9 CMakeFiles/FanSlave_code.elf.dir/Core/Src/stm32f1xx_hal_msp.c.obj
 .debug_info    0x0000000000002bf7      0xb46 CMakeFiles/FanSlave_code.elf.dir/Core/Src/stm32f1xx_it.c.obj
 .debug_info    0x000000000000373d      0x2a5 CMakeFiles/FanSlave_code.elf.dir/Core/Src/system_stm32f1xx.c.obj
 .debug_info    0x00000000000039e2     0x1222 CMakeFiles/FanSlave_code.elf.dir/Core/Src/tim.c.obj
 .debug_info    0x0000000000004c04       0x22 CMakeFiles/FanSlave_code.elf.dir/Core/Startup/startup_stm32f103c8tx.s.obj
 .debug_info    0x0000000000004c26      0x80d CMakeFiles/FanSlave_code.elf.dir/Drivers/STM32F1xx_HAL_Driver/Src/stm32f1xx_hal.c.obj
 .debug_info    0x0000000000005433      0xe22 CMakeFiles/FanSlave_code.elf.dir/Drivers/STM32F1xx_HAL_Driver/Src/stm32f1xx_hal_cortex.c.obj
 .debug_info    0x0000000000006255      0x90e CMakeFiles/FanSlave_code.elf.dir/Drivers/STM32F1xx_HAL_Driver/Src/stm32f1xx_hal_dma.c.obj
 .debug_info    0x0000000000006b63      0x72b CMakeFiles/FanSlave_code.elf.dir/Drivers/STM32F1xx_HAL_Driver/Src/stm32f1xx_hal_gpio.c.obj
 .debug_info    0x000000000000728e      0xa7b CMakeFiles/FanSlave_code.elf.dir/Drivers/STM32F1xx_HAL_Driver/Src/stm32f1xx_hal_rcc.c.obj
 .debug_info    0x0000000000007d09     0x1e07 CMakeFiles/FanSlave_code.elf.dir/Drivers/STM32F1xx_HAL_Driver/Src/stm32f1xx_hal_spi.c.obj
 .debug_info    0x0000000000009b10     0x3bb0 CMakeFiles/FanSlave_code.elf.dir/Drivers/STM32F1xx_HAL_Driver/Src/stm32f1xx_hal_tim.c.obj
 .debug_info    0x000000000000d6c0     0x1aa3 CMakeFiles/FanSlave_code.elf.dir/Drivers/STM32F1xx_HAL_Driver/Src/stm32f1xx_hal_tim_ex.c.obj
 .debug_info    0x000000000000f163      0x768 CMakeFiles/FanSlave_code.elf.dir/function/clock.c.obj
 .debug_info    0x000000000000f8cb      0x244 CMakeFiles/FanSlave_code.elf.dir/function/delay.c.obj
 .debug_info    0x000000000000fb0f      0x67a CMakeFiles/FanSlave_code.elf.dir/function/iic.c.obj
 .debug_info    0x0000000000010189      0x981 CMakeFiles/FanSlave_code.elf.dir/function/oled.c.obj
 .debug_info    0x0000000000010b0a     0x22c1 CMakeFiles/FanSlave_code.elf.dir/ws2812/ws2812.c.obj
 .debug_info    0x0000000000012dcb      0x995 /usr/lib/gcc/arm-none-eabi/9.2.1/../../../arm-none-eabi/lib/thumb/v7-m/nofp/libg.a(lib_a-atexit.o)
 .debug_info    0x0000000000013760      0x102 /usr/lib/gcc/arm-none-eabi/9.2.1/../../../arm-none-eabi/lib/thumb/v7-m/nofp/libg.a(lib_a-fini.o)
 .debug_info    0x0000000000013862      0x92a /usr/lib/gcc/arm-none-eabi/9.2.1/../../../arm-none-eabi/lib/thumb/v7-m/nofp/libg.a(lib_a-impure.o)
 .debug_info    0x000000000001418c      0x11a /usr/lib/gcc/arm-none-eabi/9.2.1/../../../arm-none-eabi/lib/thumb/v7-m/nofp/libg.a(lib_a-init.o)
 .debug_info    0x00000000000142a6      0xf21 /usr/lib/gcc/arm-none-eabi/9.2.1/../../../arm-none-eabi/lib/thumb/v7-m/nofp/libg.a(lib_a-memset.o)
 .debug_info    0x00000000000151c7      0x9d5 /usr/lib/gcc/arm-none-eabi/9.2.1/../../../arm-none-eabi/lib/thumb/v7-m/nofp/libg.a(lib_a-__atexit.o)
 .debug_info    0x0000000000015b9c      0xa56 /usr/lib/gcc/arm-none-eabi/9.2.1/../../../arm-none-eabi/lib/thumb/v7-m/nofp/libg.a(lib_a-__call_atexit.o)

.debug_abbrev   0x0000000000000000     0x3910
 .debug_abbrev  0x0000000000000000      0x153 CMakeFiles/FanSlave_code.elf.dir/Core/Src/dma.c.obj
 .debug_abbrev  0x0000000000000153      0x17b CMakeFiles/FanSlave_code.elf.dir/Core/Src/gpio.c.obj
 .debug_abbrev  0x00000000000002ce      0x2dc CMakeFiles/FanSlave_code.elf.dir/Core/Src/main.c.obj
 .debug_abbrev  0x00000000000005aa      0x1f6 CMakeFiles/FanSlave_code.elf.dir/Core/Src/spi.c.obj
 .debug_abbrev  0x00000000000007a0      0x12e CMakeFiles/FanSlave_code.elf.dir/Core/Src/stm32f1xx_hal_msp.c.obj
 .debug_abbrev  0x00000000000008ce      0x1c0 CMakeFiles/FanSlave_code.elf.dir/Core/Src/stm32f1xx_it.c.obj
 .debug_abbrev  0x0000000000000a8e      0x151 CMakeFiles/FanSlave_code.elf.dir/Core/Src/system_stm32f1xx.c.obj
 .debug_abbrev  0x0000000000000bdf      0x271 CMakeFiles/FanSlave_code.elf.dir/Core/Src/tim.c.obj
 .debug_abbrev  0x0000000000000e50       0x12 CMakeFiles/FanSlave_code.elf.dir/Core/Startup/startup_stm32f103c8tx.s.obj
 .debug_abbrev  0x0000000000000e62      0x219 CMakeFiles/FanSlave_code.elf.dir/Drivers/STM32F1xx_HAL_Driver/Src/stm32f1xx_hal.c.obj
 .debug_abbrev  0x000000000000107b      0x367 CMakeFiles/FanSlave_code.elf.dir/Drivers/STM32F1xx_HAL_Driver/Src/stm32f1xx_hal_cortex.c.obj
 .debug_abbrev  0x00000000000013e2      0x262 CMakeFiles/FanSlave_code.elf.dir/Drivers/STM32F1xx_HAL_Driver/Src/stm32f1xx_hal_dma.c.obj
 .debug_abbrev  0x0000000000001644      0x213 CMakeFiles/FanSlave_code.elf.dir/Drivers/STM32F1xx_HAL_Driver/Src/stm32f1xx_hal_gpio.c.obj
 .debug_abbrev  0x0000000000001857      0x28d CMakeFiles/FanSlave_code.elf.dir/Drivers/STM32F1xx_HAL_Driver/Src/stm32f1xx_hal_rcc.c.obj
 .debug_abbrev  0x0000000000001ae4      0x267 CMakeFiles/FanSlave_code.elf.dir/Drivers/STM32F1xx_HAL_Driver/Src/stm32f1xx_hal_spi.c.obj
 .debug_abbrev  0x0000000000001d4b      0x26b CMakeFiles/FanSlave_code.elf.dir/Drivers/STM32F1xx_HAL_Driver/Src/stm32f1xx_hal_tim.c.obj
 .debug_abbrev  0x0000000000001fb6      0x26e CMakeFiles/FanSlave_code.elf.dir/Drivers/STM32F1xx_HAL_Driver/Src/stm32f1xx_hal_tim_ex.c.obj
 .debug_abbrev  0x0000000000002224      0x199 CMakeFiles/FanSlave_code.elf.dir/function/clock.c.obj
 .debug_abbrev  0x00000000000023bd      0x12c CMakeFiles/FanSlave_code.elf.dir/function/delay.c.obj
 .debug_abbrev  0x00000000000024e9      0x193 CMakeFiles/FanSlave_code.elf.dir/function/iic.c.obj
 .debug_abbrev  0x000000000000267c      0x1a6 CMakeFiles/FanSlave_code.elf.dir/function/oled.c.obj
 .debug_abbrev  0x0000000000002822      0x44e CMakeFiles/FanSlave_code.elf.dir/ws2812/ws2812.c.obj
 .debug_abbrev  0x0000000000002c70      0x232 /usr/lib/gcc/arm-none-eabi/9.2.1/../../../arm-none-eabi/lib/thumb/v7-m/nofp/libg.a(lib_a-atexit.o)
 .debug_abbrev  0x0000000000002ea2       0xcf /usr/lib/gcc/arm-none-eabi/9.2.1/../../../arm-none-eabi/lib/thumb/v7-m/nofp/libg.a(lib_a-fini.o)
 .debug_abbrev  0x0000000000002f71      0x1b8 /usr/lib/gcc/arm-none-eabi/9.2.1/../../../arm-none-eabi/lib/thumb/v7-m/nofp/libg.a(lib_a-impure.o)
 .debug_abbrev  0x0000000000003129       0xcc /usr/lib/gcc/arm-none-eabi/9.2.1/../../../arm-none-eabi/lib/thumb/v7-m/nofp/libg.a(lib_a-init.o)
 .debug_abbrev  0x00000000000031f5      0x217 /usr/lib/gcc/arm-none-eabi/9.2.1/../../../arm-none-eabi/lib/thumb/v7-m/nofp/libg.a(lib_a-memset.o)
 .debug_abbrev  0x000000000000340c      0x252 /usr/lib/gcc/arm-none-eabi/9.2.1/../../../arm-none-eabi/lib/thumb/v7-m/nofp/libg.a(lib_a-__atexit.o)
 .debug_abbrev  0x000000000000365e      0x2b2 /usr/lib/gcc/arm-none-eabi/9.2.1/../../../arm-none-eabi/lib/thumb/v7-m/nofp/libg.a(lib_a-__call_atexit.o)

.debug_aranges  0x0000000000000000      0xe30
 .debug_aranges
                0x0000000000000000       0x20 CMakeFiles/FanSlave_code.elf.dir/Core/Src/dma.c.obj
 .debug_aranges
                0x0000000000000020       0x20 CMakeFiles/FanSlave_code.elf.dir/Core/Src/gpio.c.obj
 .debug_aranges
                0x0000000000000040       0x30 CMakeFiles/FanSlave_code.elf.dir/Core/Src/main.c.obj
 .debug_aranges
                0x0000000000000070       0x30 CMakeFiles/FanSlave_code.elf.dir/Core/Src/spi.c.obj
 .debug_aranges
                0x00000000000000a0       0x20 CMakeFiles/FanSlave_code.elf.dir/Core/Src/stm32f1xx_hal_msp.c.obj
 .debug_aranges
                0x00000000000000c0       0x90 CMakeFiles/FanSlave_code.elf.dir/Core/Src/stm32f1xx_it.c.obj
 .debug_aranges
                0x0000000000000150       0x28 CMakeFiles/FanSlave_code.elf.dir/Core/Src/system_stm32f1xx.c.obj
 .debug_aranges
                0x0000000000000178       0x60 CMakeFiles/FanSlave_code.elf.dir/Core/Src/tim.c.obj
 .debug_aranges
                0x00000000000001d8       0x28 CMakeFiles/FanSlave_code.elf.dir/Core/Startup/startup_stm32f103c8tx.s.obj
 .debug_aranges
                0x0000000000000200       0xe0 CMakeFiles/FanSlave_code.elf.dir/Drivers/STM32F1xx_HAL_Driver/Src/stm32f1xx_hal.c.obj
 .debug_aranges
                0x00000000000002e0       0x90 CMakeFiles/FanSlave_code.elf.dir/Drivers/STM32F1xx_HAL_Driver/Src/stm32f1xx_hal_cortex.c.obj
 .debug_aranges
                0x0000000000000370       0x80 CMakeFiles/FanSlave_code.elf.dir/Drivers/STM32F1xx_HAL_Driver/Src/stm32f1xx_hal_dma.c.obj
 .debug_aranges
                0x00000000000003f0       0x58 CMakeFiles/FanSlave_code.elf.dir/Drivers/STM32F1xx_HAL_Driver/Src/stm32f1xx_hal_gpio.c.obj
 .debug_aranges
                0x0000000000000448       0x90 CMakeFiles/FanSlave_code.elf.dir/Drivers/STM32F1xx_HAL_Driver/Src/stm32f1xx_hal_rcc.c.obj
 .debug_aranges
                0x00000000000004d8      0x1d0 CMakeFiles/FanSlave_code.elf.dir/Drivers/STM32F1xx_HAL_Driver/Src/stm32f1xx_hal_spi.c.obj
 .debug_aranges
                0x00000000000006a8      0x3d0 CMakeFiles/FanSlave_code.elf.dir/Drivers/STM32F1xx_HAL_Driver/Src/stm32f1xx_hal_tim.c.obj
 .debug_aranges
                0x0000000000000a78      0x168 CMakeFiles/FanSlave_code.elf.dir/Drivers/STM32F1xx_HAL_Driver/Src/stm32f1xx_hal_tim_ex.c.obj
 .debug_aranges
                0x0000000000000be0       0x30 CMakeFiles/FanSlave_code.elf.dir/function/clock.c.obj
 .debug_aranges
                0x0000000000000c10       0x20 CMakeFiles/FanSlave_code.elf.dir/function/delay.c.obj
 .debug_aranges
                0x0000000000000c30       0x40 CMakeFiles/FanSlave_code.elf.dir/function/iic.c.obj
 .debug_aranges
                0x0000000000000c70       0x60 CMakeFiles/FanSlave_code.elf.dir/function/oled.c.obj
 .debug_aranges
                0x0000000000000cd0       0x80 CMakeFiles/FanSlave_code.elf.dir/ws2812/ws2812.c.obj
 .debug_aranges
                0x0000000000000d50       0x20 /usr/lib/gcc/arm-none-eabi/9.2.1/../../../arm-none-eabi/lib/thumb/v7-m/nofp/libg.a(lib_a-atexit.o)
 .debug_aranges
                0x0000000000000d70       0x20 /usr/lib/gcc/arm-none-eabi/9.2.1/../../../arm-none-eabi/lib/thumb/v7-m/nofp/libg.a(lib_a-fini.o)
 .debug_aranges
                0x0000000000000d90       0x18 /usr/lib/gcc/arm-none-eabi/9.2.1/../../../arm-none-eabi/lib/thumb/v7-m/nofp/libg.a(lib_a-impure.o)
 .debug_aranges
                0x0000000000000da8       0x20 /usr/lib/gcc/arm-none-eabi/9.2.1/../../../arm-none-eabi/lib/thumb/v7-m/nofp/libg.a(lib_a-init.o)
 .debug_aranges
                0x0000000000000dc8       0x20 /usr/lib/gcc/arm-none-eabi/9.2.1/../../../arm-none-eabi/lib/thumb/v7-m/nofp/libg.a(lib_a-memset.o)
 .debug_aranges
                0x0000000000000de8       0x20 /usr/lib/gcc/arm-none-eabi/9.2.1/../../../arm-none-eabi/lib/thumb/v7-m/nofp/libg.a(lib_a-__atexit.o)
 .debug_aranges
                0x0000000000000e08       0x28 /usr/lib/gcc/arm-none-eabi/9.2.1/../../../arm-none-eabi/lib/thumb/v7-m/nofp/libg.a(lib_a-__call_atexit.o)

.debug_ranges   0x0000000000000000     0x1030
 .debug_ranges  0x0000000000000000       0x10 CMakeFiles/FanSlave_code.elf.dir/Core/Src/dma.c.obj
 .debug_ranges  0x0000000000000010       0x10 CMakeFiles/FanSlave_code.elf.dir/Core/Src/gpio.c.obj
 .debug_ranges  0x0000000000000020       0x20 CMakeFiles/FanSlave_code.elf.dir/Core/Src/main.c.obj
 .debug_ranges  0x0000000000000040       0x20 CMakeFiles/FanSlave_code.elf.dir/Core/Src/spi.c.obj
 .debug_ranges  0x0000000000000060       0x10 CMakeFiles/FanSlave_code.elf.dir/Core/Src/stm32f1xx_hal_msp.c.obj
 .debug_ranges  0x0000000000000070       0x80 CMakeFiles/FanSlave_code.elf.dir/Core/Src/stm32f1xx_it.c.obj
 .debug_ranges  0x00000000000000f0       0x18 CMakeFiles/FanSlave_code.elf.dir/Core/Src/system_stm32f1xx.c.obj
 .debug_ranges  0x0000000000000108       0x50 CMakeFiles/FanSlave_code.elf.dir/Core/Src/tim.c.obj
 .debug_ranges  0x0000000000000158       0x20 CMakeFiles/FanSlave_code.elf.dir/Core/Startup/startup_stm32f103c8tx.s.obj
 .debug_ranges  0x0000000000000178       0xd0 CMakeFiles/FanSlave_code.elf.dir/Drivers/STM32F1xx_HAL_Driver/Src/stm32f1xx_hal.c.obj
 .debug_ranges  0x0000000000000248       0xe0 CMakeFiles/FanSlave_code.elf.dir/Drivers/STM32F1xx_HAL_Driver/Src/stm32f1xx_hal_cortex.c.obj
 .debug_ranges  0x0000000000000328       0x70 CMakeFiles/FanSlave_code.elf.dir/Drivers/STM32F1xx_HAL_Driver/Src/stm32f1xx_hal_dma.c.obj
 .debug_ranges  0x0000000000000398       0x48 CMakeFiles/FanSlave_code.elf.dir/Drivers/STM32F1xx_HAL_Driver/Src/stm32f1xx_hal_gpio.c.obj
 .debug_ranges  0x00000000000003e0       0xa0 CMakeFiles/FanSlave_code.elf.dir/Drivers/STM32F1xx_HAL_Driver/Src/stm32f1xx_hal_rcc.c.obj
 .debug_ranges  0x0000000000000480      0x1c0 CMakeFiles/FanSlave_code.elf.dir/Drivers/STM32F1xx_HAL_Driver/Src/stm32f1xx_hal_spi.c.obj
 .debug_ranges  0x0000000000000640      0x3c0 CMakeFiles/FanSlave_code.elf.dir/Drivers/STM32F1xx_HAL_Driver/Src/stm32f1xx_hal_tim.c.obj
 .debug_ranges  0x0000000000000a00      0x158 CMakeFiles/FanSlave_code.elf.dir/Drivers/STM32F1xx_HAL_Driver/Src/stm32f1xx_hal_tim_ex.c.obj
 .debug_ranges  0x0000000000000b58       0x20 CMakeFiles/FanSlave_code.elf.dir/function/clock.c.obj
 .debug_ranges  0x0000000000000b78       0x10 CMakeFiles/FanSlave_code.elf.dir/function/delay.c.obj
 .debug_ranges  0x0000000000000b88       0x30 CMakeFiles/FanSlave_code.elf.dir/function/iic.c.obj
 .debug_ranges  0x0000000000000bb8       0x50 CMakeFiles/FanSlave_code.elf.dir/function/oled.c.obj
 .debug_ranges  0x0000000000000c08      0x3f0 CMakeFiles/FanSlave_code.elf.dir/ws2812/ws2812.c.obj
 .debug_ranges  0x0000000000000ff8       0x38 /usr/lib/gcc/arm-none-eabi/9.2.1/../../../arm-none-eabi/lib/thumb/v7-m/nofp/libg.a(lib_a-__call_atexit.o)

.debug_line     0x0000000000000000     0xf4c7
 .debug_line    0x0000000000000000      0x212 CMakeFiles/FanSlave_code.elf.dir/Core/Src/dma.c.obj
 .debug_line    0x0000000000000212      0x27c CMakeFiles/FanSlave_code.elf.dir/Core/Src/gpio.c.obj
 .debug_line    0x000000000000048e      0x4eb CMakeFiles/FanSlave_code.elf.dir/Core/Src/main.c.obj
 .debug_line    0x0000000000000979      0x3c6 CMakeFiles/FanSlave_code.elf.dir/Core/Src/spi.c.obj
 .debug_line    0x0000000000000d3f      0x20c CMakeFiles/FanSlave_code.elf.dir/Core/Src/stm32f1xx_hal_msp.c.obj
 .debug_line    0x0000000000000f4b      0x3db CMakeFiles/FanSlave_code.elf.dir/Core/Src/stm32f1xx_it.c.obj
 .debug_line    0x0000000000001326      0x2c0 CMakeFiles/FanSlave_code.elf.dir/Core/Src/system_stm32f1xx.c.obj
 .debug_line    0x00000000000015e6      0x786 CMakeFiles/FanSlave_code.elf.dir/Core/Src/tim.c.obj
 .debug_line    0x0000000000001d6c       0xb6 CMakeFiles/FanSlave_code.elf.dir/Core/Startup/startup_stm32f103c8tx.s.obj
 .debug_line    0x0000000000001e22      0x550 CMakeFiles/FanSlave_code.elf.dir/Drivers/STM32F1xx_HAL_Driver/Src/stm32f1xx_hal.c.obj
 .debug_line    0x0000000000002372      0x6a6 CMakeFiles/FanSlave_code.elf.dir/Drivers/STM32F1xx_HAL_Driver/Src/stm32f1xx_hal_cortex.c.obj
 .debug_line    0x0000000000002a18      0xac5 CMakeFiles/FanSlave_code.elf.dir/Drivers/STM32F1xx_HAL_Driver/Src/stm32f1xx_hal_dma.c.obj
 .debug_line    0x00000000000034dd      0x652 CMakeFiles/FanSlave_code.elf.dir/Drivers/STM32F1xx_HAL_Driver/Src/stm32f1xx_hal_gpio.c.obj
 .debug_line    0x0000000000003b2f      0xc71 CMakeFiles/FanSlave_code.elf.dir/Drivers/STM32F1xx_HAL_Driver/Src/stm32f1xx_hal_rcc.c.obj
 .debug_line    0x00000000000047a0     0x249e CMakeFiles/FanSlave_code.elf.dir/Drivers/STM32F1xx_HAL_Driver/Src/stm32f1xx_hal_spi.c.obj
 .debug_line    0x0000000000006c3e     0x46d9 CMakeFiles/FanSlave_code.elf.dir/Drivers/STM32F1xx_HAL_Driver/Src/stm32f1xx_hal_tim.c.obj
 .debug_line    0x000000000000b317     0x1bd4 CMakeFiles/FanSlave_code.elf.dir/Drivers/STM32F1xx_HAL_Driver/Src/stm32f1xx_hal_tim_ex.c.obj
 .debug_line    0x000000000000ceeb      0x2ae CMakeFiles/FanSlave_code.elf.dir/function/clock.c.obj
 .debug_line    0x000000000000d199      0x244 CMakeFiles/FanSlave_code.elf.dir/function/delay.c.obj
 .debug_line    0x000000000000d3dd      0x36c CMakeFiles/FanSlave_code.elf.dir/function/iic.c.obj
 .debug_line    0x000000000000d749      0x525 CMakeFiles/FanSlave_code.elf.dir/function/oled.c.obj
 .debug_line    0x000000000000dc6e      0xdb2 CMakeFiles/FanSlave_code.elf.dir/ws2812/ws2812.c.obj
 .debug_line    0x000000000000ea20      0x14a /usr/lib/gcc/arm-none-eabi/9.2.1/../../../arm-none-eabi/lib/thumb/v7-m/nofp/libg.a(lib_a-atexit.o)
 .debug_line    0x000000000000eb6a       0xd7 /usr/lib/gcc/arm-none-eabi/9.2.1/../../../arm-none-eabi/lib/thumb/v7-m/nofp/libg.a(lib_a-fini.o)
 .debug_line    0x000000000000ec41       0xe3 /usr/lib/gcc/arm-none-eabi/9.2.1/../../../arm-none-eabi/lib/thumb/v7-m/nofp/libg.a(lib_a-impure.o)
 .debug_line    0x000000000000ed24      0x114 /usr/lib/gcc/arm-none-eabi/9.2.1/../../../arm-none-eabi/lib/thumb/v7-m/nofp/libg.a(lib_a-init.o)
 .debug_line    0x000000000000ee38      0x26b /usr/lib/gcc/arm-none-eabi/9.2.1/../../../arm-none-eabi/lib/thumb/v7-m/nofp/libg.a(lib_a-memset.o)
 .debug_line    0x000000000000f0a3      0x1e7 /usr/lib/gcc/arm-none-eabi/9.2.1/../../../arm-none-eabi/lib/thumb/v7-m/nofp/libg.a(lib_a-__atexit.o)
 .debug_line    0x000000000000f28a      0x23d /usr/lib/gcc/arm-none-eabi/9.2.1/../../../arm-none-eabi/lib/thumb/v7-m/nofp/libg.a(lib_a-__call_atexit.o)

.debug_str      0x0000000000000000     0x482d
 .debug_str     0x0000000000000000      0x5dc CMakeFiles/FanSlave_code.elf.dir/Core/Src/dma.c.obj
                                        0x61d (size before relaxing)
 .debug_str     0x00000000000005dc       0xd7 CMakeFiles/FanSlave_code.elf.dir/Core/Src/gpio.c.obj
                                        0x3af (size before relaxing)
 .debug_str     0x00000000000006b3      0xc2b CMakeFiles/FanSlave_code.elf.dir/Core/Src/main.c.obj
                                        0xfdd (size before relaxing)
 .debug_str     0x00000000000012de       0x9e CMakeFiles/FanSlave_code.elf.dir/Core/Src/spi.c.obj
                                        0xabc (size before relaxing)
 .debug_str     0x000000000000137c       0x89 CMakeFiles/FanSlave_code.elf.dir/Core/Src/stm32f1xx_hal_msp.c.obj
                                        0x35c (size before relaxing)
 .debug_str     0x0000000000001405      0x1c8 CMakeFiles/FanSlave_code.elf.dir/Core/Src/stm32f1xx_it.c.obj
                                        0xafa (size before relaxing)
 .debug_str     0x00000000000015cd       0x81 CMakeFiles/FanSlave_code.elf.dir/Core/Src/system_stm32f1xx.c.obj
                                        0x353 (size before relaxing)
 .debug_str     0x000000000000164e      0x2a9 CMakeFiles/FanSlave_code.elf.dir/Core/Src/tim.c.obj
                                        0xe70 (size before relaxing)
 .debug_str     0x00000000000018f7       0x63 CMakeFiles/FanSlave_code.elf.dir/Core/Startup/startup_stm32f103c8tx.s.obj
                                         0xa7 (size before relaxing)
 .debug_str     0x000000000000195a      0x2b2 CMakeFiles/FanSlave_code.elf.dir/Drivers/STM32F1xx_HAL_Driver/Src/stm32f1xx_hal.c.obj
                                        0x8d0 (size before relaxing)
 .debug_str     0x0000000000001c0c      0x3c3 CMakeFiles/FanSlave_code.elf.dir/Drivers/STM32F1xx_HAL_Driver/Src/stm32f1xx_hal_cortex.c.obj
                                        0x9ec (size before relaxing)
 .debug_str     0x0000000000001fcf      0x23a CMakeFiles/FanSlave_code.elf.dir/Drivers/STM32F1xx_HAL_Driver/Src/stm32f1xx_hal_dma.c.obj
                                        0x73a (size before relaxing)
 .debug_str     0x0000000000002209      0x144 CMakeFiles/FanSlave_code.elf.dir/Drivers/STM32F1xx_HAL_Driver/Src/stm32f1xx_hal_gpio.c.obj
                                        0x532 (size before relaxing)
 .debug_str     0x000000000000234d      0x223 CMakeFiles/FanSlave_code.elf.dir/Drivers/STM32F1xx_HAL_Driver/Src/stm32f1xx_hal_rcc.c.obj
                                        0x714 (size before relaxing)
 .debug_str     0x0000000000002570      0x544 CMakeFiles/FanSlave_code.elf.dir/Drivers/STM32F1xx_HAL_Driver/Src/stm32f1xx_hal_spi.c.obj
                                        0xc77 (size before relaxing)
 .debug_str     0x0000000000002ab4      0xd6e CMakeFiles/FanSlave_code.elf.dir/Drivers/STM32F1xx_HAL_Driver/Src/stm32f1xx_hal_tim.c.obj
                                       0x176a (size before relaxing)
 .debug_str     0x0000000000003822      0x553 CMakeFiles/FanSlave_code.elf.dir/Drivers/STM32F1xx_HAL_Driver/Src/stm32f1xx_hal_tim_ex.c.obj
                                        0xf6b (size before relaxing)
 .debug_str     0x0000000000003d75       0x6c CMakeFiles/FanSlave_code.elf.dir/function/clock.c.obj
                                        0x7e8 (size before relaxing)
 .debug_str     0x0000000000003de1       0x85 CMakeFiles/FanSlave_code.elf.dir/function/delay.c.obj
                                        0x32f (size before relaxing)
 .debug_str     0x0000000000003e66       0x7c CMakeFiles/FanSlave_code.elf.dir/function/iic.c.obj
                                        0x37b (size before relaxing)
 .debug_str     0x0000000000003ee2       0xdd CMakeFiles/FanSlave_code.elf.dir/function/oled.c.obj
                                        0x3cc (size before relaxing)
 .debug_str     0x0000000000003fbf      0x152 CMakeFiles/FanSlave_code.elf.dir/ws2812/ws2812.c.obj
                                        0xf80 (size before relaxing)
 .debug_str     0x0000000000004111      0x15e /usr/lib/gcc/arm-none-eabi/9.2.1/../../../arm-none-eabi/lib/thumb/v7-m/nofp/libg.a(lib_a-atexit.o)
                                        0x5e3 (size before relaxing)
 .debug_str     0x000000000000426f       0xc4 /usr/lib/gcc/arm-none-eabi/9.2.1/../../../arm-none-eabi/lib/thumb/v7-m/nofp/libg.a(lib_a-fini.o)
                                        0x1f2 (size before relaxing)
 .debug_str     0x0000000000004333       0x97 /usr/lib/gcc/arm-none-eabi/9.2.1/../../../arm-none-eabi/lib/thumb/v7-m/nofp/libg.a(lib_a-impure.o)
                                        0x598 (size before relaxing)
 .debug_str     0x00000000000043ca       0x96 /usr/lib/gcc/arm-none-eabi/9.2.1/../../../arm-none-eabi/lib/thumb/v7-m/nofp/libg.a(lib_a-init.o)
                                        0x21c (size before relaxing)
 .debug_str     0x0000000000004460      0x305 /usr/lib/gcc/arm-none-eabi/9.2.1/../../../arm-none-eabi/lib/thumb/v7-m/nofp/libg.a(lib_a-memset.o)
                                        0x8c5 (size before relaxing)
 .debug_str     0x0000000000004765       0x54 /usr/lib/gcc/arm-none-eabi/9.2.1/../../../arm-none-eabi/lib/thumb/v7-m/nofp/libg.a(lib_a-__atexit.o)
                                        0x601 (size before relaxing)
 .debug_str     0x00000000000047b9       0x74 /usr/lib/gcc/arm-none-eabi/9.2.1/../../../arm-none-eabi/lib/thumb/v7-m/nofp/libg.a(lib_a-__call_atexit.o)
                                        0x614 (size before relaxing)

.debug_frame    0x0000000000000000     0x243c
 .debug_frame   0x0000000000000000       0x2c CMakeFiles/FanSlave_code.elf.dir/Core/Src/dma.c.obj
 .debug_frame   0x000000000000002c       0x38 CMakeFiles/FanSlave_code.elf.dir/Core/Src/gpio.c.obj
 .debug_frame   0x0000000000000064       0x58 CMakeFiles/FanSlave_code.elf.dir/Core/Src/main.c.obj
 .debug_frame   0x00000000000000bc       0x64 CMakeFiles/FanSlave_code.elf.dir/Core/Src/spi.c.obj
 .debug_frame   0x0000000000000120       0x28 CMakeFiles/FanSlave_code.elf.dir/Core/Src/stm32f1xx_hal_msp.c.obj
 .debug_frame   0x0000000000000148      0x138 CMakeFiles/FanSlave_code.elf.dir/Core/Src/stm32f1xx_it.c.obj
 .debug_frame   0x0000000000000280       0x30 CMakeFiles/FanSlave_code.elf.dir/Core/Src/system_stm32f1xx.c.obj
 .debug_frame   0x00000000000002b0      0x114 CMakeFiles/FanSlave_code.elf.dir/Core/Src/tim.c.obj
 .debug_frame   0x00000000000003c4      0x1cc CMakeFiles/FanSlave_code.elf.dir/Drivers/STM32F1xx_HAL_Driver/Src/stm32f1xx_hal.c.obj
 .debug_frame   0x0000000000000590      0x12c CMakeFiles/FanSlave_code.elf.dir/Drivers/STM32F1xx_HAL_Driver/Src/stm32f1xx_hal_cortex.c.obj
 .debug_frame   0x00000000000006bc      0x148 CMakeFiles/FanSlave_code.elf.dir/Drivers/STM32F1xx_HAL_Driver/Src/stm32f1xx_hal_dma.c.obj
 .debug_frame   0x0000000000000804       0xe8 CMakeFiles/FanSlave_code.elf.dir/Drivers/STM32F1xx_HAL_Driver/Src/stm32f1xx_hal_gpio.c.obj
 .debug_frame   0x00000000000008ec      0x18c CMakeFiles/FanSlave_code.elf.dir/Drivers/STM32F1xx_HAL_Driver/Src/stm32f1xx_hal_rcc.c.obj
 .debug_frame   0x0000000000000a78      0x5a0 CMakeFiles/FanSlave_code.elf.dir/Drivers/STM32F1xx_HAL_Driver/Src/stm32f1xx_hal_spi.c.obj
 .debug_frame   0x0000000000001018      0xb2c CMakeFiles/FanSlave_code.elf.dir/Drivers/STM32F1xx_HAL_Driver/Src/stm32f1xx_hal_tim.c.obj
 .debug_frame   0x0000000000001b44      0x420 CMakeFiles/FanSlave_code.elf.dir/Drivers/STM32F1xx_HAL_Driver/Src/stm32f1xx_hal_tim_ex.c.obj
 .debug_frame   0x0000000000001f64       0x40 CMakeFiles/FanSlave_code.elf.dir/function/clock.c.obj
 .debug_frame   0x0000000000001fa4       0x2c CMakeFiles/FanSlave_code.elf.dir/function/delay.c.obj
 .debug_frame   0x0000000000001fd0       0x94 CMakeFiles/FanSlave_code.elf.dir/function/iic.c.obj
 .debug_frame   0x0000000000002064      0x110 CMakeFiles/FanSlave_code.elf.dir/function/oled.c.obj
 .debug_frame   0x0000000000002174      0x188 CMakeFiles/FanSlave_code.elf.dir/ws2812/ws2812.c.obj
 .debug_frame   0x00000000000022fc       0x20 /usr/lib/gcc/arm-none-eabi/9.2.1/../../../arm-none-eabi/lib/thumb/v7-m/nofp/libg.a(lib_a-atexit.o)
 .debug_frame   0x000000000000231c       0x34 /usr/lib/gcc/arm-none-eabi/9.2.1/../../../arm-none-eabi/lib/thumb/v7-m/nofp/libg.a(lib_a-fini.o)
 .debug_frame   0x0000000000002350       0x2c /usr/lib/gcc/arm-none-eabi/9.2.1/../../../arm-none-eabi/lib/thumb/v7-m/nofp/libg.a(lib_a-init.o)
 .debug_frame   0x000000000000237c       0x38 /usr/lib/gcc/arm-none-eabi/9.2.1/../../../arm-none-eabi/lib/thumb/v7-m/nofp/libg.a(lib_a-memset.o)
 .debug_frame   0x00000000000023b4       0x38 /usr/lib/gcc/arm-none-eabi/9.2.1/../../../arm-none-eabi/lib/thumb/v7-m/nofp/libg.a(lib_a-__atexit.o)
 .debug_frame   0x00000000000023ec       0x50 /usr/lib/gcc/arm-none-eabi/9.2.1/../../../arm-none-eabi/lib/thumb/v7-m/nofp/libg.a(lib_a-__call_atexit.o)

.debug_loc      0x0000000000000000     0xb38a
 .debug_loc     0x0000000000000000       0x84 CMakeFiles/FanSlave_code.elf.dir/Core/Src/spi.c.obj
 .debug_loc     0x0000000000000084       0x15 CMakeFiles/FanSlave_code.elf.dir/Core/Src/stm32f1xx_hal_msp.c.obj
 .debug_loc     0x0000000000000099       0xff CMakeFiles/FanSlave_code.elf.dir/Core/Src/system_stm32f1xx.c.obj
 .debug_loc     0x0000000000000198      0x1cc CMakeFiles/FanSlave_code.elf.dir/Core/Src/tim.c.obj
 .debug_loc     0x0000000000000364      0x141 CMakeFiles/FanSlave_code.elf.dir/Drivers/STM32F1xx_HAL_Driver/Src/stm32f1xx_hal.c.obj
 .debug_loc     0x00000000000004a5      0x71f CMakeFiles/FanSlave_code.elf.dir/Drivers/STM32F1xx_HAL_Driver/Src/stm32f1xx_hal_cortex.c.obj
 .debug_loc     0x0000000000000bc4      0x7d1 CMakeFiles/FanSlave_code.elf.dir/Drivers/STM32F1xx_HAL_Driver/Src/stm32f1xx_hal_dma.c.obj
 .debug_loc     0x0000000000001395      0x468 CMakeFiles/FanSlave_code.elf.dir/Drivers/STM32F1xx_HAL_Driver/Src/stm32f1xx_hal_gpio.c.obj
 .debug_loc     0x00000000000017fd      0x5da CMakeFiles/FanSlave_code.elf.dir/Drivers/STM32F1xx_HAL_Driver/Src/stm32f1xx_hal_rcc.c.obj
 .debug_loc     0x0000000000001dd7     0x1d3e CMakeFiles/FanSlave_code.elf.dir/Drivers/STM32F1xx_HAL_Driver/Src/stm32f1xx_hal_spi.c.obj
 .debug_loc     0x0000000000003b15     0x46d6 CMakeFiles/FanSlave_code.elf.dir/Drivers/STM32F1xx_HAL_Driver/Src/stm32f1xx_hal_tim.c.obj
 .debug_loc     0x00000000000081eb     0x1a8b CMakeFiles/FanSlave_code.elf.dir/Drivers/STM32F1xx_HAL_Driver/Src/stm32f1xx_hal_tim_ex.c.obj
 .debug_loc     0x0000000000009c76       0xea CMakeFiles/FanSlave_code.elf.dir/function/delay.c.obj
 .debug_loc     0x0000000000009d60       0xd4 CMakeFiles/FanSlave_code.elf.dir/function/iic.c.obj
 .debug_loc     0x0000000000009e34      0x453 CMakeFiles/FanSlave_code.elf.dir/function/oled.c.obj
 .debug_loc     0x000000000000a287      0xafc CMakeFiles/FanSlave_code.elf.dir/ws2812/ws2812.c.obj
 .debug_loc     0x000000000000ad83       0x32 /usr/lib/gcc/arm-none-eabi/9.2.1/../../../arm-none-eabi/lib/thumb/v7-m/nofp/libg.a(lib_a-atexit.o)
 .debug_loc     0x000000000000adb5       0x68 /usr/lib/gcc/arm-none-eabi/9.2.1/../../../arm-none-eabi/lib/thumb/v7-m/nofp/libg.a(lib_a-fini.o)
 .debug_loc     0x000000000000ae1d       0xba /usr/lib/gcc/arm-none-eabi/9.2.1/../../../arm-none-eabi/lib/thumb/v7-m/nofp/libg.a(lib_a-init.o)
 .debug_loc     0x000000000000aed7      0x231 /usr/lib/gcc/arm-none-eabi/9.2.1/../../../arm-none-eabi/lib/thumb/v7-m/nofp/libg.a(lib_a-memset.o)
 .debug_loc     0x000000000000b108      0x138 /usr/lib/gcc/arm-none-eabi/9.2.1/../../../arm-none-eabi/lib/thumb/v7-m/nofp/libg.a(lib_a-__atexit.o)
 .debug_loc     0x000000000000b240      0x14a /usr/lib/gcc/arm-none-eabi/9.2.1/../../../arm-none-eabi/lib/thumb/v7-m/nofp/libg.a(lib_a-__call_atexit.o)
