Archive member included to satisfy reference by file (symbol)

/usr/lib/gcc/arm-none-eabi/9.2.1/thumb/v7-m/nofp/libgcc.a(_arm_muldf3.o)
                              CMakeFiles/windmill_mastercontrol_code.elf.dir/motor_control/can_motor_control.c.obj (__aeabi_dmul)
/usr/lib/gcc/arm-none-eabi/9.2.1/thumb/v7-m/nofp/libgcc.a(_arm_mulsf3.o)
                              CMakeFiles/windmill_mastercontrol_code.elf.dir/motor_control/motor.c.obj (__aeabi_fmul)
/usr/lib/gcc/arm-none-eabi/9.2.1/thumb/v7-m/nofp/libgcc.a(_arm_addsubdf3.o)
                              CMakeFiles/windmill_mastercontrol_code.elf.dir/motor_control/can_motor_control.c.obj (__aeabi_dadd)
/usr/lib/gcc/arm-none-eabi/9.2.1/thumb/v7-m/nofp/libgcc.a(_arm_muldivdf3.o)
                              CMakeFiles/windmill_mastercontrol_code.elf.dir/motor_control/can_motor_control.c.obj (__aeabi_ddiv)
/usr/lib/gcc/arm-none-eabi/9.2.1/thumb/v7-m/nofp/libgcc.a(_arm_truncdfsf2.o)
                              CMakeFiles/windmill_mastercontrol_code.elf.dir/motor_control/can_motor_control.c.obj (__aeabi_d2f)
/usr/lib/gcc/arm-none-eabi/9.2.1/thumb/v7-m/nofp/libgcc.a(_arm_addsubsf3.o)
                              CMakeFiles/windmill_mastercontrol_code.elf.dir/motor_control/pid.c.obj (__aeabi_fsub)
/usr/lib/gcc/arm-none-eabi/9.2.1/thumb/v7-m/nofp/libgcc.a(_arm_cmpsf2.o)
                              CMakeFiles/windmill_mastercontrol_code.elf.dir/motor_control/pid.c.obj (__aeabi_fcmpeq)
/usr/lib/gcc/arm-none-eabi/9.2.1/thumb/v7-m/nofp/libgcc.a(_arm_fixsfsi.o)
                              CMakeFiles/windmill_mastercontrol_code.elf.dir/motor_control/can_motor_control.c.obj (__aeabi_f2iz)
/usr/lib/gcc/arm-none-eabi/9.2.1/../../../arm-none-eabi/lib/thumb/v7-m/nofp/libg.a(lib_a-atexit.o)
                              /usr/lib/gcc/arm-none-eabi/9.2.1/../../../arm-none-eabi/lib/thumb/v7-m/nofp/crt0.o (atexit)
/usr/lib/gcc/arm-none-eabi/9.2.1/../../../arm-none-eabi/lib/thumb/v7-m/nofp/libg.a(lib_a-errno.o)
                              CMakeFiles/windmill_mastercontrol_code.elf.dir/Core/Src/retarget.c.obj (__errno)
/usr/lib/gcc/arm-none-eabi/9.2.1/../../../arm-none-eabi/lib/thumb/v7-m/nofp/libg.a(lib_a-exit.o)
                              /usr/lib/gcc/arm-none-eabi/9.2.1/../../../arm-none-eabi/lib/thumb/v7-m/nofp/crt0.o (exit)
/usr/lib/gcc/arm-none-eabi/9.2.1/../../../arm-none-eabi/lib/thumb/v7-m/nofp/libg.a(lib_a-fini.o)
                              /usr/lib/gcc/arm-none-eabi/9.2.1/../../../arm-none-eabi/lib/thumb/v7-m/nofp/crt0.o (__libc_fini_array)
/usr/lib/gcc/arm-none-eabi/9.2.1/../../../arm-none-eabi/lib/thumb/v7-m/nofp/libg.a(lib_a-impure.o)
                              /usr/lib/gcc/arm-none-eabi/9.2.1/../../../arm-none-eabi/lib/thumb/v7-m/nofp/libg.a(lib_a-exit.o) (_global_impure_ptr)
/usr/lib/gcc/arm-none-eabi/9.2.1/../../../arm-none-eabi/lib/thumb/v7-m/nofp/libg.a(lib_a-init.o)
                              /usr/lib/gcc/arm-none-eabi/9.2.1/../../../arm-none-eabi/lib/thumb/v7-m/nofp/crt0.o (__libc_init_array)
/usr/lib/gcc/arm-none-eabi/9.2.1/../../../arm-none-eabi/lib/thumb/v7-m/nofp/libg.a(lib_a-memset.o)
                              /usr/lib/gcc/arm-none-eabi/9.2.1/../../../arm-none-eabi/lib/thumb/v7-m/nofp/crt0.o (memset)
/usr/lib/gcc/arm-none-eabi/9.2.1/../../../arm-none-eabi/lib/thumb/v7-m/nofp/libg.a(lib_a-setvbuf.o)
                              CMakeFiles/windmill_mastercontrol_code.elf.dir/Core/Src/retarget.c.obj (setvbuf)
/usr/lib/gcc/arm-none-eabi/9.2.1/../../../arm-none-eabi/lib/thumb/v7-m/nofp/libg.a(lib_a-__atexit.o)
                              /usr/lib/gcc/arm-none-eabi/9.2.1/../../../arm-none-eabi/lib/thumb/v7-m/nofp/libg.a(lib_a-atexit.o) (__register_exitproc)
/usr/lib/gcc/arm-none-eabi/9.2.1/../../../arm-none-eabi/lib/thumb/v7-m/nofp/libg.a(lib_a-__call_atexit.o)
                              /usr/lib/gcc/arm-none-eabi/9.2.1/../../../arm-none-eabi/lib/thumb/v7-m/nofp/libg.a(lib_a-exit.o) (__call_exitprocs)
/usr/lib/gcc/arm-none-eabi/9.2.1/../../../arm-none-eabi/lib/thumb/v7-m/nofp/libg.a(lib_a-fflush.o)
                              /usr/lib/gcc/arm-none-eabi/9.2.1/../../../arm-none-eabi/lib/thumb/v7-m/nofp/libg.a(lib_a-setvbuf.o) (_fflush_r)
/usr/lib/gcc/arm-none-eabi/9.2.1/../../../arm-none-eabi/lib/thumb/v7-m/nofp/libg.a(lib_a-findfp.o)
                              /usr/lib/gcc/arm-none-eabi/9.2.1/../../../arm-none-eabi/lib/thumb/v7-m/nofp/libg.a(lib_a-setvbuf.o) (__sinit)
/usr/lib/gcc/arm-none-eabi/9.2.1/../../../arm-none-eabi/lib/thumb/v7-m/nofp/libg.a(lib_a-freer.o)
                              /usr/lib/gcc/arm-none-eabi/9.2.1/../../../arm-none-eabi/lib/thumb/v7-m/nofp/libg.a(lib_a-setvbuf.o) (_free_r)
/usr/lib/gcc/arm-none-eabi/9.2.1/../../../arm-none-eabi/lib/thumb/v7-m/nofp/libg.a(lib_a-fwalk.o)
                              /usr/lib/gcc/arm-none-eabi/9.2.1/../../../arm-none-eabi/lib/thumb/v7-m/nofp/libg.a(lib_a-findfp.o) (_fwalk)
[...]
Memory Configuration

Name             Origin             Length             Attributes
RAM              0x0000000020000000 0x0000000000005000 xrw
FLASH            0x0000000008000000 0x0000000000010000 xr
*default*        0x0000000000000000 0xffffffffffffffff

Linker script and memory map

LOAD /usr/lib/gcc/arm-none-eabi/9.2.1/thumb/v7-m/nofp/crti.o
LOAD /usr/lib/gcc/arm-none-eabi/9.2.1/thumb/v7-m/nofp/crtbegin.o
LOAD /usr/lib/gcc/arm-none-eabi/9.2.1/../../../arm-none-eabi/lib/thumb/v7-m/nofp/crt0.o
LOAD CMakeFiles/windmill_mastercontrol_code.elf.dir/Core/Src/can.c.obj
LOAD CMakeFiles/windmill_mastercontrol_code.elf.dir/Core/Src/dma.c.obj
LOAD CMakeFiles/windmill_mastercontrol_code.elf.dir/Core/Src/gpio.c.obj
LOAD CMakeFiles/windmill_mastercontrol_code.elf.dir/Core/Src/main.c.obj
LOAD CMakeFiles/windmill_mastercontrol_code.elf.dir/Core/Src/retarget.c.obj
LOAD CMakeFiles/windmill_mastercontrol_code.elf.dir/Core/Src/spi.c.obj
LOAD CMakeFiles/windmill_mastercontrol_code.elf.dir/Core/Src/stm32f1xx_hal_msp.c.obj
LOAD CMakeFiles/windmill_mastercontrol_code.elf.dir/Core/Src/stm32f1xx_it.c.obj
LOAD CMakeFiles/windmill_mastercontrol_code.elf.dir/Core/Src/syscalls.c.obj
LOAD CMakeFiles/windmill_mastercontrol_code.elf.dir/Core/Src/sysmem.c.obj
LOAD CMakeFiles/windmill_mastercontrol_code.elf.dir/Core/Src/system_stm32f1xx.c.obj
LOAD CMakeFiles/windmill_mastercontrol_code.elf.dir/Core/Src/tim.c.obj
LOAD CMakeFiles/windmill_mastercontrol_code.elf.dir/Core/Src/usart.c.obj
LOAD CMakeFiles/windmill_mastercontrol_code.elf.dir/Core/Startup/startup_stm32f103c8tx.s.obj
LOAD CMakeFiles/windmill_mastercontrol_code.elf.dir/Drivers/STM32F1xx_HAL_Driver/Src/stm32f1xx_hal.c.obj
LOAD CMakeFiles/windmill_mastercontrol_code.elf.dir/Drivers/STM32F1xx_HAL_Driver/Src/stm32f1xx_hal_can.c.obj
LOAD CMakeFiles/windmill_mastercontrol_code.elf.dir/Drivers/STM32F1xx_HAL_Driver/Src/stm32f1xx_hal_cortex.c.obj
LOAD CMakeFiles/windmill_mastercontrol_code.elf.dir/Drivers/STM32F1xx_HAL_Driver/Src/stm32f1xx_hal_dma.c.obj
LOAD CMakeFiles/windmill_mastercontrol_code.elf.dir/Drivers/STM32F1xx_HAL_Driver/Src/stm32f1xx_hal_exti.c.obj
LOAD CMakeFiles/windmill_mastercontrol_code.elf.dir/Drivers/STM32F1xx_HAL_Driver/Src/stm32f1xx_hal_flash.c.obj
LOAD CMakeFiles/windmill_mastercontrol_code.elf.dir/Drivers/STM32F1xx_HAL_Driver/Src/stm32f1xx_hal_flash_ex.c.obj
LOAD CMakeFiles/windmill_mastercontrol_code.elf.dir/Drivers/STM32F1xx_HAL_Driver/Src/stm32f1xx_hal_gpio.c.obj
LOAD CMakeFiles/windmill_mastercontrol_code.elf.dir/Drivers/STM32F1xx_HAL_Driver/Src/stm32f1xx_hal_gpio_ex.c.obj
LOAD CMakeFiles/windmill_mastercontrol_code.elf.dir/Drivers/STM32F1xx_HAL_Driver/Src/stm32f1xx_hal_pwr.c.obj
LOAD CMakeFiles/windmill_mastercontrol_code.elf.dir/Drivers/STM32F1xx_HAL_Driver/Src/stm32f1xx_hal_rcc.c.obj
LOAD CMakeFiles/windmill_mastercontrol_code.elf.dir/Drivers/STM32F1xx_HAL_Driver/Src/stm32f1xx_hal_rcc_ex.c.obj
LOAD CMakeFiles/windmill_mastercontrol_code.elf.dir/Drivers/STM32F1xx_HAL_Driver/Src/stm32f1xx_hal_spi.c.obj
LOAD CMakeFiles/windmill_mastercontrol_code.elf.dir/Drivers/STM32F1xx_HAL_Driver/Src/stm32f1xx_hal_tim.c.obj
LOAD CMakeFiles/windmill_mastercontrol_code.elf.dir/Drivers/STM32F1xx_HAL_Driver/Src/stm32f1xx_hal_tim_ex.c.obj
LOAD CMakeFiles/windmill_mastercontrol_code.elf.dir/Drivers/STM32F1xx_HAL_Driver/Src/stm32f1xx_hal_uart.c.obj
LOAD CMakeFiles/windmill_mastercontrol_code.elf.dir/function/clock.c.obj
LOAD CMakeFiles/windmill_mastercontrol_code.elf.dir/function/communication.c.obj
LOAD CMakeFiles/windmill_mastercontrol_code.elf.dir/function/delay.c.obj
LOAD CMakeFiles/windmill_mastercontrol_code.elf.dir/function/fsm.c.obj
LOAD CMakeFiles/windmill_mastercontrol_code.elf.dir/function/hit_reaction.c.obj
LOAD CMakeFiles/windmill_mastercontrol_code.elf.dir/function/key.c.obj
LOAD CMakeFiles/windmill_mastercontrol_code.elf.dir/function/led.c.obj
LOAD CMakeFiles/windmill_mastercontrol_code.elf.dir/motor_control/can_motor_control.c.obj
LOAD CMakeFiles/windmill_mastercontrol_code.elf.dir/motor_control/motor.c.obj
LOAD CMakeFiles/windmill_mastercontrol_code.elf.dir/motor_control/pid.c.obj
LOAD CMakeFiles/windmill_mastercontrol_code.elf.dir/oled/data_type_conversion.c.obj
LOAD CMakeFiles/windmill_mastercontrol_code.elf.dir/oled/iic.c.obj
LOAD CMakeFiles/windmill_mastercontrol_code.elf.dir/oled/oled.c.obj
LOAD CMakeFiles/windmill_mastercontrol_code.elf.dir/ws2812/ws2812.c.obj
START GROUP
LOAD /usr/lib/gcc/arm-none-eabi/9.2.1/thumb/v7-m/nofp/libgcc.a
LOAD /usr/lib/gcc/arm-none-eabi/9.2.1/../../../arm-none-eabi/lib/thumb/v7-m/nofp/libg.a
LOAD /usr/lib/gcc/arm-none-eabi/9.2.1/../../../arm-none-eabi/lib/thumb/v7-m/nofp/libc.a
END GROUP
LOAD /usr/lib/gcc/arm-none-eabi/9.2.1/thumb/v7-m/nofp/crtend.o
LOAD /usr/lib/gcc/arm-none-eabi/9.2.1/thumb/v7-m/nofp/crtn.o
                0x0000000020005000                _estack = (ORIGIN (RAM) + LENGTH (RAM))
                0x0000000000000200                _Min_Heap_Size = 0x200
                0x0000000000000400                _Min_Stack_Size = 0x400

.isr_vector     0x0000000008000000      0x10c
                0x0000000008000000                . = ALIGN (0x4)
 *(.isr_vector)
 .isr_vector    0x0000000008000000      0x10c CMakeFiles/windmill_mastercontrol_code.elf.dir/Core/Startup/startup_stm32f103c8tx.s.obj
                0x0000000008000000                g_pfnVectors
                0x000000000800010c                . = ALIGN (0x4)

.text           0x000000000800010c     0x3760
                0x000000000800010c                . = ALIGN (0x4)
 *(.text)
 .text          0x000000000800010c       0x88 /usr/lib/gcc/arm-none-eabi/9.2.1/thumb/v7-m/nofp/crtbegin.o
 .text          0x0000000008000194        0xc /usr/lib/gcc/arm-none-eabi/9.2.1/../../../arm-none-eabi/lib/thumb/v7-m/nofp/libg.a(lib_a-atexit.o)
                0x0000000008000194                atexit
 .text          0x00000000080001a0       0x34 /usr/lib/gcc/arm-none-eabi/9.2.1/../../../arm-none-eabi/lib/thumb/v7-m/nofp/libg.a(lib_a-fini.o)
                0x00000000080001a0                __libc_fini_array
 .text          0x00000000080001d4       0x48 /usr/lib/gcc/arm-none-eabi/9.2.1/../../../arm-none-eabi/lib/thumb/v7-m/nofp/libg.a(lib_a-init.o)
                0x00000000080001d4                __libc_init_array
 .text          0x000000000800021c       0xa0 /usr/lib/gcc/arm-none-eabi/9.2.1/../../../arm-none-eabi/lib/thumb/v7-m/nofp/libg.a(lib_a-memset.o)
                0x000000000800021c                memset
 .text          0x00000000080002bc       0x64 /usr/lib/gcc/arm-none-eabi/9.2.1/../../../arm-none-eabi/lib/thumb/v7-m/nofp/libg.a(lib_a-__atexit.o)
                0x00000000080002bc                __register_exitproc
 *(.text*)
 .text.MX_CAN_Init
                0x0000000008000320       0x3c CMakeFiles/windmill_mastercontrol_code.elf.dir/Core/Src/can.c.obj
                0x0000000008000320                MX_CAN_Init
 .text.HAL_CAN_MspInit
                0x000000000800035c       0x88 CMakeFiles/windmill_mastercontrol_code.elf.dir/Core/Src/can.c.obj
                0x000000000800035c                HAL_CAN_MspInit
 .text.MX_DMA_Init
                0x00000000080003e4       0x34 CMakeFiles/windmill_mastercontrol_code.elf.dir/Core/Src/dma.c.obj
                0x00000000080003e4                MX_DMA_Init
 .text.MX_GPIO_Init
                0x0000000008000418       0xf0 CMakeFiles/windmill_mastercontrol_code.elf.dir/Core/Src/gpio.c.obj
                0x0000000008000418                MX_GPIO_Init
 .text.Error_Handler
                0x0000000008000508        0x4 CMakeFiles/windmill_mastercontrol_code.elf.dir/Core/Src/main.c.obj
                0x0000000008000508                Error_Handler
 .text.SystemClock_Config
                0x000000000800050c       0x62 CMakeFiles/windmill_mastercontrol_code.elf.dir/Core/Src/main.c.obj
                0x000000000800050c                SystemClock_Config
 *fill*         0x000000000800056e        0x2 
 .text.main     0x0000000008000570      0x10c CMakeFiles/windmill_mastercontrol_code.elf.dir/Core/Src/main.c.obj
                0x0000000008000570                main
 .text.MX_SPI1_Init
                0x000000000800067c       0x44 CMakeFiles/windmill_mastercontrol_code.elf.dir/Core/Src/spi.c.obj
                0x000000000800067c                MX_SPI1_Init
 .text.HAL_SPI_MspInit
                0x00000000080006c0       0x74 CMakeFiles/windmill_mastercontrol_code.elf.dir/Core/Src/spi.c.obj
                0x00000000080006c0                HAL_SPI_MspInit
 .text.HAL_MspInit
                0x0000000008000734       0x44 CMakeFiles/windmill_mastercontrol_code.elf.dir/Core/Src/stm32f1xx_hal_msp.c.obj
                0x0000000008000734                HAL_MspInit
 .text.NMI_Handler
                0x0000000008000778        0x2 CMakeFiles/windmill_mastercontrol_code.elf.dir/Core/Src/stm32f1xx_it.c.obj
                0x0000000008000778                NMI_Handler
 .text.HardFault_Handler
                0x000000000800077a        0x2 CMakeFiles/windmill_mastercontrol_code.elf.dir/Core/Src/stm32f1xx_it.c.obj
                0x000000000800077a                HardFault_Handler
 .text.MemManage_Handler
                0x000000000800077c        0x2 CMakeFiles/windmill_mastercontrol_code.elf.dir/Core/Src/stm32f1xx_it.c.obj
                0x000000000800077c                MemManage_Handler
 .text.BusFault_Handler
                0x000000000800077e        0x2 CMakeFiles/windmill_mastercontrol_code.elf.dir/Core/Src/stm32f1xx_it.c.obj
                0x000000000800077e                BusFault_Handler
 .text.UsageFault_Handler
                0x0000000008000780        0x2 CMakeFiles/windmill_mastercontrol_code.elf.dir/Core/Src/stm32f1xx_it.c.obj
                0x0000000008000780                UsageFault_Handler
 .text.SVC_Handler
                0x0000000008000782        0x2 CMakeFiles/windmill_mastercontrol_code.elf.dir/Core/Src/stm32f1xx_it.c.obj
                0x0000000008000782                SVC_Handler
 .text.DebugMon_Handler
                0x0000000008000784        0x2 CMakeFiles/windmill_mastercontrol_code.elf.dir/Core/Src/stm32f1xx_it.c.obj
                0x0000000008000784                DebugMon_Handler
 .text.PendSV_Handler
                0x0000000008000786        0x2 CMakeFiles/windmill_mastercontrol_code.elf.dir/Core/Src/stm32f1xx_it.c.obj
                0x0000000008000786                PendSV_Handler
 .text.SysTick_Handler
                0x0000000008000788        0x8 CMakeFiles/windmill_mastercontrol_code.elf.dir/Core/Src/stm32f1xx_it.c.obj
                0x0000000008000788                SysTick_Handler
 .text.DMA1_Channel2_IRQHandler
                0x0000000008000790       0x10 CMakeFiles/windmill_mastercontrol_code.elf.dir/Core/Src/stm32f1xx_it.c.obj
                0x0000000008000790                DMA1_Channel2_IRQHandler
 .text.USB_LP_CAN1_RX0_IRQHandler
                0x00000000080007a0       0x10 CMakeFiles/windmill_mastercontrol_code.elf.dir/Core/Src/stm32f1xx_it.c.obj
                0x00000000080007a0                USB_LP_CAN1_RX0_IRQHandler
 .text.TIM3_IRQHandler
                0x00000000080007b0       0x10 CMakeFiles/windmill_mastercontrol_code.elf.dir/Core/Src/stm32f1xx_it.c.obj
                0x00000000080007b0                TIM3_IRQHandler
 .text.USART2_IRQHandler
                0x00000000080007c0       0x10 CMakeFiles/windmill_mastercontrol_code.elf.dir/Core/Src/stm32f1xx_it.c.obj
                0x00000000080007c0                USART2_IRQHandler
 .text.SystemInit
                0x00000000080007d0        0x2 CMakeFiles/windmill_mastercontrol_code.elf.dir/Core/Src/system_stm32f1xx.c.obj
                0x00000000080007d0                SystemInit
 *fill*         0x00000000080007d2        0x2 
 .text.MX_TIM3_Init
                0x00000000080007d4       0x70 CMakeFiles/windmill_mastercontrol_code.elf.dir/Core/Src/tim.c.obj
                0x00000000080007d4                MX_TIM3_Init
 .text.MX_TIM4_Init
                0x0000000008000844       0x6c CMakeFiles/windmill_mastercontrol_code.elf.dir/Core/Src/tim.c.obj
                0x0000000008000844                MX_TIM4_Init
 .text.HAL_TIM_PWM_MspInit
                0x00000000080008b0       0x6c CMakeFiles/windmill_mastercontrol_code.elf.dir/Core/Src/tim.c.obj
                0x00000000080008b0                HAL_TIM_PWM_MspInit
 .text.HAL_TIM_Base_MspInit
                0x000000000800091c       0x60 CMakeFiles/windmill_mastercontrol_code.elf.dir/Core/Src/tim.c.obj
                0x000000000800091c                HAL_TIM_Base_MspInit
 .text.HAL_TIM_MspPostInit
                0x000000000800097c       0x50 CMakeFiles/windmill_mastercontrol_code.elf.dir/Core/Src/tim.c.obj
                0x000000000800097c                HAL_TIM_MspPostInit
 .text.MX_TIM1_Init
                0x00000000080009cc       0xb4 CMakeFiles/windmill_mastercontrol_code.elf.dir/Core/Src/tim.c.obj
                0x00000000080009cc                MX_TIM1_Init
 .text.MX_USART2_UART_Init
                0x0000000008000a80       0x34 CMakeFiles/windmill_mastercontrol_code.elf.dir/Core/Src/usart.c.obj
                0x0000000008000a80                MX_USART2_UART_Init
 .text.HAL_UART_MspInit
                0x0000000008000ab4       0x88 CMakeFiles/windmill_mastercontrol_code.elf.dir/Core/Src/usart.c.obj
                0x0000000008000ab4                HAL_UART_MspInit
 .text.Reset_Handler
                0x0000000008000b3c       0x48 CMakeFiles/windmill_mastercontrol_code.elf.dir/Core/Startup/startup_stm32f103c8tx.s.obj
                0x0000000008000b3c                Reset_Handler
 .text.Default_Handler
                0x0000000008000b84        0x2 CMakeFiles/windmill_mastercontrol_code.elf.dir/Core/Startup/startup_stm32f103c8tx.s.obj
                0x0000000008000b84                RTC_Alarm_IRQHandler
                0x0000000008000b84                EXTI2_IRQHandler
                0x0000000008000b84                TIM1_CC_IRQHandler
                0x0000000008000b84                PVD_IRQHandler
                0x0000000008000b84                EXTI3_IRQHandler
                0x0000000008000b84                EXTI0_IRQHandler
                0x0000000008000b84                I2C2_EV_IRQHandler
                0x0000000008000b84                ADC1_2_IRQHandler
                0x0000000008000b84                SPI1_IRQHandler
                0x0000000008000b84                TAMPER_IRQHandler
                0x0000000008000b84                DMA1_Channel4_IRQHandler
                0x0000000008000b84                USART3_IRQHandler
                0x0000000008000b84                RTC_IRQHandler
                0x0000000008000b84                DMA1_Channel7_IRQHandler
                0x0000000008000b84                CAN1_RX1_IRQHandler
                0x0000000008000b84                TIM4_IRQHandler
                0x0000000008000b84                I2C1_EV_IRQHandler
                0x0000000008000b84                DMA1_Channel6_IRQHandler
                0x0000000008000b84                RCC_IRQHandler
                0x0000000008000b84                TIM1_TRG_COM_IRQHandler
                0x0000000008000b84                DMA1_Channel1_IRQHandler
                0x0000000008000b84                Default_Handler
                0x0000000008000b84                EXTI15_10_IRQHandler
                0x0000000008000b84                EXTI9_5_IRQHandler
                0x0000000008000b84                SPI2_IRQHandler
                0x0000000008000b84                DMA1_Channel5_IRQHandler
                0x0000000008000b84                EXTI4_IRQHandler
                0x0000000008000b84                USB_HP_CAN1_TX_IRQHandler
                0x0000000008000b84                DMA1_Channel3_IRQHandler
                0x0000000008000b84                TIM1_UP_IRQHandler
                0x0000000008000b84                WWDG_IRQHandler
                0x0000000008000b84                TIM2_IRQHandler
                0x0000000008000b84                TIM1_BRK_IRQHandler
                0x0000000008000b84                EXTI1_IRQHandler
                0x0000000008000b84                I2C2_ER_IRQHandler
                0x0000000008000b84                CAN1_SCE_IRQHandler
                0x0000000008000b84                FLASH_IRQHandler
                0x0000000008000b84                USART1_IRQHandler
                0x0000000008000b84                I2C1_ER_IRQHandler
                0x0000000008000b84                USBWakeUp_IRQHandler
 *fill*         0x0000000008000b86        0x2 
 .text.HAL_InitTick
                0x0000000008000b88       0x4c CMakeFiles/windmill_mastercontrol_code.elf.dir/Drivers/STM32F1xx_HAL_Driver/Src/stm32f1xx_hal.c.obj
                0x0000000008000b88                HAL_InitTick
 .text.HAL_Init
                0x0000000008000bd4       0x24 CMakeFiles/windmill_mastercontrol_code.elf.dir/Drivers/STM32F1xx_HAL_Driver/Src/stm32f1xx_hal.c.obj
                0x0000000008000bd4                HAL_Init
 .text.HAL_IncTick
                0x0000000008000bf8       0x18 CMakeFiles/windmill_mastercontrol_code.elf.dir/Drivers/STM32F1xx_HAL_Driver/Src/stm32f1xx_hal.c.obj
                0x0000000008000bf8                HAL_IncTick
 .text.HAL_GetTick
                0x0000000008000c10        0xc CMakeFiles/windmill_mastercontrol_code.elf.dir/Drivers/STM32F1xx_HAL_Driver/Src/stm32f1xx_hal.c.obj
                0x0000000008000c10                HAL_GetTick
 .text.HAL_Delay
                0x0000000008000c1c       0x28 CMakeFiles/windmill_mastercontrol_code.elf.dir/Drivers/STM32F1xx_HAL_Driver/Src/stm32f1xx_hal.c.obj
                0x0000000008000c1c                HAL_Delay
 .text.HAL_CAN_Init
                0x0000000008000c44      0x14c CMakeFiles/windmill_mastercontrol_code.elf.dir/Drivers/STM32F1xx_HAL_Driver/Src/stm32f1xx_hal_can.c.obj
                0x0000000008000c44                HAL_CAN_Init
 .text.HAL_CAN_ConfigFilter
                0x0000000008000d90       0xfe CMakeFiles/windmill_mastercontrol_code.elf.dir/Drivers/STM32F1xx_HAL_Driver/Src/stm32f1xx_hal_can.c.obj
                0x0000000008000d90                HAL_CAN_ConfigFilter
 .text.HAL_CAN_Start
                0x0000000008000e8e       0x5c CMakeFiles/windmill_mastercontrol_code.elf.dir/Drivers/STM32F1xx_HAL_Driver/Src/stm32f1xx_hal_can.c.obj
                0x0000000008000e8e                HAL_CAN_Start
 .text.HAL_CAN_GetRxMessage
                0x0000000008000eea      0x140 CMakeFiles/windmill_mastercontrol_code.elf.dir/Drivers/STM32F1xx_HAL_Driver/Src/stm32f1xx_hal_can.c.obj
                0x0000000008000eea                HAL_CAN_GetRxMessage
 .text.HAL_CAN_ActivateNotification
                0x000000000800102a       0x24 CMakeFiles/windmill_mastercontrol_code.elf.dir/Drivers/STM32F1xx_HAL_Driver/Src/stm32f1xx_hal_can.c.obj
                0x000000000800102a                HAL_CAN_ActivateNotification
 .text.HAL_CAN_TxMailbox0CompleteCallback
                0x000000000800104e        0x2 CMakeFiles/windmill_mastercontrol_code.elf.dir/Drivers/STM32F1xx_HAL_Driver/Src/stm32f1xx_hal_can.c.obj
                0x000000000800104e                HAL_CAN_TxMailbox0CompleteCallback
 .text.HAL_CAN_TxMailbox1CompleteCallback
                0x0000000008001050        0x2 CMakeFiles/windmill_mastercontrol_code.elf.dir/Drivers/STM32F1xx_HAL_Driver/Src/stm32f1xx_hal_can.c.obj
                0x0000000008001050                HAL_CAN_TxMailbox1CompleteCallback
 .text.HAL_CAN_TxMailbox2CompleteCallback
                0x0000000008001052        0x2 CMakeFiles/windmill_mastercontrol_code.elf.dir/Drivers/STM32F1xx_HAL_Driver/Src/stm32f1xx_hal_can.c.obj
                0x0000000008001052                HAL_CAN_TxMailbox2CompleteCallback
 .text.HAL_CAN_TxMailbox0AbortCallback
                0x0000000008001054        0x2 CMakeFiles/windmill_mastercontrol_code.elf.dir/Drivers/STM32F1xx_HAL_Driver/Src/stm32f1xx_hal_can.c.obj
                0x0000000008001054                HAL_CAN_TxMailbox0AbortCallback
 .text.HAL_CAN_TxMailbox1AbortCallback
                0x0000000008001056        0x2 CMakeFiles/windmill_mastercontrol_code.elf.dir/Drivers/STM32F1xx_HAL_Driver/Src/stm32f1xx_hal_can.c.obj
                0x0000000008001056                HAL_CAN_TxMailbox1AbortCallback
 .text.HAL_CAN_TxMailbox2AbortCallback
                0x0000000008001058        0x2 CMakeFiles/windmill_mastercontrol_code.elf.dir/Drivers/STM32F1xx_HAL_Driver/Src/stm32f1xx_hal_can.c.obj
                0x0000000008001058                HAL_CAN_TxMailbox2AbortCallback
 .text.HAL_CAN_RxFifo0FullCallback
                0x000000000800105a        0x2 CMakeFiles/windmill_mastercontrol_code.elf.dir/Drivers/STM32F1xx_HAL_Driver/Src/stm32f1xx_hal_can.c.obj
                0x000000000800105a                HAL_CAN_RxFifo0FullCallback
 .text.HAL_CAN_RxFifo1MsgPendingCallback
                0x000000000800105c        0x2 CMakeFiles/windmill_mastercontrol_code.elf.dir/Drivers/STM32F1xx_HAL_Driver/Src/stm32f1xx_hal_can.c.obj
                0x000000000800105c                HAL_CAN_RxFifo1MsgPendingCallback
 .text.HAL_CAN_RxFifo1FullCallback
                0x000000000800105e        0x2 CMakeFiles/windmill_mastercontrol_code.elf.dir/Drivers/STM32F1xx_HAL_Driver/Src/stm32f1xx_hal_can.c.obj
                0x000000000800105e                HAL_CAN_RxFifo1FullCallback
 .text.HAL_CAN_SleepCallback
                0x0000000008001060        0x2 CMakeFiles/windmill_mastercontrol_code.elf.dir/Drivers/STM32F1xx_HAL_Driver/Src/stm32f1xx_hal_can.c.obj
                0x0000000008001060                HAL_CAN_SleepCallback
 .text.HAL_CAN_WakeUpFromRxMsgCallback
                0x0000000008001062        0x2 CMakeFiles/windmill_mastercontrol_code.elf.dir/Drivers/STM32F1xx_HAL_Driver/Src/stm32f1xx_hal_can.c.obj
                0x0000000008001062                HAL_CAN_WakeUpFromRxMsgCallback
 .text.HAL_CAN_ErrorCallback
                0x0000000008001064        0x2 CMakeFiles/windmill_mastercontrol_code.elf.dir/Drivers/STM32F1xx_HAL_Driver/Src/stm32f1xx_hal_can.c.obj
                0x0000000008001064                HAL_CAN_ErrorCallback
 .text.HAL_CAN_IRQHandler
                0x0000000008001066      0x24a CMakeFiles/windmill_mastercontrol_code.elf.dir/Drivers/STM32F1xx_HAL_Driver/Src/stm32f1xx_hal_can.c.obj
                0x0000000008001066                HAL_CAN_IRQHandler
 .text.HAL_NVIC_SetPriorityGrouping
                0x00000000080012b0       0x24 CMakeFiles/windmill_mastercontrol_code.elf.dir/Drivers/STM32F1xx_HAL_Driver/Src/stm32f1xx_hal_cortex.c.obj
                0x00000000080012b0                HAL_NVIC_SetPriorityGrouping
 .text.HAL_NVIC_SetPriority
                0x00000000080012d4       0x68 CMakeFiles/windmill_mastercontrol_code.elf.dir/Drivers/STM32F1xx_HAL_Driver/Src/stm32f1xx_hal_cortex.c.obj
                0x00000000080012d4                HAL_NVIC_SetPriority
 .text.HAL_NVIC_EnableIRQ
                0x000000000800133c       0x1c CMakeFiles/windmill_mastercontrol_code.elf.dir/Drivers/STM32F1xx_HAL_Driver/Src/stm32f1xx_hal_cortex.c.obj
                0x000000000800133c                HAL_NVIC_EnableIRQ
 .text.HAL_SYSTICK_Config
                0x0000000008001358       0x2c CMakeFiles/windmill_mastercontrol_code.elf.dir/Drivers/STM32F1xx_HAL_Driver/Src/stm32f1xx_hal_cortex.c.obj
                0x0000000008001358                HAL_SYSTICK_Config
 .text.HAL_DMA_Init
                0x0000000008001384       0x6c CMakeFiles/windmill_mastercontrol_code.elf.dir/Drivers/STM32F1xx_HAL_Driver/Src/stm32f1xx_hal_dma.c.obj
                0x0000000008001384                HAL_DMA_Init
 .text.HAL_DMA_Abort
                0x00000000080013f0       0x44 CMakeFiles/windmill_mastercontrol_code.elf.dir/Drivers/STM32F1xx_HAL_Driver/Src/stm32f1xx_hal_dma.c.obj
                0x00000000080013f0                HAL_DMA_Abort
 .text.HAL_DMA_Abort_IT
                0x0000000008001434       0x98 CMakeFiles/windmill_mastercontrol_code.elf.dir/Drivers/STM32F1xx_HAL_Driver/Src/stm32f1xx_hal_dma.c.obj
                0x0000000008001434                HAL_DMA_Abort_IT
 .text.HAL_DMA_IRQHandler
                0x00000000080014cc      0x144 CMakeFiles/windmill_mastercontrol_code.elf.dir/Drivers/STM32F1xx_HAL_Driver/Src/stm32f1xx_hal_dma.c.obj
                0x00000000080014cc                HAL_DMA_IRQHandler
 .text.HAL_GPIO_Init
                0x0000000008001610      0x220 CMakeFiles/windmill_mastercontrol_code.elf.dir/Drivers/STM32F1xx_HAL_Driver/Src/stm32f1xx_hal_gpio.c.obj
                0x0000000008001610                HAL_GPIO_Init
 .text.HAL_GPIO_ReadPin
                0x0000000008001830        0xe CMakeFiles/windmill_mastercontrol_code.elf.dir/Drivers/STM32F1xx_HAL_Driver/Src/stm32f1xx_hal_gpio.c.obj
                0x0000000008001830                HAL_GPIO_ReadPin
 .text.HAL_GPIO_WritePin
                0x000000000800183e        0xc CMakeFiles/windmill_mastercontrol_code.elf.dir/Drivers/STM32F1xx_HAL_Driver/Src/stm32f1xx_hal_gpio.c.obj
                0x000000000800183e                HAL_GPIO_WritePin
 .text.HAL_GPIO_TogglePin
                0x000000000800184a       0x12 CMakeFiles/windmill_mastercontrol_code.elf.dir/Drivers/STM32F1xx_HAL_Driver/Src/stm32f1xx_hal_gpio.c.obj
                0x000000000800184a                HAL_GPIO_TogglePin
 .text.RCC_Delay
                0x000000000800185c       0x2c CMakeFiles/windmill_mastercontrol_code.elf.dir/Drivers/STM32F1xx_HAL_Driver/Src/stm32f1xx_hal_rcc.c.obj
 .text.HAL_RCC_OscConfig
                0x0000000008001888      0x410 CMakeFiles/windmill_mastercontrol_code.elf.dir/Drivers/STM32F1xx_HAL_Driver/Src/stm32f1xx_hal_rcc.c.obj
                0x0000000008001888                HAL_RCC_OscConfig
 .text.HAL_RCC_GetSysClockFreq
                0x0000000008001c98       0x78 CMakeFiles/windmill_mastercontrol_code.elf.dir/Drivers/STM32F1xx_HAL_Driver/Src/stm32f1xx_hal_rcc.c.obj
                0x0000000008001c98                HAL_RCC_GetSysClockFreq
 .text.HAL_RCC_ClockConfig
                0x0000000008001d10      0x16c CMakeFiles/windmill_mastercontrol_code.elf.dir/Drivers/STM32F1xx_HAL_Driver/Src/stm32f1xx_hal_rcc.c.obj
                0x0000000008001d10                HAL_RCC_ClockConfig
 .text.HAL_RCC_GetHCLKFreq
                0x0000000008001e7c        0xc CMakeFiles/windmill_mastercontrol_code.elf.dir/Drivers/STM32F1xx_HAL_Driver/Src/stm32f1xx_hal_rcc.c.obj
                0x0000000008001e7c                HAL_RCC_GetHCLKFreq
 .text.HAL_RCC_GetPCLK1Freq
                0x0000000008001e88       0x20 CMakeFiles/windmill_mastercontrol_code.elf.dir/Drivers/STM32F1xx_HAL_Driver/Src/stm32f1xx_hal_rcc.c.obj
                0x0000000008001e88                HAL_RCC_GetPCLK1Freq
 .text.HAL_RCC_GetPCLK2Freq
                0x0000000008001ea8       0x20 CMakeFiles/windmill_mastercontrol_code.elf.dir/Drivers/STM32F1xx_HAL_Driver/Src/stm32f1xx_hal_rcc.c.obj
                0x0000000008001ea8                HAL_RCC_GetPCLK2Freq
 .text.SPI_WaitFlagStateUntilTimeout
                0x0000000008001ec8       0xd0 CMakeFiles/windmill_mastercontrol_code.elf.dir/Drivers/STM32F1xx_HAL_Driver/Src/stm32f1xx_hal_spi.c.obj
 .text.SPI_EndRxTxTransaction
                0x0000000008001f98       0x24 CMakeFiles/windmill_mastercontrol_code.elf.dir/Drivers/STM32F1xx_HAL_Driver/Src/stm32f1xx_hal_spi.c.obj
 .text.HAL_SPI_Init
                0x0000000008001fbc       0xb6 CMakeFiles/windmill_mastercontrol_code.elf.dir/Drivers/STM32F1xx_HAL_Driver/Src/stm32f1xx_hal_spi.c.obj
                0x0000000008001fbc                HAL_SPI_Init
 .text.HAL_SPI_Transmit
                0x0000000008002072      0x1ae CMakeFiles/windmill_mastercontrol_code.elf.dir/Drivers/STM32F1xx_HAL_Driver/Src/stm32f1xx_hal_spi.c.obj
                0x0000000008002072                HAL_SPI_Transmit
 .text.TIM_OC1_SetConfig
                0x0000000008002220       0x5c CMakeFiles/windmill_mastercontrol_code.elf.dir/Drivers/STM32F1xx_HAL_Driver/Src/stm32f1xx_hal_tim.c.obj
 .text.TIM_OC3_SetConfig
                0x000000000800227c       0x64 CMakeFiles/windmill_mastercontrol_code.elf.dir/Drivers/STM32F1xx_HAL_Driver/Src/stm32f1xx_hal_tim.c.obj
 .text.TIM_OC4_SetConfig
                0x00000000080022e0       0x48 CMakeFiles/windmill_mastercontrol_code.elf.dir/Drivers/STM32F1xx_HAL_Driver/Src/stm32f1xx_hal_tim.c.obj
 .text.TIM_TI1_ConfigInputStage
                0x0000000008002328       0x24 CMakeFiles/windmill_mastercontrol_code.elf.dir/Drivers/STM32F1xx_HAL_Driver/Src/stm32f1xx_hal_tim.c.obj
 .text.TIM_TI2_ConfigInputStage
                0x000000000800234c       0x26 CMakeFiles/windmill_mastercontrol_code.elf.dir/Drivers/STM32F1xx_HAL_Driver/Src/stm32f1xx_hal_tim.c.obj
 .text.TIM_ITRx_SetConfig
                0x0000000008002372       0x10 CMakeFiles/windmill_mastercontrol_code.elf.dir/Drivers/STM32F1xx_HAL_Driver/Src/stm32f1xx_hal_tim.c.obj
 *fill*         0x0000000008002382        0x2 
 .text.HAL_TIM_Base_Start
                0x0000000008002384       0x5c CMakeFiles/windmill_mastercontrol_code.elf.dir/Drivers/STM32F1xx_HAL_Driver/Src/stm32f1xx_hal_tim.c.obj
                0x0000000008002384                HAL_TIM_Base_Start
 .text.HAL_TIM_Base_Start_IT
                0x00000000080023e0       0x68 CMakeFiles/windmill_mastercontrol_code.elf.dir/Drivers/STM32F1xx_HAL_Driver/Src/stm32f1xx_hal_tim.c.obj
                0x00000000080023e0                HAL_TIM_Base_Start_IT
 .text.HAL_TIM_OC_DelayElapsedCallback
                0x0000000008002448        0x2 CMakeFiles/windmill_mastercontrol_code.elf.dir/Drivers/STM32F1xx_HAL_Driver/Src/stm32f1xx_hal_tim.c.obj
                0x0000000008002448                HAL_TIM_OC_DelayElapsedCallback
 .text.HAL_TIM_IC_CaptureCallback
                0x000000000800244a        0x2 CMakeFiles/windmill_mastercontrol_code.elf.dir/Drivers/STM32F1xx_HAL_Driver/Src/stm32f1xx_hal_tim.c.obj
                0x000000000800244a                HAL_TIM_IC_CaptureCallback
 .text.HAL_TIM_PWM_PulseFinishedCallback
                0x000000000800244c        0x2 CMakeFiles/windmill_mastercontrol_code.elf.dir/Drivers/STM32F1xx_HAL_Driver/Src/stm32f1xx_hal_tim.c.obj
                0x000000000800244c                HAL_TIM_PWM_PulseFinishedCallback
 .text.HAL_TIM_TriggerCallback
                0x000000000800244e        0x2 CMakeFiles/windmill_mastercontrol_code.elf.dir/Drivers/STM32F1xx_HAL_Driver/Src/stm32f1xx_hal_tim.c.obj
                0x000000000800244e                HAL_TIM_TriggerCallback
 .text.HAL_TIM_IRQHandler
                0x0000000008002450      0x17a CMakeFiles/windmill_mastercontrol_code.elf.dir/Drivers/STM32F1xx_HAL_Driver/Src/stm32f1xx_hal_tim.c.obj
                0x0000000008002450                HAL_TIM_IRQHandler
 *fill*         0x00000000080025ca        0x2 
 .text.TIM_Base_SetConfig
                0x00000000080025cc       0x74 CMakeFiles/windmill_mastercontrol_code.elf.dir/Drivers/STM32F1xx_HAL_Driver/Src/stm32f1xx_hal_tim.c.obj
                0x00000000080025cc                TIM_Base_SetConfig
 .text.HAL_TIM_Base_Init
                0x0000000008002640       0x58 CMakeFiles/windmill_mastercontrol_code.elf.dir/Drivers/STM32F1xx_HAL_Driver/Src/stm32f1xx_hal_tim.c.obj
                0x0000000008002640                HAL_TIM_Base_Init
 .text.HAL_TIM_PWM_Init
                0x0000000008002698       0x58 CMakeFiles/windmill_mastercontrol_code.elf.dir/Drivers/STM32F1xx_HAL_Driver/Src/stm32f1xx_hal_tim.c.obj
                0x0000000008002698                HAL_TIM_PWM_Init
 .text.TIM_OC2_SetConfig
                0x00000000080026f0       0x64 CMakeFiles/windmill_mastercontrol_code.elf.dir/Drivers/STM32F1xx_HAL_Driver/Src/stm32f1xx_hal_tim.c.obj
                0x00000000080026f0                TIM_OC2_SetConfig
 .text.HAL_TIM_PWM_ConfigChannel
                0x0000000008002754       0xd0 CMakeFiles/windmill_mastercontrol_code.elf.dir/Drivers/STM32F1xx_HAL_Driver/Src/stm32f1xx_hal_tim.c.obj
                0x0000000008002754                HAL_TIM_PWM_ConfigChannel
 .text.TIM_ETR_SetConfig
                0x0000000008002824       0x16 CMakeFiles/windmill_mastercontrol_code.elf.dir/Drivers/STM32F1xx_HAL_Driver/Src/stm32f1xx_hal_tim.c.obj
                0x0000000008002824                TIM_ETR_SetConfig
 .text.HAL_TIM_ConfigClockSource
                0x000000000800283a       0xda CMakeFiles/windmill_mastercontrol_code.elf.dir/Drivers/STM32F1xx_HAL_Driver/Src/stm32f1xx_hal_tim.c.obj
                0x000000000800283a                HAL_TIM_ConfigClockSource
 .text.HAL_TIMEx_MasterConfigSynchronization
                0x0000000008002914       0x68 CMakeFiles/windmill_mastercontrol_code.elf.dir/Drivers/STM32F1xx_HAL_Driver/Src/stm32f1xx_hal_tim_ex.c.obj
                0x0000000008002914                HAL_TIMEx_MasterConfigSynchronization
 .text.HAL_TIMEx_ConfigBreakDeadTime
                0x000000000800297c       0x52 CMakeFiles/windmill_mastercontrol_code.elf.dir/Drivers/STM32F1xx_HAL_Driver/Src/stm32f1xx_hal_tim_ex.c.obj
                0x000000000800297c                HAL_TIMEx_ConfigBreakDeadTime
 .text.HAL_TIMEx_CommutCallback
                0x00000000080029ce        0x2 CMakeFiles/windmill_mastercontrol_code.elf.dir/Drivers/STM32F1xx_HAL_Driver/Src/stm32f1xx_hal_tim_ex.c.obj
                0x00000000080029ce                HAL_TIMEx_CommutCallback
 .text.HAL_TIMEx_BreakCallback
                0x00000000080029d0        0x2 CMakeFiles/windmill_mastercontrol_code.elf.dir/Drivers/STM32F1xx_HAL_Driver/Src/stm32f1xx_hal_tim_ex.c.obj
                0x00000000080029d0                HAL_TIMEx_BreakCallback
 .text.UART_EndRxTransfer
                0x00000000080029d2       0x32 CMakeFiles/windmill_mastercontrol_code.elf.dir/Drivers/STM32F1xx_HAL_Driver/Src/stm32f1xx_hal_uart.c.obj
 .text.UART_Transmit_IT
                0x0000000008002a04       0x60 CMakeFiles/windmill_mastercontrol_code.elf.dir/Drivers/STM32F1xx_HAL_Driver/Src/stm32f1xx_hal_uart.c.obj
 .text.UART_SetConfig
                0x0000000008002a64       0x90 CMakeFiles/windmill_mastercontrol_code.elf.dir/Drivers/STM32F1xx_HAL_Driver/Src/stm32f1xx_hal_uart.c.obj
 .text.HAL_UART_Init
                0x0000000008002af4       0x5e CMakeFiles/windmill_mastercontrol_code.elf.dir/Drivers/STM32F1xx_HAL_Driver/Src/stm32f1xx_hal_uart.c.obj
                0x0000000008002af4                HAL_UART_Init
 .text.HAL_UART_TxCpltCallback
                0x0000000008002b52        0x2 CMakeFiles/windmill_mastercontrol_code.elf.dir/Drivers/STM32F1xx_HAL_Driver/Src/stm32f1xx_hal_uart.c.obj
                0x0000000008002b52                HAL_UART_TxCpltCallback
 .text.UART_EndTransmit_IT
                0x0000000008002b54       0x1a CMakeFiles/windmill_mastercontrol_code.elf.dir/Drivers/STM32F1xx_HAL_Driver/Src/stm32f1xx_hal_uart.c.obj
 .text.HAL_UART_RxCpltCallback
                0x0000000008002b6e        0x2 CMakeFiles/windmill_mastercontrol_code.elf.dir/Drivers/STM32F1xx_HAL_Driver/Src/stm32f1xx_hal_uart.c.obj
                0x0000000008002b6e                HAL_UART_RxCpltCallback
 .text.HAL_UART_ErrorCallback
                0x0000000008002b70        0x2 CMakeFiles/windmill_mastercontrol_code.elf.dir/Drivers/STM32F1xx_HAL_Driver/Src/stm32f1xx_hal_uart.c.obj
                0x0000000008002b70                HAL_UART_ErrorCallback
 .text.UART_DMAAbortOnError
                0x0000000008002b72       0x10 CMakeFiles/windmill_mastercontrol_code.elf.dir/Drivers/STM32F1xx_HAL_Driver/Src/stm32f1xx_hal_uart.c.obj
 .text.HAL_UARTEx_RxEventCallback
                0x0000000008002b82        0x2 CMakeFiles/windmill_mastercontrol_code.elf.dir/Drivers/STM32F1xx_HAL_Driver/Src/stm32f1xx_hal_uart.c.obj
                0x0000000008002b82                HAL_UARTEx_RxEventCallback
 .text.UART_Receive_IT
                0x0000000008002b84       0xd4 CMakeFiles/windmill_mastercontrol_code.elf.dir/Drivers/STM32F1xx_HAL_Driver/Src/stm32f1xx_hal_uart.c.obj
 .text.HAL_UART_IRQHandler
                0x0000000008002c58      0x204 CMakeFiles/windmill_mastercontrol_code.elf.dir/Drivers/STM32F1xx_HAL_Driver/Src/stm32f1xx_hal_uart.c.obj
                0x0000000008002c58                HAL_UART_IRQHandler
 .text.HAL_TIM_PeriodElapsedCallback
                0x0000000008002e5c       0x40 CMakeFiles/windmill_mastercontrol_code.elf.dir/function/clock.c.obj
                0x0000000008002e5c                HAL_TIM_PeriodElapsedCallback
 .text.rands    0x0000000008002e9c       0x18 CMakeFiles/windmill_mastercontrol_code.elf.dir/function/clock.c.obj
                0x0000000008002e9c                rands
 .text.Get_Times_Can_Recive
                0x0000000008002eb4        0xc CMakeFiles/windmill_mastercontrol_code.elf.dir/function/clock.c.obj
                0x0000000008002eb4                Get_Times_Can_Recive
 .text.Set_Times_Can_Recive
                0x0000000008002ec0        0xc CMakeFiles/windmill_mastercontrol_code.elf.dir/function/clock.c.obj
                0x0000000008002ec0                Set_Times_Can_Recive
 .text.Get_Times
                0x0000000008002ecc        0xc CMakeFiles/windmill_mastercontrol_code.elf.dir/function/clock.c.obj
                0x0000000008002ecc                Get_Times
 .text.Set_Times
                0x0000000008002ed8        0xc CMakeFiles/windmill_mastercontrol_code.elf.dir/function/clock.c.obj
                0x0000000008002ed8                Set_Times
 .text.Get_Times_Hit
                0x0000000008002ee4        0xc CMakeFiles/windmill_mastercontrol_code.elf.dir/function/clock.c.obj
                0x0000000008002ee4                Get_Times_Hit
 .text.Set_Times_Hit
                0x0000000008002ef0        0xc CMakeFiles/windmill_mastercontrol_code.elf.dir/function/clock.c.obj
                0x0000000008002ef0                Set_Times_Hit
 .text.Spi_CS_HIGH
                0x0000000008002efc       0x60 CMakeFiles/windmill_mastercontrol_code.elf.dir/function/communication.c.obj
                0x0000000008002efc                Spi_CS_HIGH
 .text.Spi_CS_LOW
                0x0000000008002f5c       0x60 CMakeFiles/windmill_mastercontrol_code.elf.dir/function/communication.c.obj
                0x0000000008002f5c                Spi_CS_LOW
 .text.SPI_Send_Data
                0x0000000008002fbc       0x38 CMakeFiles/windmill_mastercontrol_code.elf.dir/function/communication.c.obj
                0x0000000008002fbc                SPI_Send_Data
 .text.Spi_Cs_Init
                0x0000000008002ff4       0x14 CMakeFiles/windmill_mastercontrol_code.elf.dir/function/communication.c.obj
                0x0000000008002ff4                Spi_Cs_Init
 .text.delayus  0x0000000008003008       0x48 CMakeFiles/windmill_mastercontrol_code.elf.dir/function/delay.c.obj
                0x0000000008003008                delayus
 .text.FSM_Load
                0x0000000008003050       0x74 CMakeFiles/windmill_mastercontrol_code.elf.dir/function/fsm.c.obj
                0x0000000008003050                FSM_Load
 .text.Hit_Reaction_Init
                0x00000000080030c4       0x24 CMakeFiles/windmill_mastercontrol_code.elf.dir/function/hit_reaction.c.obj
                0x00000000080030c4                Hit_Reaction_Init
 .text.Hit_WindmillBlade
                0x00000000080030e8       0x5c CMakeFiles/windmill_mastercontrol_code.elf.dir/function/hit_reaction.c.obj
                0x00000000080030e8                Hit_WindmillBlade
 .text.Hit_Reaction
                0x0000000008003144       0xcc CMakeFiles/windmill_mastercontrol_code.elf.dir/function/hit_reaction.c.obj
                0x0000000008003144                Hit_Reaction
 .text.Get_blade_state
                0x0000000008003210        0xc CMakeFiles/windmill_mastercontrol_code.elf.dir/function/hit_reaction.c.obj
                0x0000000008003210                Get_blade_state
 .text.Get_blade_state_expect
                0x000000000800321c        0xc CMakeFiles/windmill_mastercontrol_code.elf.dir/function/hit_reaction.c.obj
                0x000000000800321c                Get_blade_state_expect
 .text.Windmill_Resest
                0x0000000008003228       0x84 CMakeFiles/windmill_mastercontrol_code.elf.dir/function/hit_reaction.c.obj
                0x0000000008003228                Windmill_Resest
 .text.All_Hit_Rection
                0x00000000080032ac       0x94 CMakeFiles/windmill_mastercontrol_code.elf.dir/function/hit_reaction.c.obj
                0x00000000080032ac                All_Hit_Rection
 .text.Key_Enter
                0x0000000008003340       0x60 CMakeFiles/windmill_mastercontrol_code.elf.dir/function/key.c.obj
                0x0000000008003340                Key_Enter
 .text.can_init
                0x00000000080033a0       0x44 CMakeFiles/windmill_mastercontrol_code.elf.dir/motor_control/can_motor_control.c.obj
                0x00000000080033a0                can_init
 .text.HAL_CAN_RxFifo0MsgPendingCallback
                0x00000000080033e4       0x48 CMakeFiles/windmill_mastercontrol_code.elf.dir/motor_control/can_motor_control.c.obj
                0x00000000080033e4                HAL_CAN_RxFifo0MsgPendingCallback
 .text.CAN_Motor_Pid_Init
                0x000000000800342c       0x40 CMakeFiles/windmill_mastercontrol_code.elf.dir/motor_control/can_motor_control.c.obj
                0x000000000800342c                CAN_Motor_Pid_Init
 .text.pid_param_init
                0x000000000800346c       0x14 CMakeFiles/windmill_mastercontrol_code.elf.dir/motor_control/pid.c.obj
 .text.pid_reset
                0x0000000008003480        0x8 CMakeFiles/windmill_mastercontrol_code.elf.dir/motor_control/pid.c.obj
 .text.PID_struct_init
                0x0000000008003488       0x28 CMakeFiles/windmill_mastercontrol_code.elf.dir/motor_control/pid.c.obj
                0x0000000008003488                PID_struct_init
 .text.IIC_Start
                0x00000000080034b0       0x44 CMakeFiles/windmill_mastercontrol_code.elf.dir/oled/iic.c.obj
                0x00000000080034b0                IIC_Start
 .text.IIC_Stop
                0x00000000080034f4       0x34 CMakeFiles/windmill_mastercontrol_code.elf.dir/oled/iic.c.obj
                0x00000000080034f4                IIC_Stop
 .text.IIC_Wait_Ask
                0x0000000008003528       0x54 CMakeFiles/windmill_mastercontrol_code.elf.dir/oled/iic.c.obj
                0x0000000008003528                IIC_Wait_Ask
 .text.IIC_WriteByte
                0x000000000800357c       0x64 CMakeFiles/windmill_mastercontrol_code.elf.dir/oled/iic.c.obj
                0x000000000800357c                IIC_WriteByte
 .text.WriteCmd
                0x00000000080035e0       0x2c CMakeFiles/windmill_mastercontrol_code.elf.dir/oled/oled.c.obj
                0x00000000080035e0                WriteCmd
 .text.WriteDat
                0x000000000800360c       0x2c CMakeFiles/windmill_mastercontrol_code.elf.dir/oled/oled.c.obj
                0x000000000800360c                WriteDat
 .text.OLED_Init
                0x0000000008003638       0xb2 CMakeFiles/windmill_mastercontrol_code.elf.dir/oled/oled.c.obj
                0x0000000008003638                OLED_Init
 .text.OLED_SetPos
                0x00000000080036ea       0x26 CMakeFiles/windmill_mastercontrol_code.elf.dir/oled/oled.c.obj
                0x00000000080036ea                OLED_SetPos
 .text.OLED_Fill
                0x0000000008003710       0x3c CMakeFiles/windmill_mastercontrol_code.elf.dir/oled/oled.c.obj
                0x0000000008003710                OLED_Fill
 .text.OLED_ShowStr
                0x000000000800374c       0x7c CMakeFiles/windmill_mastercontrol_code.elf.dir/oled/oled.c.obj
                0x000000000800374c                OLED_ShowStr
 .text.OLED_ShowInt
                0x00000000080037c8       0x78 CMakeFiles/windmill_mastercontrol_code.elf.dir/oled/oled.c.obj
                0x00000000080037c8                OLED_ShowInt
 .text.startup  0x0000000008003840       0x14 /usr/lib/gcc/arm-none-eabi/9.2.1/../../../arm-none-eabi/lib/thumb/v7-m/nofp/libg.a(lib_a-__call_atexit.o)
 *(.glue_7)
 .glue_7        0x0000000008003854        0x0 linker stubs
 *(.glue_7t)
 .glue_7t       0x0000000008003854        0x0 linker stubs
 *(.eh_frame)
 .eh_frame      0x0000000008003854        0x0 /usr/lib/gcc/arm-none-eabi/9.2.1/thumb/v7-m/nofp/crtbegin.o
 *(.init)
 .init          0x0000000008003854        0x4 /usr/lib/gcc/arm-none-eabi/9.2.1/thumb/v7-m/nofp/crti.o
                0x0000000008003854                _init
 .init          0x0000000008003858        0x8 /usr/lib/gcc/arm-none-eabi/9.2.1/thumb/v7-m/nofp/crtn.o
 *(.fini)
 .fini          0x0000000008003860        0x4 /usr/lib/gcc/arm-none-eabi/9.2.1/thumb/v7-m/nofp/crti.o
                0x0000000008003860                _fini
 .fini          0x0000000008003864        0x8 /usr/lib/gcc/arm-none-eabi/9.2.1/thumb/v7-m/nofp/crtn.o
                0x000000000800386c                . = ALIGN (0x4)
                0x000000000800386c                _etext = .

.vfp11_veneer   0x000000000800386c        0x0
 .vfp11_veneer  0x000000000800386c        0x0 linker stubs

.v4_bx          0x000000000800386c        0x0
 .v4_bx         0x000000000800386c        0x0 linker stubs

.iplt           0x000000000800386c        0x0
 .iplt          0x000000000800386c        0x0 /usr/lib/gcc/arm-none-eabi/9.2.1/thumb/v7-m/nofp/crtbegin.o

.rodata         0x000000000800386c      0x620
                0x000000000800386c                . = ALIGN (0x4)
 *(.rodata)
 .rodata        0x000000000800386c        0x4 /usr/lib/gcc/arm-none-eabi/9.2.1/../../../arm-none-eabi/lib/thumb/v7-m/nofp/libg.a(lib_a-impure.o)
                0x000000000800386c                _global_impure_ptr
 *(.rodata*)
 .rodata.AHBPrescTable
                0x0000000008003870       0x10 CMakeFiles/windmill_mastercontrol_code.elf.dir/Core/Src/system_stm32f1xx.c.obj
                0x0000000008003870                AHBPrescTable
 .rodata.APBPrescTable
                0x0000000008003880        0x8 CMakeFiles/windmill_mastercontrol_code.elf.dir/Core/Src/system_stm32f1xx.c.obj
                0x0000000008003880                APBPrescTable
 .rodata.HAL_RCC_GetSysClockFreq.str1.4
                0x0000000008003888       0x11 CMakeFiles/windmill_mastercontrol_code.elf.dir/Drivers/STM32F1xx_HAL_Driver/Src/stm32f1xx_hal_rcc.c.obj
 *fill*         0x0000000008003899        0x3 
 .rodata.F8X16  0x000000000800389c      0x5f0 CMakeFiles/windmill_mastercontrol_code.elf.dir/oled/oled.c.obj
                0x000000000800389c                F8X16
                0x0000000008003e8c                . = ALIGN (0x4)

.rel.dyn        0x0000000008003e8c        0x0
 .rel.iplt      0x0000000008003e8c        0x0 /usr/lib/gcc/arm-none-eabi/9.2.1/thumb/v7-m/nofp/crtbegin.o

.ARM.extab      0x0000000008003e8c        0x0
                0x0000000008003e8c                . = ALIGN (0x4)
 *(.ARM.extab* .gnu.linkonce.armextab.*)
                0x0000000008003e8c                . = ALIGN (0x4)

.ARM            0x0000000008003e8c        0x0
                0x0000000008003e8c                . = ALIGN (0x4)
                0x0000000008003e8c                __exidx_start = .
 *(.ARM.exidx*)
                0x0000000008003e8c                __exidx_end = .
                0x0000000008003e8c                . = ALIGN (0x4)

.preinit_array  0x0000000008003e8c        0x0
                0x0000000008003e8c                . = ALIGN (0x4)
                0x0000000008003e8c                PROVIDE (__preinit_array_start = .)
 *(.preinit_array*)
                0x0000000008003e8c                PROVIDE (__preinit_array_end = .)
                0x0000000008003e8c                . = ALIGN (0x4)

.init_array     0x0000000008003e8c        0x8
                0x0000000008003e8c                . = ALIGN (0x4)
                0x0000000008003e8c                PROVIDE (__init_array_start = .)
 *(SORT_BY_NAME(.init_array.*))
 .init_array.00000
                0x0000000008003e8c        0x4 /usr/lib/gcc/arm-none-eabi/9.2.1/../../../arm-none-eabi/lib/thumb/v7-m/nofp/libg.a(lib_a-__call_atexit.o)
 *(.init_array*)
 .init_array    0x0000000008003e90        0x4 /usr/lib/gcc/arm-none-eabi/9.2.1/thumb/v7-m/nofp/crtbegin.o
                0x0000000008003e94                PROVIDE (__init_array_end = .)
                0x0000000008003e94                . = ALIGN (0x4)

.fini_array     0x0000000008003e94        0x4
                0x0000000008003e94                . = ALIGN (0x4)
                0x0000000008003e94                PROVIDE (__fini_array_start = .)
 *(SORT_BY_NAME(.fini_array.*))
 *(.fini_array*)
 .fini_array    0x0000000008003e94        0x4 /usr/lib/gcc/arm-none-eabi/9.2.1/thumb/v7-m/nofp/crtbegin.o
                0x0000000008003e98                PROVIDE (__fini_array_end = .)
                0x0000000008003e98                . = ALIGN (0x4)
                0x0000000008003e98                _sidata = LOADADDR (.data)

.data           0x0000000020000000      0x444 load address 0x0000000008003e98
                0x0000000020000000                . = ALIGN (0x4)
                0x0000000020000000                _sdata = .
 *(.data)
 .data          0x0000000020000000      0x430 /usr/lib/gcc/arm-none-eabi/9.2.1/../../../arm-none-eabi/lib/thumb/v7-m/nofp/libg.a(lib_a-impure.o)
                0x0000000020000000                _impure_ptr
 *(.data*)
 .data.SystemCoreClock
                0x0000000020000430        0x4 CMakeFiles/windmill_mastercontrol_code.elf.dir/Core/Src/system_stm32f1xx.c.obj
                0x0000000020000430                SystemCoreClock
 .data.uwTickFreq
                0x0000000020000434        0x1 CMakeFiles/windmill_mastercontrol_code.elf.dir/Drivers/STM32F1xx_HAL_Driver/Src/stm32f1xx_hal.c.obj
                0x0000000020000434                uwTickFreq
 *fill*         0x0000000020000435        0x3 
 .data.uwTickPrio
                0x0000000020000438        0x4 CMakeFiles/windmill_mastercontrol_code.elf.dir/Drivers/STM32F1xx_HAL_Driver/Src/stm32f1xx_hal.c.obj
                0x0000000020000438                uwTickPrio
 .data.spi_data
                0x000000002000043c        0x5 CMakeFiles/windmill_mastercontrol_code.elf.dir/function/communication.c.obj
                0x000000002000043c                spi_data
 .data.rand_num_max
                0x0000000020000441        0x1 CMakeFiles/windmill_mastercontrol_code.elf.dir/function/hit_reaction.c.obj
                0x0000000020000441                rand_num_max
 .data.spi_data_off
                0x0000000020000442        0x1 CMakeFiles/windmill_mastercontrol_code.elf.dir/function/hit_reaction.c.obj
                0x0000000020000442                spi_data_off
 .data.spi_data_readyhit
                0x0000000020000443        0x1 CMakeFiles/windmill_mastercontrol_code.elf.dir/function/hit_reaction.c.obj
                0x0000000020000443                spi_data_readyhit
 *(.RamFunc)
 *(.RamFunc*)
                0x0000000020000444                . = ALIGN (0x4)
                0x0000000020000444                _edata = .

.tm_clone_table
                0x0000000020000444        0x0 load address 0x00000000080042dc
 .tm_clone_table
                0x0000000020000444        0x0 /usr/lib/gcc/arm-none-eabi/9.2.1/thumb/v7-m/nofp/crtbegin.o
 .tm_clone_table
                0x0000000020000444        0x0 /usr/lib/gcc/arm-none-eabi/9.2.1/thumb/v7-m/nofp/crtend.o

.igot.plt       0x0000000020000444        0x0 load address 0x00000000080042dc
 .igot.plt      0x0000000020000444        0x0 /usr/lib/gcc/arm-none-eabi/9.2.1/thumb/v7-m/nofp/crtbegin.o
                0x0000000020000444                . = ALIGN (0x4)

.bss            0x0000000020000444      0x288 load address 0x00000000080042dc
                0x0000000020000444                _sbss = .
                0x0000000020000444                __bss_start__ = _sbss
 *(.bss)
 .bss           0x0000000020000444       0x1c /usr/lib/gcc/arm-none-eabi/9.2.1/thumb/v7-m/nofp/crtbegin.o
 *(.bss*)
 .bss.hcan      0x0000000020000460       0x28 CMakeFiles/windmill_mastercontrol_code.elf.dir/Core/Src/can.c.obj
                0x0000000020000460                hcan
 .bss.hspi1     0x0000000020000488       0x58 CMakeFiles/windmill_mastercontrol_code.elf.dir/Core/Src/spi.c.obj
                0x0000000020000488                hspi1
 .bss.hdma_tim1_ch1
                0x00000000200004e0       0x44 CMakeFiles/windmill_mastercontrol_code.elf.dir/Core/Src/tim.c.obj
                0x00000000200004e0                hdma_tim1_ch1
 .bss.htim1     0x0000000020000524       0x48 CMakeFiles/windmill_mastercontrol_code.elf.dir/Core/Src/tim.c.obj
                0x0000000020000524                htim1
 .bss.htim3     0x000000002000056c       0x48 CMakeFiles/windmill_mastercontrol_code.elf.dir/Core/Src/tim.c.obj
                0x000000002000056c                htim3
 .bss.htim4     0x00000000200005b4       0x48 CMakeFiles/windmill_mastercontrol_code.elf.dir/Core/Src/tim.c.obj
                0x00000000200005b4                htim4
 .bss.huart2    0x00000000200005fc       0x44 CMakeFiles/windmill_mastercontrol_code.elf.dir/Core/Src/usart.c.obj
                0x00000000200005fc                huart2
 .bss.uwTick    0x0000000020000640        0x4 CMakeFiles/windmill_mastercontrol_code.elf.dir/Drivers/STM32F1xx_HAL_Driver/Src/stm32f1xx_hal.c.obj
                0x0000000020000640                uwTick
 .bss.times     0x0000000020000644        0x4 CMakeFiles/windmill_mastercontrol_code.elf.dir/function/clock.c.obj
                0x0000000020000644                times
 .bss.times_can_recive
                0x0000000020000648        0x4 CMakeFiles/windmill_mastercontrol_code.elf.dir/function/clock.c.obj
                0x0000000020000648                times_can_recive
 .bss.times_can_tx
                0x000000002000064c        0x4 CMakeFiles/windmill_mastercontrol_code.elf.dir/function/clock.c.obj
                0x000000002000064c                times_can_tx
 .bss.times_hit
                0x0000000020000650        0x4 CMakeFiles/windmill_mastercontrol_code.elf.dir/function/clock.c.obj
                0x0000000020000650                times_hit
 .bss.flag_hit  0x0000000020000654        0x1 CMakeFiles/windmill_mastercontrol_code.elf.dir/function/fsm.c.obj
                0x0000000020000654                flag_hit
 .bss.blade_state
                0x0000000020000655        0x1 CMakeFiles/windmill_mastercontrol_code.elf.dir/function/hit_reaction.c.obj
                0x0000000020000655                blade_state
 .bss.blade_state_expect
                0x0000000020000656        0x1 CMakeFiles/windmill_mastercontrol_code.elf.dir/function/hit_reaction.c.obj
                0x0000000020000656                blade_state_expect
 *fill*         0x0000000020000657        0x1 
 .bss.pid_struct
                0x0000000020000658       0x6c CMakeFiles/windmill_mastercontrol_code.elf.dir/motor_control/can_motor_control.c.obj
                0x0000000020000658                pid_struct
 .bss.can_rx_data
                0x00000000200006c4        0x8 CMakeFiles/windmill_mastercontrol_code.elf.dir/motor_control/motor.c.obj
                0x00000000200006c4                can_rx_data
 *(COMMON)
                0x00000000200006cc                . = ALIGN (0x4)
                0x00000000200006cc                _ebss = .
                0x00000000200006cc                __bss_end__ = _ebss

._user_heap_stack
                0x00000000200006cc      0x604 load address 0x00000000080042dc
                0x00000000200006d0                . = ALIGN (0x8)
 *fill*         0x00000000200006cc        0x4 
                [!provide]                        PROVIDE (end = .)
                0x00000000200006d0                PROVIDE (_end = .)
                0x00000000200008d0                . = (. + _Min_Heap_Size)
 *fill*         0x00000000200006d0      0x200 
                0x0000000020000cd0                . = (. + _Min_Stack_Size)
 *fill*         0x00000000200008d0      0x400 
                0x0000000020000cd0                . = ALIGN (0x8)

/DISCARD/
 libc.a(*)
 libm.a(*)
 libgcc.a(*)

.ARM.attributes
                0x0000000000000000       0x29
 *(.ARM.attributes)
 .ARM.attributes
                0x0000000000000000       0x1d /usr/lib/gcc/arm-none-eabi/9.2.1/thumb/v7-m/nofp/crti.o
 .ARM.attributes
                0x000000000000001d       0x2d /usr/lib/gcc/arm-none-eabi/9.2.1/thumb/v7-m/nofp/crtbegin.o
 .ARM.attributes
                0x000000000000004a       0x2d CMakeFiles/windmill_mastercontrol_code.elf.dir/Core/Src/can.c.obj
 .ARM.attributes
                0x0000000000000077       0x2d CMakeFiles/windmill_mastercontrol_code.elf.dir/Core/Src/dma.c.obj
 .ARM.attributes
                0x00000000000000a4       0x2d CMakeFiles/windmill_mastercontrol_code.elf.dir/Core/Src/gpio.c.obj
 .ARM.attributes
                0x00000000000000d1       0x2d CMakeFiles/windmill_mastercontrol_code.elf.dir/Core/Src/main.c.obj
 .ARM.attributes
                0x00000000000000fe       0x2d CMakeFiles/windmill_mastercontrol_code.elf.dir/Core/Src/spi.c.obj
 .ARM.attributes
                0x000000000000012b       0x2d CMakeFiles/windmill_mastercontrol_code.elf.dir/Core/Src/stm32f1xx_hal_msp.c.obj
 .ARM.attributes
                0x0000000000000158       0x2d CMakeFiles/windmill_mastercontrol_code.elf.dir/Core/Src/stm32f1xx_it.c.obj
 .ARM.attributes
                0x0000000000000185       0x2d CMakeFiles/windmill_mastercontrol_code.elf.dir/Core/Src/system_stm32f1xx.c.obj
 .ARM.attributes
                0x00000000000001b2       0x2d CMakeFiles/windmill_mastercontrol_code.elf.dir/Core/Src/tim.c.obj
 .ARM.attributes
                0x00000000000001df       0x2d CMakeFiles/windmill_mastercontrol_code.elf.dir/Core/Src/usart.c.obj
 .ARM.attributes
                0x000000000000020c       0x21 CMakeFiles/windmill_mastercontrol_code.elf.dir/Core/Startup/startup_stm32f103c8tx.s.obj
 .ARM.attributes
                0x000000000000022d       0x2d CMakeFiles/windmill_mastercontrol_code.elf.dir/Drivers/STM32F1xx_HAL_Driver/Src/stm32f1xx_hal.c.obj
 .ARM.attributes
                0x000000000000025a       0x2d CMakeFiles/windmill_mastercontrol_code.elf.dir/Drivers/STM32F1xx_HAL_Driver/Src/stm32f1xx_hal_can.c.obj
 .ARM.attributes
                0x0000000000000287       0x2d CMakeFiles/windmill_mastercontrol_code.elf.dir/Drivers/STM32F1xx_HAL_Driver/Src/stm32f1xx_hal_cortex.c.obj
 .ARM.attributes
                0x00000000000002b4       0x2d CMakeFiles/windmill_mastercontrol_code.elf.dir/Drivers/STM32F1xx_HAL_Driver/Src/stm32f1xx_hal_dma.c.obj
 .ARM.attributes
                0x00000000000002e1       0x2d CMakeFiles/windmill_mastercontrol_code.elf.dir/Drivers/STM32F1xx_HAL_Driver/Src/stm32f1xx_hal_gpio.c.obj
 .ARM.attributes
                0x000000000000030e       0x2d CMakeFiles/windmill_mastercontrol_code.elf.dir/Drivers/STM32F1xx_HAL_Driver/Src/stm32f1xx_hal_rcc.c.obj
 .ARM.attributes
                0x000000000000033b       0x2d CMakeFiles/windmill_mastercontrol_code.elf.dir/Drivers/STM32F1xx_HAL_Driver/Src/stm32f1xx_hal_spi.c.obj
 .ARM.attributes
                0x0000000000000368       0x2d CMakeFiles/windmill_mastercontrol_code.elf.dir/Drivers/STM32F1xx_HAL_Driver/Src/stm32f1xx_hal_tim.c.obj
 .ARM.attributes
                0x0000000000000395       0x2d CMakeFiles/windmill_mastercontrol_code.elf.dir/Drivers/STM32F1xx_HAL_Driver/Src/stm32f1xx_hal_tim_ex.c.obj
 .ARM.attributes
                0x00000000000003c2       0x2d CMakeFiles/windmill_mastercontrol_code.elf.dir/Drivers/STM32F1xx_HAL_Driver/Src/stm32f1xx_hal_uart.c.obj
 .ARM.attributes
                0x00000000000003ef       0x2d CMakeFiles/windmill_mastercontrol_code.elf.dir/function/clock.c.obj
 .ARM.attributes
                0x000000000000041c       0x2d CMakeFiles/windmill_mastercontrol_code.elf.dir/function/communication.c.obj
 .ARM.attributes
                0x0000000000000449       0x2d CMakeFiles/windmill_mastercontrol_code.elf.dir/function/delay.c.obj
 .ARM.attributes
                0x0000000000000476       0x2d CMakeFiles/windmill_mastercontrol_code.elf.dir/function/fsm.c.obj
 .ARM.attributes
                0x00000000000004a3       0x2d CMakeFiles/windmill_mastercontrol_code.elf.dir/function/hit_reaction.c.obj
 .ARM.attributes
                0x00000000000004d0       0x2d CMakeFiles/windmill_mastercontrol_code.elf.dir/function/key.c.obj
 .ARM.attributes
                0x00000000000004fd       0x2d CMakeFiles/windmill_mastercontrol_code.elf.dir/motor_control/can_motor_control.c.obj
 .ARM.attributes
                0x000000000000052a       0x2d CMakeFiles/windmill_mastercontrol_code.elf.dir/motor_control/motor.c.obj
 .ARM.attributes
                0x0000000000000557       0x2d CMakeFiles/windmill_mastercontrol_code.elf.dir/motor_control/pid.c.obj
 .ARM.attributes
                0x0000000000000584       0x2d CMakeFiles/windmill_mastercontrol_code.elf.dir/oled/iic.c.obj
 .ARM.attributes
                0x00000000000005b1       0x2d CMakeFiles/windmill_mastercontrol_code.elf.dir/oled/oled.c.obj
 .ARM.attributes
                0x00000000000005de       0x2d /usr/lib/gcc/arm-none-eabi/9.2.1/../../../arm-none-eabi/lib/thumb/v7-m/nofp/libg.a(lib_a-atexit.o)
 .ARM.attributes
                0x000000000000060b       0x2d /usr/lib/gcc/arm-none-eabi/9.2.1/../../../arm-none-eabi/lib/thumb/v7-m/nofp/libg.a(lib_a-fini.o)
 .ARM.attributes
                0x0000000000000638       0x2d /usr/lib/gcc/arm-none-eabi/9.2.1/../../../arm-none-eabi/lib/thumb/v7-m/nofp/libg.a(lib_a-impure.o)
 .ARM.attributes
                0x0000000000000665       0x2d /usr/lib/gcc/arm-none-eabi/9.2.1/../../../arm-none-eabi/lib/thumb/v7-m/nofp/libg.a(lib_a-init.o)
 .ARM.attributes
                0x0000000000000692       0x2d /usr/lib/gcc/arm-none-eabi/9.2.1/../../../arm-none-eabi/lib/thumb/v7-m/nofp/libg.a(lib_a-memset.o)
 .ARM.attributes
                0x00000000000006bf       0x2d /usr/lib/gcc/arm-none-eabi/9.2.1/../../../arm-none-eabi/lib/thumb/v7-m/nofp/libg.a(lib_a-__atexit.o)
 .ARM.attributes
                0x00000000000006ec       0x2d /usr/lib/gcc/arm-none-eabi/9.2.1/../../../arm-none-eabi/lib/thumb/v7-m/nofp/libg.a(lib_a-__call_atexit.o)
 .ARM.attributes
                0x0000000000000719       0x2d /usr/lib/gcc/arm-none-eabi/9.2.1/thumb/v7-m/nofp/crtend.o
 .ARM.attributes
                0x0000000000000746       0x1d /usr/lib/gcc/arm-none-eabi/9.2.1/thumb/v7-m/nofp/crtn.o
OUTPUT(windmill_mastercontrol_code.elf elf32-littlearm)
LOAD linker stubs
LOAD /usr/lib/gcc/arm-none-eabi/9.2.1/../../../arm-none-eabi/lib/thumb/v7-m/nofp/libc.a
LOAD /usr/lib/gcc/arm-none-eabi/9.2.1/../../../arm-none-eabi/lib/thumb/v7-m/nofp/libm.a
LOAD /usr/lib/gcc/arm-none-eabi/9.2.1/thumb/v7-m/nofp/libgcc.a

.comment        0x0000000000000000       0xa7
 .comment       0x0000000000000000       0x59 /usr/lib/gcc/arm-none-eabi/9.2.1/thumb/v7-m/nofp/crtbegin.o
                                         0x5a (size before relaxing)
 .comment       0x0000000000000059       0x5a CMakeFiles/windmill_mastercontrol_code.elf.dir/Core/Src/can.c.obj
 .comment       0x0000000000000059       0x5a CMakeFiles/windmill_mastercontrol_code.elf.dir/Core/Src/dma.c.obj
 .comment       0x0000000000000059       0x5a CMakeFiles/windmill_mastercontrol_code.elf.dir/Core/Src/gpio.c.obj
 .comment       0x0000000000000059       0x5a CMakeFiles/windmill_mastercontrol_code.elf.dir/Core/Src/main.c.obj
 .comment       0x0000000000000059       0x5a CMakeFiles/windmill_mastercontrol_code.elf.dir/Core/Src/spi.c.obj
 .comment       0x0000000000000059       0x5a CMakeFiles/windmill_mastercontrol_code.elf.dir/Core/Src/stm32f1xx_hal_msp.c.obj
 .comment       0x0000000000000059       0x5a CMakeFiles/windmill_mastercontrol_code.elf.dir/Core/Src/stm32f1xx_it.c.obj
 .comment       0x0000000000000059       0x5a CMakeFiles/windmill_mastercontrol_code.elf.dir/Core/Src/system_stm32f1xx.c.obj
 .comment       0x0000000000000059       0x5a CMakeFiles/windmill_mastercontrol_code.elf.dir/Core/Src/tim.c.obj
 .comment       0x0000000000000059       0x5a CMakeFiles/windmill_mastercontrol_code.elf.dir/Core/Src/usart.c.obj
 .comment       0x0000000000000059       0x5a CMakeFiles/windmill_mastercontrol_code.elf.dir/Drivers/STM32F1xx_HAL_Driver/Src/stm32f1xx_hal.c.obj
 .comment       0x0000000000000059       0x5a CMakeFiles/windmill_mastercontrol_code.elf.dir/Drivers/STM32F1xx_HAL_Driver/Src/stm32f1xx_hal_can.c.obj
 .comment       0x0000000000000059       0x5a CMakeFiles/windmill_mastercontrol_code.elf.dir/Drivers/STM32F1xx_HAL_Driver/Src/stm32f1xx_hal_cortex.c.obj
 .comment       0x0000000000000059       0x5a CMakeFiles/windmill_mastercontrol_code.elf.dir/Drivers/STM32F1xx_HAL_Driver/Src/stm32f1xx_hal_dma.c.obj
 .comment       0x0000000000000059       0x5a CMakeFiles/windmill_mastercontrol_code.elf.dir/Drivers/STM32F1xx_HAL_Driver/Src/stm32f1xx_hal_gpio.c.obj
 .comment       0x0000000000000059       0x5a CMakeFiles/windmill_mastercontrol_code.elf.dir/Drivers/STM32F1xx_HAL_Driver/Src/stm32f1xx_hal_rcc.c.obj
 .comment       0x0000000000000059       0x5a CMakeFiles/windmill_mastercontrol_code.elf.dir/Drivers/STM32F1xx_HAL_Driver/Src/stm32f1xx_hal_spi.c.obj
 .comment       0x0000000000000059       0x5a CMakeFiles/windmill_mastercontrol_code.elf.dir/Drivers/STM32F1xx_HAL_Driver/Src/stm32f1xx_hal_tim.c.obj
 .comment       0x0000000000000059       0x5a CMakeFiles/windmill_mastercontrol_code.elf.dir/Drivers/STM32F1xx_HAL_Driver/Src/stm32f1xx_hal_tim_ex.c.obj
 .comment       0x0000000000000059       0x5a CMakeFiles/windmill_mastercontrol_code.elf.dir/Drivers/STM32F1xx_HAL_Driver/Src/stm32f1xx_hal_uart.c.obj
 .comment       0x0000000000000059       0x5a CMakeFiles/windmill_mastercontrol_code.elf.dir/function/clock.c.obj
 .comment       0x0000000000000059       0x5a CMakeFiles/windmill_mastercontrol_code.elf.dir/function/communication.c.obj
 .comment       0x0000000000000059       0x5a CMakeFiles/windmill_mastercontrol_code.elf.dir/function/delay.c.obj
 .comment       0x0000000000000059       0x5a CMakeFiles/windmill_mastercontrol_code.elf.dir/function/fsm.c.obj
 .comment       0x0000000000000059       0x5a CMakeFiles/windmill_mastercontrol_code.elf.dir/function/hit_reaction.c.obj
 .comment       0x0000000000000059       0x5a CMakeFiles/windmill_mastercontrol_code.elf.dir/function/key.c.obj
 .comment       0x0000000000000059       0x5a CMakeFiles/windmill_mastercontrol_code.elf.dir/motor_control/can_motor_control.c.obj
 .comment       0x0000000000000059       0x5a CMakeFiles/windmill_mastercontrol_code.elf.dir/motor_control/motor.c.obj
 .comment       0x0000000000000059       0x5a CMakeFiles/windmill_mastercontrol_code.elf.dir/motor_control/pid.c.obj
 .comment       0x0000000000000059       0x5a CMakeFiles/windmill_mastercontrol_code.elf.dir/oled/iic.c.obj
 .comment       0x0000000000000059       0x5a CMakeFiles/windmill_mastercontrol_code.elf.dir/oled/oled.c.obj
 .comment       0x0000000000000059       0x4e /usr/lib/gcc/arm-none-eabi/9.2.1/../../../arm-none-eabi/lib/thumb/v7-m/nofp/libg.a(lib_a-atexit.o)
                                         0x4f (size before relaxing)
 .comment       0x00000000000000a7       0x4f /usr/lib/gcc/arm-none-eabi/9.2.1/../../../arm-none-eabi/lib/thumb/v7-m/nofp/libg.a(lib_a-fini.o)
 .comment       0x00000000000000a7       0x4f /usr/lib/gcc/arm-none-eabi/9.2.1/../../../arm-none-eabi/lib/thumb/v7-m/nofp/libg.a(lib_a-impure.o)
 .comment       0x00000000000000a7       0x4f /usr/lib/gcc/arm-none-eabi/9.2.1/../../../arm-none-eabi/lib/thumb/v7-m/nofp/libg.a(lib_a-init.o)
 .comment       0x00000000000000a7       0x4f /usr/lib/gcc/arm-none-eabi/9.2.1/../../../arm-none-eabi/lib/thumb/v7-m/nofp/libg.a(lib_a-memset.o)
 .comment       0x00000000000000a7       0x4f /usr/lib/gcc/arm-none-eabi/9.2.1/../../../arm-none-eabi/lib/thumb/v7-m/nofp/libg.a(lib_a-__atexit.o)
 .comment       0x00000000000000a7       0x4f /usr/lib/gcc/arm-none-eabi/9.2.1/../../../arm-none-eabi/lib/thumb/v7-m/nofp/libg.a(lib_a-__call_atexit.o)
 .comment       0x00000000000000a7       0x5a /usr/lib/gcc/arm-none-eabi/9.2.1/thumb/v7-m/nofp/crtend.o

.debug_info     0x0000000000000000    0x1db60
 .debug_info    0x0000000000000000      0x9e6 CMakeFiles/windmill_mastercontrol_code.elf.dir/Core/Src/can.c.obj
 .debug_info    0x00000000000009e6      0x3bc CMakeFiles/windmill_mastercontrol_code.elf.dir/Core/Src/dma.c.obj
 .debug_info    0x0000000000000da2      0x455 CMakeFiles/windmill_mastercontrol_code.elf.dir/Core/Src/gpio.c.obj
 .debug_info    0x00000000000011f7     0x15ea CMakeFiles/windmill_mastercontrol_code.elf.dir/Core/Src/main.c.obj
 .debug_info    0x00000000000027e1      0x912 CMakeFiles/windmill_mastercontrol_code.elf.dir/Core/Src/spi.c.obj
 .debug_info    0x00000000000030f3      0x2d9 CMakeFiles/windmill_mastercontrol_code.elf.dir/Core/Src/stm32f1xx_hal_msp.c.obj
 .debug_info    0x00000000000033cc      0xe81 CMakeFiles/windmill_mastercontrol_code.elf.dir/Core/Src/stm32f1xx_it.c.obj
 .debug_info    0x000000000000424d      0x2a5 CMakeFiles/windmill_mastercontrol_code.elf.dir/Core/Src/system_stm32f1xx.c.obj
 .debug_info    0x00000000000044f2     0x1069 CMakeFiles/windmill_mastercontrol_code.elf.dir/Core/Src/tim.c.obj
 .debug_info    0x000000000000555b      0xa7f CMakeFiles/windmill_mastercontrol_code.elf.dir/Core/Src/usart.c.obj
 .debug_info    0x0000000000005fda       0x22 CMakeFiles/windmill_mastercontrol_code.elf.dir/Core/Startup/startup_stm32f103c8tx.s.obj
 .debug_info    0x0000000000005ffc      0x80d CMakeFiles/windmill_mastercontrol_code.elf.dir/Drivers/STM32F1xx_HAL_Driver/Src/stm32f1xx_hal.c.obj
 .debug_info    0x0000000000006809     0x130e CMakeFiles/windmill_mastercontrol_code.elf.dir/Drivers/STM32F1xx_HAL_Driver/Src/stm32f1xx_hal_can.c.obj
 .debug_info    0x0000000000007b17      0xe22 CMakeFiles/windmill_mastercontrol_code.elf.dir/Drivers/STM32F1xx_HAL_Driver/Src/stm32f1xx_hal_cortex.c.obj
 .debug_info    0x0000000000008939      0x90e CMakeFiles/windmill_mastercontrol_code.elf.dir/Drivers/STM32F1xx_HAL_Driver/Src/stm32f1xx_hal_dma.c.obj
 .debug_info    0x0000000000009247      0x72b CMakeFiles/windmill_mastercontrol_code.elf.dir/Drivers/STM32F1xx_HAL_Driver/Src/stm32f1xx_hal_gpio.c.obj
 .debug_info    0x0000000000009972      0xa7b CMakeFiles/windmill_mastercontrol_code.elf.dir/Drivers/STM32F1xx_HAL_Driver/Src/stm32f1xx_hal_rcc.c.obj
 .debug_info    0x000000000000a3ed     0x1e07 CMakeFiles/windmill_mastercontrol_code.elf.dir/Drivers/STM32F1xx_HAL_Driver/Src/stm32f1xx_hal_spi.c.obj
 .debug_info    0x000000000000c1f4     0x3bb0 CMakeFiles/windmill_mastercontrol_code.elf.dir/Drivers/STM32F1xx_HAL_Driver/Src/stm32f1xx_hal_tim.c.obj
 .debug_info    0x000000000000fda4     0x1aa3 CMakeFiles/windmill_mastercontrol_code.elf.dir/Drivers/STM32F1xx_HAL_Driver/Src/stm32f1xx_hal_tim_ex.c.obj
 .debug_info    0x0000000000011847     0x1d2f CMakeFiles/windmill_mastercontrol_code.elf.dir/Drivers/STM32F1xx_HAL_Driver/Src/stm32f1xx_hal_uart.c.obj
 .debug_info    0x0000000000013576      0x890 CMakeFiles/windmill_mastercontrol_code.elf.dir/function/clock.c.obj
 .debug_info    0x0000000000013e06      0x998 CMakeFiles/windmill_mastercontrol_code.elf.dir/function/communication.c.obj
 .debug_info    0x000000000001479e      0x244 CMakeFiles/windmill_mastercontrol_code.elf.dir/function/delay.c.obj
 .debug_info    0x00000000000149e2      0x745 CMakeFiles/windmill_mastercontrol_code.elf.dir/function/fsm.c.obj
 .debug_info    0x0000000000015127     0x151b CMakeFiles/windmill_mastercontrol_code.elf.dir/function/hit_reaction.c.obj
 .debug_info    0x0000000000016642      0x2fd CMakeFiles/windmill_mastercontrol_code.elf.dir/function/key.c.obj
 .debug_info    0x000000000001693f     0x1686 CMakeFiles/windmill_mastercontrol_code.elf.dir/motor_control/can_motor_control.c.obj
 .debug_info    0x0000000000017fc5      0xd05 CMakeFiles/windmill_mastercontrol_code.elf.dir/motor_control/motor.c.obj
 .debug_info    0x0000000000018cca      0x674 CMakeFiles/windmill_mastercontrol_code.elf.dir/motor_control/pid.c.obj
 .debug_info    0x000000000001933e      0x67a CMakeFiles/windmill_mastercontrol_code.elf.dir/oled/iic.c.obj
 .debug_info    0x00000000000199b8      0x981 CMakeFiles/windmill_mastercontrol_code.elf.dir/oled/oled.c.obj
 .debug_info    0x000000000001a339      0x995 /usr/lib/gcc/arm-none-eabi/9.2.1/../../../arm-none-eabi/lib/thumb/v7-m/nofp/libg.a(lib_a-atexit.o)
 .debug_info    0x000000000001acce      0x102 /usr/lib/gcc/arm-none-eabi/9.2.1/../../../arm-none-eabi/lib/thumb/v7-m/nofp/libg.a(lib_a-fini.o)
 .debug_info    0x000000000001add0      0x92a /usr/lib/gcc/arm-none-eabi/9.2.1/../../../arm-none-eabi/lib/thumb/v7-m/nofp/libg.a(lib_a-impure.o)
 .debug_info    0x000000000001b6fa      0x11a /usr/lib/gcc/arm-none-eabi/9.2.1/../../../arm-none-eabi/lib/thumb/v7-m/nofp/libg.a(lib_a-init.o)
 .debug_info    0x000000000001b814      0xf21 /usr/lib/gcc/arm-none-eabi/9.2.1/../../../arm-none-eabi/lib/thumb/v7-m/nofp/libg.a(lib_a-memset.o)
 .debug_info    0x000000000001c735      0x9d5 /usr/lib/gcc/arm-none-eabi/9.2.1/../../../arm-none-eabi/lib/thumb/v7-m/nofp/libg.a(lib_a-__atexit.o)
 .debug_info    0x000000000001d10a      0xa56 /usr/lib/gcc/arm-none-eabi/9.2.1/../../../arm-none-eabi/lib/thumb/v7-m/nofp/libg.a(lib_a-__call_atexit.o)

.debug_abbrev   0x0000000000000000     0x4d96
 .debug_abbrev  0x0000000000000000      0x221 CMakeFiles/windmill_mastercontrol_code.elf.dir/Core/Src/can.c.obj
 .debug_abbrev  0x0000000000000221      0x153 CMakeFiles/windmill_mastercontrol_code.elf.dir/Core/Src/dma.c.obj
 .debug_abbrev  0x0000000000000374      0x17b CMakeFiles/windmill_mastercontrol_code.elf.dir/Core/Src/gpio.c.obj
 .debug_abbrev  0x00000000000004ef      0x2c6 CMakeFiles/windmill_mastercontrol_code.elf.dir/Core/Src/main.c.obj
 .debug_abbrev  0x00000000000007b5      0x1ed CMakeFiles/windmill_mastercontrol_code.elf.dir/Core/Src/spi.c.obj
 .debug_abbrev  0x00000000000009a2      0x12e CMakeFiles/windmill_mastercontrol_code.elf.dir/Core/Src/stm32f1xx_hal_msp.c.obj
 .debug_abbrev  0x0000000000000ad0      0x1e6 CMakeFiles/windmill_mastercontrol_code.elf.dir/Core/Src/stm32f1xx_it.c.obj
 .debug_abbrev  0x0000000000000cb6      0x151 CMakeFiles/windmill_mastercontrol_code.elf.dir/Core/Src/system_stm32f1xx.c.obj
 .debug_abbrev  0x0000000000000e07      0x25d CMakeFiles/windmill_mastercontrol_code.elf.dir/Core/Src/tim.c.obj
 .debug_abbrev  0x0000000000001064      0x1f6 CMakeFiles/windmill_mastercontrol_code.elf.dir/Core/Src/usart.c.obj
 .debug_abbrev  0x000000000000125a       0x12 CMakeFiles/windmill_mastercontrol_code.elf.dir/Core/Startup/startup_stm32f103c8tx.s.obj
 .debug_abbrev  0x000000000000126c      0x219 CMakeFiles/windmill_mastercontrol_code.elf.dir/Drivers/STM32F1xx_HAL_Driver/Src/stm32f1xx_hal.c.obj
 .debug_abbrev  0x0000000000001485      0x283 CMakeFiles/windmill_mastercontrol_code.elf.dir/Drivers/STM32F1xx_HAL_Driver/Src/stm32f1xx_hal_can.c.obj
 .debug_abbrev  0x0000000000001708      0x367 CMakeFiles/windmill_mastercontrol_code.elf.dir/Drivers/STM32F1xx_HAL_Driver/Src/stm32f1xx_hal_cortex.c.obj
 .debug_abbrev  0x0000000000001a6f      0x262 CMakeFiles/windmill_mastercontrol_code.elf.dir/Drivers/STM32F1xx_HAL_Driver/Src/stm32f1xx_hal_dma.c.obj
 .debug_abbrev  0x0000000000001cd1      0x213 CMakeFiles/windmill_mastercontrol_code.elf.dir/Drivers/STM32F1xx_HAL_Driver/Src/stm32f1xx_hal_gpio.c.obj
 .debug_abbrev  0x0000000000001ee4      0x28d CMakeFiles/windmill_mastercontrol_code.elf.dir/Drivers/STM32F1xx_HAL_Driver/Src/stm32f1xx_hal_rcc.c.obj
 .debug_abbrev  0x0000000000002171      0x267 CMakeFiles/windmill_mastercontrol_code.elf.dir/Drivers/STM32F1xx_HAL_Driver/Src/stm32f1xx_hal_spi.c.obj
 .debug_abbrev  0x00000000000023d8      0x26b CMakeFiles/windmill_mastercontrol_code.elf.dir/Drivers/STM32F1xx_HAL_Driver/Src/stm32f1xx_hal_tim.c.obj
 .debug_abbrev  0x0000000000002643      0x26e CMakeFiles/windmill_mastercontrol_code.elf.dir/Drivers/STM32F1xx_HAL_Driver/Src/stm32f1xx_hal_tim_ex.c.obj
 .debug_abbrev  0x00000000000028b1      0x293 CMakeFiles/windmill_mastercontrol_code.elf.dir/Drivers/STM32F1xx_HAL_Driver/Src/stm32f1xx_hal_uart.c.obj
 .debug_abbrev  0x0000000000002b44      0x1cb CMakeFiles/windmill_mastercontrol_code.elf.dir/function/clock.c.obj
 .debug_abbrev  0x0000000000002d0f      0x1fb CMakeFiles/windmill_mastercontrol_code.elf.dir/function/communication.c.obj
 .debug_abbrev  0x0000000000002f0a      0x12c CMakeFiles/windmill_mastercontrol_code.elf.dir/function/delay.c.obj
 .debug_abbrev  0x0000000000003036      0x1cc CMakeFiles/windmill_mastercontrol_code.elf.dir/function/fsm.c.obj
 .debug_abbrev  0x0000000000003202      0x2f2 CMakeFiles/windmill_mastercontrol_code.elf.dir/function/hit_reaction.c.obj
 .debug_abbrev  0x00000000000034f4      0x155 CMakeFiles/windmill_mastercontrol_code.elf.dir/function/key.c.obj
 .debug_abbrev  0x0000000000003649      0x350 CMakeFiles/windmill_mastercontrol_code.elf.dir/motor_control/can_motor_control.c.obj
 .debug_abbrev  0x0000000000003999      0x256 CMakeFiles/windmill_mastercontrol_code.elf.dir/motor_control/motor.c.obj
 .debug_abbrev  0x0000000000003bef      0x1ce CMakeFiles/windmill_mastercontrol_code.elf.dir/motor_control/pid.c.obj
 .debug_abbrev  0x0000000000003dbd      0x193 CMakeFiles/windmill_mastercontrol_code.elf.dir/oled/iic.c.obj
 .debug_abbrev  0x0000000000003f50      0x1a6 CMakeFiles/windmill_mastercontrol_code.elf.dir/oled/oled.c.obj
 .debug_abbrev  0x00000000000040f6      0x232 /usr/lib/gcc/arm-none-eabi/9.2.1/../../../arm-none-eabi/lib/thumb/v7-m/nofp/libg.a(lib_a-atexit.o)
 .debug_abbrev  0x0000000000004328       0xcf /usr/lib/gcc/arm-none-eabi/9.2.1/../../../arm-none-eabi/lib/thumb/v7-m/nofp/libg.a(lib_a-fini.o)
 .debug_abbrev  0x00000000000043f7      0x1b8 /usr/lib/gcc/arm-none-eabi/9.2.1/../../../arm-none-eabi/lib/thumb/v7-m/nofp/libg.a(lib_a-impure.o)
 .debug_abbrev  0x00000000000045af       0xcc /usr/lib/gcc/arm-none-eabi/9.2.1/../../../arm-none-eabi/lib/thumb/v7-m/nofp/libg.a(lib_a-init.o)
 .debug_abbrev  0x000000000000467b      0x217 /usr/lib/gcc/arm-none-eabi/9.2.1/../../../arm-none-eabi/lib/thumb/v7-m/nofp/libg.a(lib_a-memset.o)
 .debug_abbrev  0x0000000000004892      0x252 /usr/lib/gcc/arm-none-eabi/9.2.1/../../../arm-none-eabi/lib/thumb/v7-m/nofp/libg.a(lib_a-__atexit.o)
 .debug_abbrev  0x0000000000004ae4      0x2b2 /usr/lib/gcc/arm-none-eabi/9.2.1/../../../arm-none-eabi/lib/thumb/v7-m/nofp/libg.a(lib_a-__call_atexit.o)

.debug_loc      0x0000000000000000     0xdd01
 .debug_loc     0x0000000000000000       0x84 CMakeFiles/windmill_mastercontrol_code.elf.dir/Core/Src/can.c.obj
 .debug_loc     0x0000000000000084       0x97 CMakeFiles/windmill_mastercontrol_code.elf.dir/Core/Src/main.c.obj
 .debug_loc     0x000000000000011b       0x84 CMakeFiles/windmill_mastercontrol_code.elf.dir/Core/Src/spi.c.obj
 .debug_loc     0x000000000000019f       0x15 CMakeFiles/windmill_mastercontrol_code.elf.dir/Core/Src/stm32f1xx_hal_msp.c.obj
 .debug_loc     0x00000000000001b4       0xff CMakeFiles/windmill_mastercontrol_code.elf.dir/Core/Src/system_stm32f1xx.c.obj
 .debug_loc     0x00000000000002b3      0x144 CMakeFiles/windmill_mastercontrol_code.elf.dir/Core/Src/tim.c.obj
 .debug_loc     0x00000000000003f7       0x84 CMakeFiles/windmill_mastercontrol_code.elf.dir/Core/Src/usart.c.obj
 .debug_loc     0x000000000000047b      0x141 CMakeFiles/windmill_mastercontrol_code.elf.dir/Drivers/STM32F1xx_HAL_Driver/Src/stm32f1xx_hal.c.obj
 .debug_loc     0x00000000000005bc      0xda6 CMakeFiles/windmill_mastercontrol_code.elf.dir/Drivers/STM32F1xx_HAL_Driver/Src/stm32f1xx_hal_can.c.obj
 .debug_loc     0x0000000000001362      0x71f CMakeFiles/windmill_mastercontrol_code.elf.dir/Drivers/STM32F1xx_HAL_Driver/Src/stm32f1xx_hal_cortex.c.obj
 .debug_loc     0x0000000000001a81      0x7d1 CMakeFiles/windmill_mastercontrol_code.elf.dir/Drivers/STM32F1xx_HAL_Driver/Src/stm32f1xx_hal_dma.c.obj
 .debug_loc     0x0000000000002252      0x468 CMakeFiles/windmill_mastercontrol_code.elf.dir/Drivers/STM32F1xx_HAL_Driver/Src/stm32f1xx_hal_gpio.c.obj
 .debug_loc     0x00000000000026ba      0x5da CMakeFiles/windmill_mastercontrol_code.elf.dir/Drivers/STM32F1xx_HAL_Driver/Src/stm32f1xx_hal_rcc.c.obj
 .debug_loc     0x0000000000002c94     0x1d3e CMakeFiles/windmill_mastercontrol_code.elf.dir/Drivers/STM32F1xx_HAL_Driver/Src/stm32f1xx_hal_spi.c.obj
 .debug_loc     0x00000000000049d2     0x46d6 CMakeFiles/windmill_mastercontrol_code.elf.dir/Drivers/STM32F1xx_HAL_Driver/Src/stm32f1xx_hal_tim.c.obj
 .debug_loc     0x00000000000090a8     0x1a8b CMakeFiles/windmill_mastercontrol_code.elf.dir/Drivers/STM32F1xx_HAL_Driver/Src/stm32f1xx_hal_tim_ex.c.obj
 .debug_loc     0x000000000000ab33     0x2037 CMakeFiles/windmill_mastercontrol_code.elf.dir/Drivers/STM32F1xx_HAL_Driver/Src/stm32f1xx_hal_uart.c.obj
 .debug_loc     0x000000000000cb6a       0x25 CMakeFiles/windmill_mastercontrol_code.elf.dir/function/clock.c.obj
 .debug_loc     0x000000000000cb8f       0xa7 CMakeFiles/windmill_mastercontrol_code.elf.dir/function/communication.c.obj
 .debug_loc     0x000000000000cc36       0xea CMakeFiles/windmill_mastercontrol_code.elf.dir/function/delay.c.obj
 .debug_loc     0x000000000000cd20       0x99 CMakeFiles/windmill_mastercontrol_code.elf.dir/function/fsm.c.obj
 .debug_loc     0x000000000000cdb9       0xfa CMakeFiles/windmill_mastercontrol_code.elf.dir/function/hit_reaction.c.obj
 .debug_loc     0x000000000000ceb3       0x4d CMakeFiles/windmill_mastercontrol_code.elf.dir/function/key.c.obj
 .debug_loc     0x000000000000cf00       0xa2 CMakeFiles/windmill_mastercontrol_code.elf.dir/motor_control/can_motor_control.c.obj
 .debug_loc     0x000000000000cfa2       0x47 CMakeFiles/windmill_mastercontrol_code.elf.dir/motor_control/motor.c.obj
 .debug_loc     0x000000000000cfe9      0x1ea CMakeFiles/windmill_mastercontrol_code.elf.dir/motor_control/pid.c.obj
 .debug_loc     0x000000000000d1d3       0xd4 CMakeFiles/windmill_mastercontrol_code.elf.dir/oled/iic.c.obj
 .debug_loc     0x000000000000d2a7      0x453 CMakeFiles/windmill_mastercontrol_code.elf.dir/oled/oled.c.obj
 .debug_loc     0x000000000000d6fa       0x32 /usr/lib/gcc/arm-none-eabi/9.2.1/../../../arm-none-eabi/lib/thumb/v7-m/nofp/libg.a(lib_a-atexit.o)
 .debug_loc     0x000000000000d72c       0x68 /usr/lib/gcc/arm-none-eabi/9.2.1/../../../arm-none-eabi/lib/thumb/v7-m/nofp/libg.a(lib_a-fini.o)
 .debug_loc     0x000000000000d794       0xba /usr/lib/gcc/arm-none-eabi/9.2.1/../../../arm-none-eabi/lib/thumb/v7-m/nofp/libg.a(lib_a-init.o)
 .debug_loc     0x000000000000d84e      0x231 /usr/lib/gcc/arm-none-eabi/9.2.1/../../../arm-none-eabi/lib/thumb/v7-m/nofp/libg.a(lib_a-memset.o)
 .debug_loc     0x000000000000da7f      0x138 /usr/lib/gcc/arm-none-eabi/9.2.1/../../../arm-none-eabi/lib/thumb/v7-m/nofp/libg.a(lib_a-__atexit.o)
 .debug_loc     0x000000000000dbb7      0x14a /usr/lib/gcc/arm-none-eabi/9.2.1/../../../arm-none-eabi/lib/thumb/v7-m/nofp/libg.a(lib_a-__call_atexit.o)

.debug_aranges  0x0000000000000000     0x12e0
 .debug_aranges
                0x0000000000000000       0x30 CMakeFiles/windmill_mastercontrol_code.elf.dir/Core/Src/can.c.obj
 .debug_aranges
                0x0000000000000030       0x20 CMakeFiles/windmill_mastercontrol_code.elf.dir/Core/Src/dma.c.obj
 .debug_aranges
                0x0000000000000050       0x20 CMakeFiles/windmill_mastercontrol_code.elf.dir/Core/Src/gpio.c.obj
 .debug_aranges
                0x0000000000000070       0x30 CMakeFiles/windmill_mastercontrol_code.elf.dir/Core/Src/main.c.obj
 .debug_aranges
                0x00000000000000a0       0x30 CMakeFiles/windmill_mastercontrol_code.elf.dir/Core/Src/spi.c.obj
 .debug_aranges
                0x00000000000000d0       0x20 CMakeFiles/windmill_mastercontrol_code.elf.dir/Core/Src/stm32f1xx_hal_msp.c.obj
 .debug_aranges
                0x00000000000000f0       0x80 CMakeFiles/windmill_mastercontrol_code.elf.dir/Core/Src/stm32f1xx_it.c.obj
 .debug_aranges
                0x0000000000000170       0x28 CMakeFiles/windmill_mastercontrol_code.elf.dir/Core/Src/system_stm32f1xx.c.obj
 .debug_aranges
                0x0000000000000198       0x58 CMakeFiles/windmill_mastercontrol_code.elf.dir/Core/Src/tim.c.obj
 .debug_aranges
                0x00000000000001f0       0x30 CMakeFiles/windmill_mastercontrol_code.elf.dir/Core/Src/usart.c.obj
 .debug_aranges
                0x0000000000000220       0x28 CMakeFiles/windmill_mastercontrol_code.elf.dir/Core/Startup/startup_stm32f103c8tx.s.obj
 .debug_aranges
                0x0000000000000248       0xe0 CMakeFiles/windmill_mastercontrol_code.elf.dir/Drivers/STM32F1xx_HAL_Driver/Src/stm32f1xx_hal.c.obj
 .debug_aranges
                0x0000000000000328      0x138 CMakeFiles/windmill_mastercontrol_code.elf.dir/Drivers/STM32F1xx_HAL_Driver/Src/stm32f1xx_hal_can.c.obj
 .debug_aranges
                0x0000000000000460       0x90 CMakeFiles/windmill_mastercontrol_code.elf.dir/Drivers/STM32F1xx_HAL_Driver/Src/stm32f1xx_hal_cortex.c.obj
 .debug_aranges
                0x00000000000004f0       0x80 CMakeFiles/windmill_mastercontrol_code.elf.dir/Drivers/STM32F1xx_HAL_Driver/Src/stm32f1xx_hal_dma.c.obj
 .debug_aranges
                0x0000000000000570       0x58 CMakeFiles/windmill_mastercontrol_code.elf.dir/Drivers/STM32F1xx_HAL_Driver/Src/stm32f1xx_hal_gpio.c.obj
 .debug_aranges
                0x00000000000005c8       0x90 CMakeFiles/windmill_mastercontrol_code.elf.dir/Drivers/STM32F1xx_HAL_Driver/Src/stm32f1xx_hal_rcc.c.obj
 .debug_aranges
                0x0000000000000658      0x1d0 CMakeFiles/windmill_mastercontrol_code.elf.dir/Drivers/STM32F1xx_HAL_Driver/Src/stm32f1xx_hal_spi.c.obj
 .debug_aranges
                0x0000000000000828      0x3d0 CMakeFiles/windmill_mastercontrol_code.elf.dir/Drivers/STM32F1xx_HAL_Driver/Src/stm32f1xx_hal_tim.c.obj
 .debug_aranges
                0x0000000000000bf8      0x168 CMakeFiles/windmill_mastercontrol_code.elf.dir/Drivers/STM32F1xx_HAL_Driver/Src/stm32f1xx_hal_tim_ex.c.obj
 .debug_aranges
                0x0000000000000d60      0x200 CMakeFiles/windmill_mastercontrol_code.elf.dir/Drivers/STM32F1xx_HAL_Driver/Src/stm32f1xx_hal_uart.c.obj
 .debug_aranges
                0x0000000000000f60       0x68 CMakeFiles/windmill_mastercontrol_code.elf.dir/function/clock.c.obj
 .debug_aranges
                0x0000000000000fc8       0x38 CMakeFiles/windmill_mastercontrol_code.elf.dir/function/communication.c.obj
 .debug_aranges
                0x0000000000001000       0x20 CMakeFiles/windmill_mastercontrol_code.elf.dir/function/delay.c.obj
 .debug_aranges
                0x0000000000001020       0x20 CMakeFiles/windmill_mastercontrol_code.elf.dir/function/fsm.c.obj
 .debug_aranges
                0x0000000000001040       0x50 CMakeFiles/windmill_mastercontrol_code.elf.dir/function/hit_reaction.c.obj
 .debug_aranges
                0x0000000000001090       0x20 CMakeFiles/windmill_mastercontrol_code.elf.dir/function/key.c.obj
 .debug_aranges
                0x00000000000010b0       0x48 CMakeFiles/windmill_mastercontrol_code.elf.dir/motor_control/can_motor_control.c.obj
 .debug_aranges
                0x00000000000010f8       0x28 CMakeFiles/windmill_mastercontrol_code.elf.dir/motor_control/motor.c.obj
 .debug_aranges
                0x0000000000001120       0x40 CMakeFiles/windmill_mastercontrol_code.elf.dir/motor_control/pid.c.obj
 .debug_aranges
                0x0000000000001160       0x40 CMakeFiles/windmill_mastercontrol_code.elf.dir/oled/iic.c.obj
 .debug_aranges
                0x00000000000011a0       0x60 CMakeFiles/windmill_mastercontrol_code.elf.dir/oled/oled.c.obj
 .debug_aranges
                0x0000000000001200       0x20 /usr/lib/gcc/arm-none-eabi/9.2.1/../../../arm-none-eabi/lib/thumb/v7-m/nofp/libg.a(lib_a-atexit.o)
 .debug_aranges
                0x0000000000001220       0x20 /usr/lib/gcc/arm-none-eabi/9.2.1/../../../arm-none-eabi/lib/thumb/v7-m/nofp/libg.a(lib_a-fini.o)
 .debug_aranges
                0x0000000000001240       0x18 /usr/lib/gcc/arm-none-eabi/9.2.1/../../../arm-none-eabi/lib/thumb/v7-m/nofp/libg.a(lib_a-impure.o)
 .debug_aranges
                0x0000000000001258       0x20 /usr/lib/gcc/arm-none-eabi/9.2.1/../../../arm-none-eabi/lib/thumb/v7-m/nofp/libg.a(lib_a-init.o)
 .debug_aranges
                0x0000000000001278       0x20 /usr/lib/gcc/arm-none-eabi/9.2.1/../../../arm-none-eabi/lib/thumb/v7-m/nofp/libg.a(lib_a-memset.o)
 .debug_aranges
                0x0000000000001298       0x20 /usr/lib/gcc/arm-none-eabi/9.2.1/../../../arm-none-eabi/lib/thumb/v7-m/nofp/libg.a(lib_a-__atexit.o)
 .debug_aranges
                0x00000000000012b8       0x28 /usr/lib/gcc/arm-none-eabi/9.2.1/../../../arm-none-eabi/lib/thumb/v7-m/nofp/libg.a(lib_a-__call_atexit.o)

.debug_ranges   0x0000000000000000     0x10f0
 .debug_ranges  0x0000000000000000       0x20 CMakeFiles/windmill_mastercontrol_code.elf.dir/Core/Src/can.c.obj
 .debug_ranges  0x0000000000000020       0x10 CMakeFiles/windmill_mastercontrol_code.elf.dir/Core/Src/dma.c.obj
 .debug_ranges  0x0000000000000030       0x10 CMakeFiles/windmill_mastercontrol_code.elf.dir/Core/Src/gpio.c.obj
 .debug_ranges  0x0000000000000040       0x38 CMakeFiles/windmill_mastercontrol_code.elf.dir/Core/Src/main.c.obj
 .debug_ranges  0x0000000000000078       0x20 CMakeFiles/windmill_mastercontrol_code.elf.dir/Core/Src/spi.c.obj
 .debug_ranges  0x0000000000000098       0x10 CMakeFiles/windmill_mastercontrol_code.elf.dir/Core/Src/stm32f1xx_hal_msp.c.obj
 .debug_ranges  0x00000000000000a8       0x70 CMakeFiles/windmill_mastercontrol_code.elf.dir/Core/Src/stm32f1xx_it.c.obj
 .debug_ranges  0x0000000000000118       0x18 CMakeFiles/windmill_mastercontrol_code.elf.dir/Core/Src/system_stm32f1xx.c.obj
 .debug_ranges  0x0000000000000130       0x48 CMakeFiles/windmill_mastercontrol_code.elf.dir/Core/Src/tim.c.obj
 .debug_ranges  0x0000000000000178       0x20 CMakeFiles/windmill_mastercontrol_code.elf.dir/Core/Src/usart.c.obj
 .debug_ranges  0x0000000000000198       0x20 CMakeFiles/windmill_mastercontrol_code.elf.dir/Core/Startup/startup_stm32f103c8tx.s.obj
 .debug_ranges  0x00000000000001b8       0xd0 CMakeFiles/windmill_mastercontrol_code.elf.dir/Drivers/STM32F1xx_HAL_Driver/Src/stm32f1xx_hal.c.obj
 .debug_ranges  0x0000000000000288      0x128 CMakeFiles/windmill_mastercontrol_code.elf.dir/Drivers/STM32F1xx_HAL_Driver/Src/stm32f1xx_hal_can.c.obj
 .debug_ranges  0x00000000000003b0       0xe0 CMakeFiles/windmill_mastercontrol_code.elf.dir/Drivers/STM32F1xx_HAL_Driver/Src/stm32f1xx_hal_cortex.c.obj
 .debug_ranges  0x0000000000000490       0x70 CMakeFiles/windmill_mastercontrol_code.elf.dir/Drivers/STM32F1xx_HAL_Driver/Src/stm32f1xx_hal_dma.c.obj
 .debug_ranges  0x0000000000000500       0x48 CMakeFiles/windmill_mastercontrol_code.elf.dir/Drivers/STM32F1xx_HAL_Driver/Src/stm32f1xx_hal_gpio.c.obj
 .debug_ranges  0x0000000000000548       0xa0 CMakeFiles/windmill_mastercontrol_code.elf.dir/Drivers/STM32F1xx_HAL_Driver/Src/stm32f1xx_hal_rcc.c.obj
 .debug_ranges  0x00000000000005e8      0x1c0 CMakeFiles/windmill_mastercontrol_code.elf.dir/Drivers/STM32F1xx_HAL_Driver/Src/stm32f1xx_hal_spi.c.obj
 .debug_ranges  0x00000000000007a8      0x3c0 CMakeFiles/windmill_mastercontrol_code.elf.dir/Drivers/STM32F1xx_HAL_Driver/Src/stm32f1xx_hal_tim.c.obj
 .debug_ranges  0x0000000000000b68      0x158 CMakeFiles/windmill_mastercontrol_code.elf.dir/Drivers/STM32F1xx_HAL_Driver/Src/stm32f1xx_hal_tim_ex.c.obj
 .debug_ranges  0x0000000000000cc0      0x1f0 CMakeFiles/windmill_mastercontrol_code.elf.dir/Drivers/STM32F1xx_HAL_Driver/Src/stm32f1xx_hal_uart.c.obj
 .debug_ranges  0x0000000000000eb0       0x58 CMakeFiles/windmill_mastercontrol_code.elf.dir/function/clock.c.obj
 .debug_ranges  0x0000000000000f08       0x28 CMakeFiles/windmill_mastercontrol_code.elf.dir/function/communication.c.obj
 .debug_ranges  0x0000000000000f30       0x10 CMakeFiles/windmill_mastercontrol_code.elf.dir/function/delay.c.obj
 .debug_ranges  0x0000000000000f40       0x10 CMakeFiles/windmill_mastercontrol_code.elf.dir/function/fsm.c.obj
 .debug_ranges  0x0000000000000f50       0x40 CMakeFiles/windmill_mastercontrol_code.elf.dir/function/hit_reaction.c.obj
 .debug_ranges  0x0000000000000f90       0x10 CMakeFiles/windmill_mastercontrol_code.elf.dir/function/key.c.obj
 .debug_ranges  0x0000000000000fa0       0x50 CMakeFiles/windmill_mastercontrol_code.elf.dir/motor_control/can_motor_control.c.obj
 .debug_ranges  0x0000000000000ff0       0x18 CMakeFiles/windmill_mastercontrol_code.elf.dir/motor_control/motor.c.obj
 .debug_ranges  0x0000000000001008       0x30 CMakeFiles/windmill_mastercontrol_code.elf.dir/motor_control/pid.c.obj
 .debug_ranges  0x0000000000001038       0x30 CMakeFiles/windmill_mastercontrol_code.elf.dir/oled/iic.c.obj
 .debug_ranges  0x0000000000001068       0x50 CMakeFiles/windmill_mastercontrol_code.elf.dir/oled/oled.c.obj
 .debug_ranges  0x00000000000010b8       0x38 /usr/lib/gcc/arm-none-eabi/9.2.1/../../../arm-none-eabi/lib/thumb/v7-m/nofp/libg.a(lib_a-__call_atexit.o)

.debug_line     0x0000000000000000    0x15338
 .debug_line    0x0000000000000000      0x47f CMakeFiles/windmill_mastercontrol_code.elf.dir/Core/Src/can.c.obj
 .debug_line    0x000000000000047f      0x2a2 CMakeFiles/windmill_mastercontrol_code.elf.dir/Core/Src/dma.c.obj
 .debug_line    0x0000000000000721      0x35b CMakeFiles/windmill_mastercontrol_code.elf.dir/Core/Src/gpio.c.obj
 .debug_line    0x0000000000000a7c      0x759 CMakeFiles/windmill_mastercontrol_code.elf.dir/Core/Src/main.c.obj
 .debug_line    0x00000000000011d5      0x468 CMakeFiles/windmill_mastercontrol_code.elf.dir/Core/Src/spi.c.obj
 .debug_line    0x000000000000163d      0x2a0 CMakeFiles/windmill_mastercontrol_code.elf.dir/Core/Src/stm32f1xx_hal_msp.c.obj
 .debug_line    0x00000000000018dd      0x464 CMakeFiles/windmill_mastercontrol_code.elf.dir/Core/Src/stm32f1xx_it.c.obj
 .debug_line    0x0000000000001d41      0x354 CMakeFiles/windmill_mastercontrol_code.elf.dir/Core/Src/system_stm32f1xx.c.obj
 .debug_line    0x0000000000002095      0x75e CMakeFiles/windmill_mastercontrol_code.elf.dir/Core/Src/tim.c.obj
 .debug_line    0x00000000000027f3      0x46c CMakeFiles/windmill_mastercontrol_code.elf.dir/Core/Src/usart.c.obj
 .debug_line    0x0000000000002c5f       0xdb CMakeFiles/windmill_mastercontrol_code.elf.dir/Core/Startup/startup_stm32f103c8tx.s.obj
 .debug_line    0x0000000000002d3a      0x5e4 CMakeFiles/windmill_mastercontrol_code.elf.dir/Drivers/STM32F1xx_HAL_Driver/Src/stm32f1xx_hal.c.obj
 .debug_line    0x000000000000331e     0x11e6 CMakeFiles/windmill_mastercontrol_code.elf.dir/Drivers/STM32F1xx_HAL_Driver/Src/stm32f1xx_hal_can.c.obj
 .debug_line    0x0000000000004504      0x73a CMakeFiles/windmill_mastercontrol_code.elf.dir/Drivers/STM32F1xx_HAL_Driver/Src/stm32f1xx_hal_cortex.c.obj
 .debug_line    0x0000000000004c3e      0xb59 CMakeFiles/windmill_mastercontrol_code.elf.dir/Drivers/STM32F1xx_HAL_Driver/Src/stm32f1xx_hal_dma.c.obj
 .debug_line    0x0000000000005797      0x6e6 CMakeFiles/windmill_mastercontrol_code.elf.dir/Drivers/STM32F1xx_HAL_Driver/Src/stm32f1xx_hal_gpio.c.obj